Component: ARM Compiler 6.16 Tool: armlink [5dfeaa00]

==============================================================================

Section Cross References

    startup_mkl34z4.o(RESET) refers to startup_mkl34z4.o(.text) for Reset_Handler
    startup_mkl34z4.o(RESET) refers to systick.o(.text.SysTick_Handler) for SysTick_Handler
    startup_mkl34z4.o(.text) refers to startup_mkl34z4.o(FlashConfig) for FlashConfig
    startup_mkl34z4.o(.text) refers to startup_mkl34z4.o(RESET) for __Vectors
    startup_mkl34z4.o(.text) refers to main.o(.text.SystemInit) for SystemInit
    startup_mkl34z4.o(.text) refers to __main.o(!!!main) for __main
    debug.o(.text.Debug_EnableCYCCNT) refers to system_control.o(.text.SCB_EnableDWT) for SCB_EnableDWT
    debug.o(.text.Debug_EnableCYCCNT) refers to debug.o(.bss.g_ahb_clock_mhz) for [Anonymous Symbol]
    debug.o(.text.Debug_EnableCYCCNT) refers to debug.o(.bss.g_fudge) for [Anonymous Symbol]
    debug.o(.ARM.exidx.text.Debug_EnableCYCCNT) refers to debug.o(.text.Debug_EnableCYCCNT) for [Anonymous Symbol]
    debug.o(.ARM.exidx.text.Debug_Delay_cycles) refers to debug.o(.text.Debug_Delay_cycles) for [Anonymous Symbol]
    debug.o(.text.delay_us) refers to debug.o(.bss.g_ahb_clock_mhz) for [Anonymous Symbol]
    debug.o(.text.delay_us) refers to debug.o(.bss.g_fudge) for [Anonymous Symbol]
    debug.o(.ARM.exidx.text.delay_us) refers to debug.o(.text.delay_us) for [Anonymous Symbol]
    debug.o(.text.delay) refers to debug.o(.text.delay_us) for delay_us
    debug.o(.ARM.exidx.text.delay) refers to debug.o(.text.delay) for [Anonymous Symbol]
    gpio.o(.text.GPIO_GetInstance) refers to gpio.o(.data.GPIO_PORT_list) for [Anonymous Symbol]
    gpio.o(.ARM.exidx.text.GPIO_GetInstance) refers to gpio.o(.text.GPIO_GetInstance) for [Anonymous Symbol]
    gpio.o(.ARM.exidx.text.GPIO_IsInterrupt) refers to gpio.o(.text.GPIO_IsInterrupt) for [Anonymous Symbol]
    gpio.o(.ARM.exidx.text.GPIO_ClearInterrupt) refers to gpio.o(.text.GPIO_ClearInterrupt) for [Anonymous Symbol]
    gpio.o(.ARM.exidx.text.GPIO_EnablePin) refers to gpio.o(.text.GPIO_EnablePin) for [Anonymous Symbol]
    gpio.o(.ARM.exidx.text.GPIO_SetSlewRateFast) refers to gpio.o(.text.GPIO_SetSlewRateFast) for [Anonymous Symbol]
    gpio.o(.ARM.exidx.text.GPIO_SetSlewRateSlow) refers to gpio.o(.text.GPIO_SetSlewRateSlow) for [Anonymous Symbol]
    gpio.o(.ARM.exidx.text.GPIO_SetDirectionOut) refers to gpio.o(.text.GPIO_SetDirectionOut) for [Anonymous Symbol]
    gpio.o(.ARM.exidx.text.GPIO_SetDirectionIn) refers to gpio.o(.text.GPIO_SetDirectionIn) for [Anonymous Symbol]
    gpio.o(.ARM.exidx.text.GPIO_SetPin) refers to gpio.o(.text.GPIO_SetPin) for [Anonymous Symbol]
    gpio.o(.ARM.exidx.text.GPIO_ResetPin) refers to gpio.o(.text.GPIO_ResetPin) for [Anonymous Symbol]
    gpio.o(.ARM.exidx.text.GPIO_TogglePin) refers to gpio.o(.text.GPIO_TogglePin) for [Anonymous Symbol]
    gpio.o(.ARM.exidx.text.GPIO_IsSet) refers to gpio.o(.text.GPIO_IsSet) for [Anonymous Symbol]
    gpio.o(.ARM.exidx.text.GPIO_SetOutput) refers to gpio.o(.text.GPIO_SetOutput) for [Anonymous Symbol]
    gpio.o(.ARM.exidx.text.GPIO_GetInput) refers to gpio.o(.text.GPIO_GetInput) for [Anonymous Symbol]
    gpio.o(.ARM.exidx.text.GPIO_PullDown) refers to gpio.o(.text.GPIO_PullDown) for [Anonymous Symbol]
    gpio.o(.ARM.exidx.text.GPIO_PullUp) refers to gpio.o(.text.GPIO_PullUp) for [Anonymous Symbol]
    main.o(.ARM.exidx.text.SystemInit) refers to main.o(.text.SystemInit) for [Anonymous Symbol]
    main.o(.text.main) refers to gpio.o(.text.GPIO_GetInstance) for GPIO_GetInstance
    main.o(.text.main) refers to sim.o(.text.SIM_Select_UART0SRC_MCGIRCLK) for SIM_Select_UART0SRC_MCGIRCLK
    main.o(.text.main) refers to sim.o(.text.SIM_Enable_PORTA) for SIM_Enable_PORTA
    main.o(.text.main) refers to gpio.o(.text.GPIO_EnablePin) for GPIO_EnablePin
    main.o(.text.main) refers to gpio.o(.text.GPIO_SetSlewRateFast) for GPIO_SetSlewRateFast
    main.o(.text.main) refers to gpio.o(.text.GPIO_SetDirectionOut) for GPIO_SetDirectionOut
    main.o(.text.main) refers to gpio.o(.text.GPIO_SetDirectionIn) for GPIO_SetDirectionIn
    main.o(.text.main) refers to gpio.o(.text.GPIO_SetPin) for GPIO_SetPin
    main.o(.text.main) refers to gpio.o(.text.GPIO_ResetPin) for GPIO_ResetPin
    main.o(.text.main) refers to gpio.o(.text.GPIO_TogglePin) for GPIO_TogglePin
    main.o(.text.main) refers to gpio.o(.text.GPIO_IsSet) for GPIO_IsSet
    main.o(.text.main) refers to gpio.o(.text.GPIO_PullDown) for GPIO_PullDown
    main.o(.text.main) refers to gpio.o(.text.GPIO_PullUp) for GPIO_PullUp
    main.o(.text.main) refers to sim.o(.text.SIM_DisableWatchDog) for SIM_DisableWatchDog
    main.o(.text.main) refers to main.o(.text.delay_ms) for delay_ms
    main.o(.text.main) refers to mcg.o(.text.MCG_Set_IRC_Fast) for MCG_Set_IRC_Fast
    main.o(.text.main) refers to mcg.o(.text.MCG_Set_IRC_Slow) for MCG_Set_IRC_Slow
[...]
    sim.o(.ARM.exidx.text.SIM_Select_TPMSRC_OFF) refers to sim.o(.text.SIM_Select_TPMSRC_OFF) for [Anonymous Symbol]
    sim.o(.ARM.exidx.text.SIM_Select_TPMSRC_MCGFLLCLK) refers to sim.o(.text.SIM_Select_TPMSRC_MCGFLLCLK) for [Anonymous Symbol]
    sim.o(.ARM.exidx.text.SIM_Select_TPMSRC_OSCERCLK) refers to sim.o(.text.SIM_Select_TPMSRC_OSCERCLK) for [Anonymous Symbol]
    sim.o(.ARM.exidx.text.SIM_Select_TPMSRC_MCGIRCLK) refers to sim.o(.text.SIM_Select_TPMSRC_MCGIRCLK) for [Anonymous Symbol]
    sim.o(.ARM.exidx.text.SIM_Select_FLL) refers to sim.o(.text.SIM_Select_FLL) for [Anonymous Symbol]
    sim.o(.ARM.exidx.text.SIM_Select_PLL) refers to sim.o(.text.SIM_Select_PLL) for [Anonymous Symbol]
    sim.o(.ARM.exidx.text.SIM_SelectCLKOUT_BUS) refers to sim.o(.text.SIM_SelectCLKOUT_BUS) for [Anonymous Symbol]
    sim.o(.ARM.exidx.text.SIM_SelectCLKOUT_LPO) refers to sim.o(.text.SIM_SelectCLKOUT_LPO) for [Anonymous Symbol]
    sim.o(.ARM.exidx.text.SIM_SelectCLKOUT_MCGIRCLK) refers to sim.o(.text.SIM_SelectCLKOUT_MCGIRCLK) for [Anonymous Symbol]
    sim.o(.ARM.exidx.text.SIM_SelectCLKOUT_OSCERCLK) refers to sim.o(.text.SIM_SelectCLKOUT_OSCERCLK) for [Anonymous Symbol]
    sim.o(.ARM.exidx.text.SIM_SelectRTC_CLOCKOUT_RTC) refers to sim.o(.text.SIM_SelectRTC_CLOCKOUT_RTC) for [Anonymous Symbol]
    sim.o(.ARM.exidx.text.SIM_SelectRTC_CLOCKOUT_OSCERCLK) refers to sim.o(.text.SIM_SelectRTC_CLOCKOUT_OSCERCLK) for [Anonymous Symbol]
    sim.o(.ARM.exidx.text.SIM_Get_SDID) refers to sim.o(.text.SIM_Get_SDID) for [Anonymous Symbol]
    sim.o(.ARM.exidx.text.SIM_Enable_SPI1) refers to sim.o(.text.SIM_Enable_SPI1) for [Anonymous Symbol]
    sim.o(.ARM.exidx.text.SIM_Enable_SPI0) refers to sim.o(.text.SIM_Enable_SPI0) for [Anonymous Symbol]
    sim.o(.ARM.exidx.text.SIM_Enable_CMP) refers to sim.o(.text.SIM_Enable_CMP) for [Anonymous Symbol]
    sim.o(.ARM.exidx.text.SIM_Enable_UART2) refers to sim.o(.text.SIM_Enable_UART2) for [Anonymous Symbol]
    sim.o(.ARM.exidx.text.SIM_Enable_UART1) refers to sim.o(.text.SIM_Enable_UART1) for [Anonymous Symbol]
    sim.o(.ARM.exidx.text.SIM_Enable_UART0) refers to sim.o(.text.SIM_Enable_UART0) for [Anonymous Symbol]
    sim.o(.ARM.exidx.text.SIM_Enable_I2C1) refers to sim.o(.text.SIM_Enable_I2C1) for [Anonymous Symbol]
    sim.o(.ARM.exidx.text.SIM_Enable_I2C0) refers to sim.o(.text.SIM_Enable_I2C0) for [Anonymous Symbol]
    sim.o(.ARM.exidx.text.SIM_Enable_SLCD) refers to sim.o(.text.SIM_Enable_SLCD) for [Anonymous Symbol]
    sim.o(.ARM.exidx.text.SIM_Enable_PORTE) refers to sim.o(.text.SIM_Enable_PORTE) for [Anonymous Symbol]
    sim.o(.ARM.exidx.text.SIM_Enable_PORTD) refers to sim.o(.text.SIM_Enable_PORTD) for [Anonymous Symbol]
    sim.o(.ARM.exidx.text.SIM_Enable_PORTC) refers to sim.o(.text.SIM_Enable_PORTC) for [Anonymous Symbol]
    sim.o(.ARM.exidx.text.SIM_Enable_PORTB) refers to sim.o(.text.SIM_Enable_PORTB) for [Anonymous Symbol]
    sim.o(.ARM.exidx.text.SIM_Enable_PORTA) refers to sim.o(.text.SIM_Enable_PORTA) for [Anonymous Symbol]
    sim.o(.ARM.exidx.text.SIM_Enable_TSI) refers to sim.o(.text.SIM_Enable_TSI) for [Anonymous Symbol]
    sim.o(.ARM.exidx.text.SIM_Enable_LPTMR) refers to sim.o(.text.SIM_Enable_LPTMR) for [Anonymous Symbol]
    sim.o(.ARM.exidx.text.SIM_Enable_DAC0) refers to sim.o(.text.SIM_Enable_DAC0) for [Anonymous Symbol]
    sim.o(.ARM.exidx.text.SIM_Enable_RTC) refers to sim.o(.text.SIM_Enable_RTC) for [Anonymous Symbol]
    sim.o(.ARM.exidx.text.SIM_Enable_ADC0) refers to sim.o(.text.SIM_Enable_ADC0) for [Anonymous Symbol]
    sim.o(.ARM.exidx.text.SIM_Enable_TPM2) refers to sim.o(.text.SIM_Enable_TPM2) for [Anonymous Symbol]
    sim.o(.ARM.exidx.text.SIM_Enable_TPM1) refers to sim.o(.text.SIM_Enable_TPM1) for [Anonymous Symbol]
    sim.o(.ARM.exidx.text.SIM_Enable_TPM0) refers to sim.o(.text.SIM_Enable_TPM0) for [Anonymous Symbol]
    sim.o(.ARM.exidx.text.SIM_Enable_PIT) refers to sim.o(.text.SIM_Enable_PIT) for [Anonymous Symbol]
    sim.o(.ARM.exidx.text.SIM_Enable_DMAMUX) refers to sim.o(.text.SIM_Enable_DMAMUX) for [Anonymous Symbol]
    sim.o(.ARM.exidx.text.SIM_Enable_FTF) refers to sim.o(.text.SIM_Enable_FTF) for [Anonymous Symbol]
    sim.o(.ARM.exidx.text.SIM_Enable_DMA) refers to sim.o(.text.SIM_Enable_DMA) for [Anonymous Symbol]
    sim.o(.ARM.exidx.text.SIM_SetOUTDIV1) refers to sim.o(.text.SIM_SetOUTDIV1) for [Anonymous Symbol]
    sim.o(.ARM.exidx.text.SIM_SetOUTDIV4) refers to sim.o(.text.SIM_SetOUTDIV4) for [Anonymous Symbol]
    sim.o(.ARM.exidx.text.SIM_GetUID) refers to sim.o(.text.SIM_GetUID) for [Anonymous Symbol]
    sim.o(.ARM.exidx.text.SIM_DisableWatchDog) refers to sim.o(.text.SIM_DisableWatchDog) for [Anonymous Symbol]
    system_control.o(.ARM.exidx.text.SCB_ReadCPUID) refers to system_control.o(.text.SCB_ReadCPUID) for [Anonymous Symbol]
    system_control.o(.ARM.exidx.text.SCB_GetPendingIRQNo) refers to system_control.o(.text.SCB_GetPendingIRQNo) for [Anonymous Symbol]
    system_control.o(.ARM.exidx.text.SCB_SystemReset) refers to system_control.o(.text.SCB_SystemReset) for [Anonymous Symbol]
    system_control.o(.ARM.exidx.text.SCB_SetSleepOnExit) refers to system_control.o(.text.SCB_SetSleepOnExit) for [Anonymous Symbol]
    system_control.o(.ARM.exidx.text.SCB_SetSleepDeep) refers to system_control.o(.text.SCB_SetSleepDeep) for [Anonymous Symbol]
    system_control.o(.ARM.exidx.text.SCB_SetSEVONPEND) refers to system_control.o(.text.SCB_SetSEVONPEND) for [Anonymous Symbol]
    system_control.o(.ARM.exidx.text.SCB_EnableDivByZeroTrap) refers to system_control.o(.text.SCB_EnableDivByZeroTrap) for [Anonymous Symbol]
    system_control.o(.ARM.exidx.text.SCB_EnableUnalignedTrap) refers to system_control.o(.text.SCB_EnableUnalignedTrap) for [Anonymous Symbol]
    system_control.o(.ARM.exidx.text.SCB_EnableMemoryFault) refers to system_control.o(.text.SCB_EnableMemoryFault) for [Anonymous Symbol]
    system_control.o(.ARM.exidx.text.SCB_EnableUsageFault) refers to system_control.o(.text.SCB_EnableUsageFault) for [Anonymous Symbol]
    system_control.o(.ARM.exidx.text.SCB_EnableBusFault) refers to system_control.o(.text.SCB_EnableBusFault) for [Anonymous Symbol]
    system_control.o(.ARM.exidx.text.SCB_GetFaulStatus) refers to system_control.o(.text.SCB_GetFaulStatus) for [Anonymous Symbol]
    system_control.o(.ARM.exidx.text.SCB_EnableDWT) refers to system_control.o(.text.SCB_EnableDWT) for [Anonymous Symbol]
    system_time.o(.text.systick_timer_start) refers to system_time.o(.bss.ts1) for [Anonymous Symbol]
    system_time.o(.text.systick_timer_start) refers to system_time.o(.bss.sec) for [Anonymous Symbol]
    system_time.o(.text.systick_timer_start) refers to system_time.o(.bss.sec1) for [Anonymous Symbol]
    system_time.o(.ARM.exidx.text.systick_timer_start) refers to system_time.o(.text.systick_timer_start) for [Anonymous Symbol]
    system_time.o(.text.systick_timer_stop) refers to system_time.o(.text.systick_timediff_us) for systick_timediff_us
    system_time.o(.text.systick_timer_stop) refers to system_time.o(.bss.ts2) for [Anonymous Symbol]
    system_time.o(.text.systick_timer_stop) refers to system_time.o(.bss.sec) for [Anonymous Symbol]
    system_time.o(.text.systick_timer_stop) refers to system_time.o(.bss.sec2) for [Anonymous Symbol]
    system_time.o(.ARM.exidx.text.systick_timer_stop) refers to system_time.o(.text.systick_timer_stop) for [Anonymous Symbol]
    system_time.o(.text.systick_timediff_us) refers to aeabi_sdivfast.o(.text_divfast) for __aeabi_idiv
    system_time.o(.text.systick_timediff_us) refers to system_time.o(.bss.sec2) for [Anonymous Symbol]
    system_time.o(.text.systick_timediff_us) refers to system_time.o(.bss.sec1) for [Anonymous Symbol]
    system_time.o(.text.systick_timediff_us) refers to system_time.o(.bss.ts1) for [Anonymous Symbol]
    system_time.o(.text.systick_timediff_us) refers to system_time.o(.bss.ts2) for [Anonymous Symbol]
    system_time.o(.text.systick_timediff_us) refers to system_time.o(.data.us_per_tick) for [Anonymous Symbol]
    system_time.o(.ARM.exidx.text.systick_timediff_us) refers to system_time.o(.text.systick_timediff_us) for [Anonymous Symbol]
    system_time.o(.text.micros) refers to aeabi_sdivfast.o(.text_divfast) for __aeabi_uidiv
    system_time.o(.text.micros) refers to system_time.o(.bss.us) for [Anonymous Symbol]
    system_time.o(.text.micros) refers to system_time.o(.data.us_per_tick) for [Anonymous Symbol]
    system_time.o(.ARM.exidx.text.micros) refers to system_time.o(.text.micros) for [Anonymous Symbol]
    system_time.o(.text.systick_enable) refers to systick.o(.text.SystickEnable) for SystickEnable
    system_time.o(.text.systick_enable) refers to systick.o(.text.SystickDisable) for SystickDisable
    system_time.o(.text.systick_enable) refers to system_time.o(.data.us_per_tick) for [Anonymous Symbol]
    system_time.o(.text.systick_enable) refers to system_time.o(.text.systick_handler) for systick_handler
    system_time.o(.ARM.exidx.text.systick_enable) refers to system_time.o(.text.systick_enable) for [Anonymous Symbol]
    system_time.o(.text.systick_handler) refers to system_time.o(.bss.us) for [Anonymous Symbol]
    system_time.o(.text.systick_handler) refers to system_time.o(.bss.sec) for [Anonymous Symbol]
    system_time.o(.ARM.exidx.text.systick_handler) refers to system_time.o(.text.systick_handler) for [Anonymous Symbol]
    systick.o(.text.SysTick_Handler) refers to systick.o(.bss.g_handler) for [Anonymous Symbol]
    systick.o(.ARM.exidx.text.SysTick_Handler) refers to systick.o(.text.SysTick_Handler) for [Anonymous Symbol]
    systick.o(.text.SystickEnable) refers to systick.o(.bss.g_handler) for [Anonymous Symbol]
    systick.o(.ARM.exidx.text.SystickEnable) refers to systick.o(.text.SystickEnable) for [Anonymous Symbol]
    systick.o(.ARM.exidx.text.SystickSetReloadValue) refers to systick.o(.text.SystickSetReloadValue) for [Anonymous Symbol]
    systick.o(.ARM.exidx.text.SystickDisable) refers to systick.o(.text.SystickDisable) for [Anonymous Symbol]
    systick.o(.ARM.exidx.text.SystickGetValue) refers to systick.o(.text.SystickGetValue) for [Anonymous Symbol]
    __main.o(!!!main) refers to __rtentry.o(.ARM.Collect$$rtentry$$00000000) for __rt_entry
    __rtentry.o(.ARM.Collect$$rtentry$$00000000) refers (Special) to __rtentry2.o(.ARM.Collect$$rtentry$$0000000A) for __rt_entry_li
    __rtentry.o(.ARM.Collect$$rtentry$$00000000) refers (Special) to __rtentry2.o(.ARM.Collect$$rtentry$$0000000D) for __rt_entry_main
    __rtentry.o(.ARM.Collect$$rtentry$$00000000) refers (Special) to __rtentry2.o(.ARM.Collect$$rtentry$$0000000C) for __rt_entry_postli_1
    __rtentry.o(.ARM.Collect$$rtentry$$00000000) refers (Special) to __rtentry2.o(.ARM.Collect$$rtentry$$00000009) for __rt_entry_postsh_1
    __rtentry.o(.ARM.Collect$$rtentry$$00000000) refers (Special) to __rtentry2.o(.ARM.Collect$$rtentry$$00000002) for __rt_entry_presh_1
    __rtentry.o(.ARM.Collect$$rtentry$$00000000) refers (Special) to __rtentry7.o(.ARM.Collect$$rtentry$$00000007) for __rt_entry_sh
    aeabi_idiv0_sigfpe.o(.text) refers to rt_div0.o(.text) for __rt_div0
    __rtentry2.o(.ARM.Collect$$rtentry$$00000008) refers to boardinit2.o(.text) for _platform_post_stackheap_init
    __rtentry2.o(.ARM.Collect$$rtentry$$0000000A) refers to libinit.o(.ARM.Collect$$libinit$$00000000) for __rt_lib_init
    __rtentry2.o(.ARM.Collect$$rtentry$$0000000B) refers to boardinit3.o(.text) for _platform_post_lib_init
    __rtentry2.o(.ARM.Collect$$rtentry$$0000000D) refers to main.o(.text.main) for main
    __rtentry2.o(.ARM.Collect$$rtentry$$0000000D) refers to exit.o(.text) for exit
    __rtentry2.o(.ARM.exidx) refers to __rtentry2.o(.ARM.Collect$$rtentry$$00000001) for .ARM.Collect$$rtentry$$00000001
    __rtentry2.o(.ARM.exidx) refers to __rtentry2.o(.ARM.Collect$$rtentry$$00000008) for .ARM.Collect$$rtentry$$00000008
    __rtentry2.o(.ARM.exidx) refers to __rtentry2.o(.ARM.Collect$$rtentry$$0000000A) for .ARM.Collect$$rtentry$$0000000A
    __rtentry2.o(.ARM.exidx) refers to __rtentry2.o(.ARM.Collect$$rtentry$$0000000B) for .ARM.Collect$$rtentry$$0000000B
    __rtentry2.o(.ARM.exidx) refers to __rtentry2.o(.ARM.Collect$$rtentry$$0000000D) for .ARM.Collect$$rtentry$$0000000D
    __rtentry4.o(.ARM.Collect$$rtentry$$00000004) refers to sys_stackheap_outer.o(.text) for __user_setup_stackheap
    __rtentry4.o(.ARM.exidx) refers to __rtentry4.o(.ARM.Collect$$rtentry$$00000004) for .ARM.Collect$$rtentry$$00000004
    __rtentry7.o(.ARM.Collect$$rtentry$$00000007) refers to __rtentry7.o(.ARM.Collect$$rtentry$$00002718) for __lit__00000000
    __rtentry7.o(__vectab_stack_and_reset_2_area) refers to __main.o(!!!main) for __main
    __rtentry7.o(.ARM.exidx) refers to __rtentry7.o(.ARM.Collect$$rtentry$$00000007) for .ARM.Collect$$rtentry$$00000007
    __rtentry7.o(.ARM.exidx) refers to __rtentry7.o(.ARM.Collect$$rtentry$$00002718) for .ARM.Collect$$rtentry$$00002718
    rt_div0.o(.text) refers to defsig_fpe_outer.o(.text) for __rt_SIGFPE
    sys_stackheap_outer.o(.text) refers to libspace.o(.text) for __user_perproc_libspace
    sys_stackheap_outer.o(.text) refers to sys_stackheap.o(.text) for __user_initial_stackheap
    sys_stackheap_outer.o(__vectab_stack_and_reset_area) refers to tempstk.o(.text) for __temporary_stack_top
    sys_stackheap_outer.o(__vectab_stack_and_reset_area) refers to __main.o(!!!main) for __main
    exit.o(.text) refers to rtexit.o(.ARM.Collect$$rtexit$$00000000) for __rt_exit
    defsig_fpe_outer.o(.text) refers to defsig_fpe_inner.o(.text) for __rt_SIGFPE_inner
    defsig_fpe_outer.o(.text) refers to defsig_exit.o(.text) for __sig_exit
    defsig_fpe_formal.o(.text) refers to rt_raise.o(.text) for __rt_raise
    libinit.o(.ARM.Collect$$libinit$$00000000) refers (Special) to libinit2.o(.ARM.Collect$$libinit$$0000002E) for __rt_lib_init_alloca_1
    libinit.o(.ARM.Collect$$libinit$$00000000) refers (Special) to libinit2.o(.ARM.Collect$$libinit$$0000002C) for __rt_lib_init_argv_1
    libinit.o(.ARM.Collect$$libinit$$00000000) refers (Special) to libinit2.o(.ARM.Collect$$libinit$$0000001B) for __rt_lib_init_atexit_1
    libinit.o(.ARM.Collect$$libinit$$00000000) refers (Special) to libinit2.o(.ARM.Collect$$libinit$$00000021) for __rt_lib_init_clock_1
    libinit.o(.ARM.Collect$$libinit$$00000000) refers (Special) to libinit2.o(.ARM.Collect$$libinit$$00000032) for __rt_lib_init_cpp_1
    libinit.o(.ARM.Collect$$libinit$$00000000) refers (Special) to libinit2.o(.ARM.Collect$$libinit$$00000030) for __rt_lib_init_exceptions_1
    libinit.o(.ARM.Collect$$libinit$$00000000) refers (Special) to libinit2.o(.ARM.Collect$$libinit$$00000002) for __rt_lib_init_fp_1
    libinit.o(.ARM.Collect$$libinit$$00000000) refers (Special) to libinit2.o(.ARM.Collect$$libinit$$0000001F) for __rt_lib_init_fp_trap_1
    libinit.o(.ARM.Collect$$libinit$$00000000) refers (Special) to libinit2.o(.ARM.Collect$$libinit$$00000023) for __rt_lib_init_getenv_1
    libinit.o(.ARM.Collect$$libinit$$00000000) refers (Special) to libinit2.o(.ARM.Collect$$libinit$$0000000A) for __rt_lib_init_heap_1
    libinit.o(.ARM.Collect$$libinit$$00000000) refers (Special) to libinit2.o(.ARM.Collect$$libinit$$00000011) for __rt_lib_init_lc_collate_1
    libinit.o(.ARM.Collect$$libinit$$00000000) refers (Special) to libinit2.o(.ARM.Collect$$libinit$$00000013) for __rt_lib_init_lc_ctype_1
    libinit.o(.ARM.Collect$$libinit$$00000000) refers (Special) to libinit2.o(.ARM.Collect$$libinit$$00000015) for __rt_lib_init_lc_monetary_1
    libinit.o(.ARM.Collect$$libinit$$00000000) refers (Special) to libinit2.o(.ARM.Collect$$libinit$$00000017) for __rt_lib_init_lc_numeric_1
    libinit.o(.ARM.Collect$$libinit$$00000000) refers (Special) to libinit2.o(.ARM.Collect$$libinit$$00000019) for __rt_lib_init_lc_time_1
    libinit.o(.ARM.Collect$$libinit$$00000000) refers (Special) to libinit2.o(.ARM.Collect$$libinit$$00000004) for __rt_lib_init_preinit_1
    libinit.o(.ARM.Collect$$libinit$$00000000) refers (Special) to libinit2.o(.ARM.Collect$$libinit$$0000000E) for __rt_lib_init_rand_1
    libinit.o(.ARM.Collect$$libinit$$00000000) refers (Special) to libinit2.o(.ARM.Collect$$libinit$$00000033) for __rt_lib_init_return
    libinit.o(.ARM.Collect$$libinit$$00000000) refers (Special) to libinit2.o(.ARM.Collect$$libinit$$0000001D) for __rt_lib_init_signal_1
    libinit.o(.ARM.Collect$$libinit$$00000000) refers (Special) to libinit2.o(.ARM.Collect$$libinit$$00000025) for __rt_lib_init_stdio_1
    libinit.o(.ARM.Collect$$libinit$$00000000) refers (Special) to libinit2.o(.ARM.Collect$$libinit$$0000000C) for __rt_lib_init_user_alloc_1
    libspace.o(.text) refers to libspace.o(.bss) for __libspace_start
    sys_stackheap.o(.text) refers (Special) to indicate_semi.o(.text) for __semihosting_library_function
    sys_stackheap.o(.text) refers to use_no_semi.o(.text) for __I$use$semihosting
    sys_stackheap_hlt.o(.text) refers (Special) to indicate_semi.o(.text) for __semihosting_library_function
    sys_stackheap_hlt.o(.text) refers to use_no_semi.o(.text) for __I$use$semihosting
    rtexit.o(.ARM.Collect$$rtexit$$00000000) refers (Special) to rtexit2.o(.ARM.Collect$$rtexit$$00000004) for __rt_exit_exit
    rtexit.o(.ARM.Collect$$rtexit$$00000000) refers (Special) to rtexit2.o(.ARM.Collect$$rtexit$$00000003) for __rt_exit_ls
    rtexit.o(.ARM.Collect$$rtexit$$00000000) refers (Special) to rtexit2.o(.ARM.Collect$$rtexit$$00000002) for __rt_exit_prels_1
    rtexit.o(.ARM.exidx) refers (Special) to rtexit2.o(.ARM.Collect$$rtexit$$00000004) for __rt_exit_exit
    rtexit.o(.ARM.exidx) refers (Special) to rtexit2.o(.ARM.Collect$$rtexit$$00000003) for __rt_exit_ls
    rtexit.o(.ARM.exidx) refers (Special) to rtexit2.o(.ARM.Collect$$rtexit$$00000002) for __rt_exit_prels_1
    rtexit.o(.ARM.exidx) refers to rtexit.o(.ARM.Collect$$rtexit$$00000000) for .ARM.Collect$$rtexit$$00000000
    rt_raise.o(.text) refers to __raise.o(.text) for __raise
    rt_raise.o(.text) refers to sys_exit.o(.text) for _sys_exit
    defsig_exit.o(.text) refers to sys_exit.o(.text) for _sys_exit
    defsig_fpe_inner.o(.text) refers to defsig_general.o(.text) for __default_signal_display
    libinit2.o(.ARM.Collect$$libinit$$00000010) refers to libinit2.o(.ARM.Collect$$libinit$$0000000F) for .ARM.Collect$$libinit$$0000000F
    libinit2.o(.ARM.Collect$$libinit$$00000012) refers to libinit2.o(.ARM.Collect$$libinit$$0000000F) for .ARM.Collect$$libinit$$0000000F
    libinit2.o(.ARM.Collect$$libinit$$00000014) refers to libinit2.o(.ARM.Collect$$libinit$$0000000F) for .ARM.Collect$$libinit$$0000000F
    libinit2.o(.ARM.Collect$$libinit$$00000016) refers to libinit2.o(.ARM.Collect$$libinit$$0000000F) for .ARM.Collect$$libinit$$0000000F
    libinit2.o(.ARM.Collect$$libinit$$00000018) refers to libinit2.o(.ARM.Collect$$libinit$$0000000F) for .ARM.Collect$$libinit$$0000000F
    libinit2.o(.ARM.Collect$$libinit$$00000026) refers to argv_veneer.o(.text) for __ARM_argv_veneer
    libinit2.o(.ARM.Collect$$libinit$$00000027) refers to argv_veneer.o(.text) for __ARM_argv_veneer
    libinit5.o(.ARM.Collect$$libinit$$00000008) refers to libinit5.o(.ARM.Collect$$libinit$$00002719) for __lit__00000000
    libinit5.o(.ARM.Collect$$libinit$$0000002A) refers to libinit5.o(.ARM.Collect$$libinit$$0000273B) for __lit__00000002
    libinit5.o(.ARM.Collect$$libinit$$0000002A) refers to argv_veneer.o(.text) for __ARM_argv_veneer
    sys_exit.o(.text) refers (Special) to use_no_semi.o(.text) for __I$use$semihosting
    sys_exit.o(.text) refers (Special) to indicate_semi.o(.text) for __semihosting_library_function
    sys_exit_hlt.o(.text) refers (Special) to use_no_semi.o(.text) for __I$use$semihosting
    sys_exit_hlt.o(.text) refers (Special) to indicate_semi.o(.text) for __semihosting_library_function
    rtexit2.o(.ARM.Collect$$rtexit$$00000003) refers to libshutdown.o(.ARM.Collect$$libshutdown$$00000000) for __rt_lib_shutdown
    rtexit2.o(.ARM.Collect$$rtexit$$00000004) refers to sys_exit.o(.text) for _sys_exit
    rtexit2.o(.ARM.exidx) refers to rtexit2.o(.ARM.Collect$$rtexit$$00000001) for .ARM.Collect$$rtexit$$00000001
    rtexit2.o(.ARM.exidx) refers to rtexit2.o(.ARM.Collect$$rtexit$$00000003) for .ARM.Collect$$rtexit$$00000003
    rtexit2.o(.ARM.exidx) refers to rtexit2.o(.ARM.Collect$$rtexit$$00000004) for .ARM.Collect$$rtexit$$00000004
    __raise.o(.text) refers to defsig.o(CL$$defsig) for __default_signal_handler
    defsig_general.o(.text) refers to sys_wrch.o(.text) for _ttywrch
    sys_wrch.o(.text) refers (Special) to use_no_semi.o(.text) for __I$use$semihosting
    sys_wrch.o(.text) refers (Special) to indicate_semi.o(.text) for __semihosting_library_function
    sys_wrch_hlt.o(.text) refers (Special) to use_no_semi.o(.text) for __I$use$semihosting
    sys_wrch_hlt.o(.text) refers (Special) to indicate_semi.o(.text) for __semihosting_library_function
    defsig.o(CL$$defsig) refers to defsig_fpe_inner.o(.text) for __rt_SIGFPE_inner
    defsig.o(CL$$defsig) refers to defsig_rtmem_inner.o(.text) for __rt_SIGRTMEM_inner
    _get_argv_nomalloc.o(.text) refers (Special) to hrguard.o(.text) for __heap_region$guard
    _get_argv_nomalloc.o(.text) refers to defsig_rtmem_outer.o(.text) for __rt_SIGRTMEM
    _get_argv_nomalloc.o(.text) refers to sys_command.o(.text) for _sys_command_string
    libshutdown.o(.ARM.Collect$$libshutdown$$00000000) refers (Special) to libshutdown2.o(.ARM.Collect$$libshutdown$$00000002) for __rt_lib_shutdown_cpp_1
    libshutdown.o(.ARM.Collect$$libshutdown$$00000000) refers (Special) to libshutdown2.o(.ARM.Collect$$libshutdown$$00000007) for __rt_lib_shutdown_fp_trap_1
    libshutdown.o(.ARM.Collect$$libshutdown$$00000000) refers (Special) to libshutdown2.o(.ARM.Collect$$libshutdown$$0000000F) for __rt_lib_shutdown_heap_1
    libshutdown.o(.ARM.Collect$$libshutdown$$00000000) refers (Special) to libshutdown2.o(.ARM.Collect$$libshutdown$$00000010) for __rt_lib_shutdown_return
    libshutdown.o(.ARM.Collect$$libshutdown$$00000000) refers (Special) to libshutdown2.o(.ARM.Collect$$libshutdown$$0000000A) for __rt_lib_shutdown_signal_1
    libshutdown.o(.ARM.Collect$$libshutdown$$00000000) refers (Special) to libshutdown2.o(.ARM.Collect$$libshutdown$$00000004) for __rt_lib_shutdown_stdio_1
    libshutdown.o(.ARM.Collect$$libshutdown$$00000000) refers (Special) to libshutdown2.o(.ARM.Collect$$libshutdown$$0000000C) for __rt_lib_shutdown_user_alloc_1
    sys_command.o(.text) refers (Special) to use_no_semi.o(.text) for __I$use$semihosting
    sys_command.o(.text) refers (Special) to indicate_semi.o(.text) for __semihosting_library_function
    sys_command_hlt.o(.text) refers (Special) to use_no_semi.o(.text) for __I$use$semihosting
    sys_command_hlt.o(.text) refers (Special) to indicate_semi.o(.text) for __semihosting_library_function
    defsig_abrt_inner.o(.text) refers to defsig_general.o(.text) for __default_signal_display
    defsig_rtred_inner.o(.text) refers to defsig_general.o(.text) for __default_signal_display
    defsig_rtmem_inner.o(.text) refers to defsig_general.o(.text) for __default_signal_display
    defsig_rtmem_outer.o(.text) refers to defsig_rtmem_inner.o(.text) for __rt_SIGRTMEM_inner
    defsig_rtmem_outer.o(.text) refers to defsig_exit.o(.text) for __sig_exit
    defsig_rtmem_formal.o(.text) refers to rt_raise.o(.text) for __rt_raise
    defsig_stak_inner.o(.text) refers to defsig_general.o(.text) for __default_signal_display
    defsig_pvfn_inner.o(.text) refers to defsig_general.o(.text) for __default_signal_display
    defsig_cppl_inner.o(.text) refers to defsig_general.o(.text) for __default_signal_display
    defsig_segv_inner.o(.text) refers to defsig_general.o(.text) for __default_signal_display
    defsig_other.o(.text) refers to defsig_general.o(.text) for __default_signal_display


==============================================================================

Removing Unused input sections from the image.

    Removing debug.o(.text), (0 bytes).
    Removing debug.o(.text.Debug_EnableCYCCNT), (60 bytes).
    Removing debug.o(.ARM.exidx.text.Debug_EnableCYCCNT), (8 bytes).
    Removing debug.o(.text.Debug_Delay_cycles), (20 bytes).
    Removing debug.o(.ARM.exidx.text.Debug_Delay_cycles), (8 bytes).
    Removing debug.o(.text.delay_us), (48 bytes).
    Removing debug.o(.ARM.exidx.text.delay_us), (8 bytes).
    Removing debug.o(.text.delay), (14 bytes).
    Removing debug.o(.ARM.exidx.text.delay), (8 bytes).
    Removing debug.o(.bss.g_ahb_clock_mhz), (1 bytes).
    Removing debug.o(.bss.g_fudge), (1 bytes).
    Removing gpio.o(.text), (0 bytes).
    Removing gpio.o(.ARM.exidx.text.GPIO_GetInstance), (8 bytes).
    Removing gpio.o(.text.GPIO_IsInterrupt), (14 bytes).
    Removing gpio.o(.ARM.exidx.text.GPIO_IsInterrupt), (8 bytes).
    Removing gpio.o(.text.GPIO_ClearInterrupt), (16 bytes).
    Removing gpio.o(.ARM.exidx.text.GPIO_ClearInterrupt), (8 bytes).
    Removing gpio.o(.ARM.exidx.text.GPIO_EnablePin), (8 bytes).
    Removing gpio.o(.ARM.exidx.text.GPIO_SetSlewRateFast), (8 bytes).
    Removing gpio.o(.text.GPIO_SetSlewRateSlow), (14 bytes).
    Removing gpio.o(.ARM.exidx.text.GPIO_SetSlewRateSlow), (8 bytes).
    Removing gpio.o(.ARM.exidx.text.GPIO_SetDirectionOut), (8 bytes).
    Removing gpio.o(.ARM.exidx.text.GPIO_SetDirectionIn), (8 bytes).
    Removing gpio.o(.ARM.exidx.text.GPIO_SetPin), (8 bytes).
    Removing gpio.o(.ARM.exidx.text.GPIO_ResetPin), (8 bytes).
    Removing gpio.o(.ARM.exidx.text.GPIO_TogglePin), (8 bytes).
    Removing gpio.o(.ARM.exidx.text.GPIO_IsSet), (8 bytes).
    Removing gpio.o(.text.GPIO_SetOutput), (6 bytes).
    Removing gpio.o(.ARM.exidx.text.GPIO_SetOutput), (8 bytes).
    Removing gpio.o(.text.GPIO_GetInput), (6 bytes).
    Removing gpio.o(.ARM.exidx.text.GPIO_GetInput), (8 bytes).
    Removing gpio.o(.ARM.exidx.text.GPIO_PullDown), (8 bytes).
    Removing gpio.o(.ARM.exidx.text.GPIO_PullUp), (8 bytes).
    Removing main.o(.text), (0 bytes).
    Removing main.o(.ARM.exidx.text.SystemInit), (8 bytes).
    Removing main.o(.ARM.exidx.text.main), (8 bytes).
    Removing main.o(.ARM.exidx.text.delay_ms), (8 bytes).
    Removing main.o(.ARM.use_no_argv), (4 bytes).
    Removing mcg.o(.text), (0 bytes).
    Removing mcg.o(.text.MCG_Select_MCGOUTCLK_FLL_PLL), (20 bytes).
    Removing mcg.o(.ARM.exidx.text.MCG_Select_MCGOUTCLK_FLL_PLL), (8 bytes).
    Removing mcg.o(.ARM.exidx.text.MCG_Select_MCGOUTCLK_IRC), (8 bytes).
    Removing mcg.o(.text.MCG_Select_MCGOUTCLK_OSCCLK), (24 bytes).
    Removing mcg.o(.ARM.exidx.text.MCG_Select_MCGOUTCLK_OSCCLK), (8 bytes).
    Removing mcg.o(.text.MCG_Set_FRDIV), (36 bytes).
    Removing mcg.o(.ARM.exidx.text.MCG_Set_FRDIV), (8 bytes).
    Removing mcg.o(.text.MCG_Set_FLL_IRC32K), (16 bytes).
    Removing mcg.o(.ARM.exidx.text.MCG_Set_FLL_IRC32K), (8 bytes).
    Removing mcg.o(.text.MCG_Set_FLL_OSCCLK), (16 bytes).
    Removing mcg.o(.ARM.exidx.text.MCG_Set_FLL_OSCCLK), (8 bytes).
    Removing mcg.o(.text.MCG_Set_MCGIRCLK), (24 bytes).
    Removing mcg.o(.ARM.exidx.text.MCG_Set_MCGIRCLK), (8 bytes).
    Removing mcg.o(.text.MCG_Set_IRC_Stop_Enable), (24 bytes).
    Removing mcg.o(.ARM.exidx.text.MCG_Set_IRC_Stop_Enable), (8 bytes).
    Removing mcg.o(.text.MCG_Set_FCFTRIM), (24 bytes).
    Removing mcg.o(.ARM.exidx.text.MCG_Set_FCFTRIM), (8 bytes).
    Removing mcg.o(.text.MCG_Set_OSC_Range_Low), (20 bytes).
    Removing mcg.o(.ARM.exidx.text.MCG_Set_OSC_Range_Low), (8 bytes).
    Removing mcg.o(.text.MCG_Set_OSC_Range_High), (24 bytes).
    Removing mcg.o(.ARM.exidx.text.MCG_Set_OSC_Range_High), (8 bytes).
    Removing mcg.o(.text.MCG_Set_OSC_Range_VeryHigh), (24 bytes).
    Removing mcg.o(.ARM.exidx.text.MCG_Set_OSC_Range_VeryHigh), (8 bytes).
    Removing mcg.o(.text.MCG_Set_HighGain_OSC), (24 bytes).
    Removing mcg.o(.ARM.exidx.text.MCG_Set_HighGain_OSC), (8 bytes).
    Removing mcg.o(.text.MCG_Set_ExternalClock_OSC), (16 bytes).
    Removing mcg.o(.ARM.exidx.text.MCG_Set_ExternalClock_OSC), (8 bytes).
    Removing mcg.o(.text.MCG_Set_ExternalClock_ERC), (16 bytes).
    Removing mcg.o(.ARM.exidx.text.MCG_Set_ExternalClock_ERC), (8 bytes).
    Removing mcg.o(.text.MCG_DisableFLLPLL_InLowPowerMode), (24 bytes).
    Removing mcg.o(.ARM.exidx.text.MCG_DisableFLLPLL_InLowPowerMode), (8 bytes).
    Removing mcg.o(.ARM.exidx.text.MCG_Set_IRC_Slow), (8 bytes).
    Removing mcg.o(.ARM.exidx.text.MCG_Set_IRC_Fast), (8 bytes).
    Removing mcg.o(.text.MCG_SetFLL_Freq_24), (36 bytes).
    Removing mcg.o(.ARM.exidx.text.MCG_SetFLL_Freq_24), (8 bytes).
    Removing mcg.o(.text.MCG_SetFLL_Freq_48), (40 bytes).
    Removing mcg.o(.ARM.exidx.text.MCG_SetFLL_Freq_48), (8 bytes).
    Removing mcg.o(.text.MCG_SetFLL_Freq_72), (40 bytes).
    Removing mcg.o(.ARM.exidx.text.MCG_SetFLL_Freq_72), (8 bytes).
    Removing mcg.o(.text.MCG_SetFLL_Freq_96), (40 bytes).
    Removing mcg.o(.ARM.exidx.text.MCG_SetFLL_Freq_96), (8 bytes).
    Removing mcg.o(.text.MCG_EnablePLLClock), (24 bytes).
    Removing mcg.o(.ARM.exidx.text.MCG_EnablePLLClock), (8 bytes).
    Removing mcg.o(.text.MCG_Set_EnablePLLOnStop), (24 bytes).
    Removing mcg.o(.ARM.exidx.text.MCG_Set_EnablePLLOnStop), (8 bytes).
    Removing mcg.o(.text.MCG_Set_PLL_DIV), (32 bytes).
    Removing mcg.o(.ARM.exidx.text.MCG_Set_PLL_DIV), (8 bytes).
    Removing mcg.o(.text.MCG_Set_PLLS_PLL), (16 bytes).
    Removing mcg.o(.ARM.exidx.text.MCG_Set_PLLS_PLL), (8 bytes).
    Removing mcg.o(.ARM.exidx.text.MCG_Set_PLLS_FLL), (8 bytes).
    Removing mcg.o(.text.MCG_Set_VDIV), (32 bytes).
    Removing mcg.o(.ARM.exidx.text.MCG_Set_VDIV), (8 bytes).
    Removing mcg.o(.text.MCG_Is_LOLS0), (16 bytes).
    Removing mcg.o(.ARM.exidx.text.MCG_Is_LOLS0), (8 bytes).
    Removing mcg.o(.text.MCG_Is_LOCK0), (16 bytes).
    Removing mcg.o(.ARM.exidx.text.MCG_Is_LOCK0), (8 bytes).
    Removing mcg.o(.text.MCG_Is_PLLST), (16 bytes).
    Removing mcg.o(.ARM.exidx.text.MCG_Is_PLLST), (8 bytes).
    Removing mcg.o(.text.MCG_Is_IREFST), (16 bytes).
    Removing mcg.o(.ARM.exidx.text.MCG_Is_IREFST), (8 bytes).
    Removing mcg.o(.text.MCG_Is_CLKST_FLL), (12 bytes).
    Removing mcg.o(.ARM.exidx.text.MCG_Is_CLKST_FLL), (8 bytes).
    Removing mcg.o(.text.MCG_Is_CLKST_IRC), (16 bytes).
    Removing mcg.o(.ARM.exidx.text.MCG_Is_CLKST_IRC), (8 bytes).
    Removing mcg.o(.text.MCG_Is_CLKST_OSCCLK), (16 bytes).
    Removing mcg.o(.ARM.exidx.text.MCG_Is_CLKST_OSCCLK), (8 bytes).
    Removing mcg.o(.text.MCG_Is_CLKST_PLL), (16 bytes).
    Removing mcg.o(.ARM.exidx.text.MCG_Is_CLKST_PLL), (8 bytes).
    Removing mcg.o(.text.MCG_Is_OSCINIT0), (16 bytes).
    Removing mcg.o(.ARM.exidx.text.MCG_Is_OSCINIT0), (8 bytes).
    Removing mcg.o(.text.MCG_Is_IRCST), (16 bytes).
    Removing mcg.o(.ARM.exidx.text.MCG_Is_IRCST), (8 bytes).
    Removing mcg.o(.text.MCG_Set_FCRDIV1), (16 bytes).
    Removing mcg.o(.ARM.exidx.text.MCG_Set_FCRDIV1), (8 bytes).
    Removing mcg.o(.text.MCG_Set_FCRDIV2), (24 bytes).
    Removing mcg.o(.ARM.exidx.text.MCG_Set_FCRDIV2), (8 bytes).
    Removing mcg.o(.text.MCG_Set_FCRDIV4), (24 bytes).
    Removing mcg.o(.ARM.exidx.text.MCG_Set_FCRDIV4), (8 bytes).
    Removing mcg.o(.text.MCG_Set_FCRDIV8), (24 bytes).
    Removing mcg.o(.ARM.exidx.text.MCG_Set_FCRDIV8), (8 bytes).
    Removing mcg.o(.text.MCG_Set_FCRDIV16), (24 bytes).
    Removing mcg.o(.ARM.exidx.text.MCG_Set_FCRDIV16), (8 bytes).
    Removing mcg.o(.text.MCG_Set_FCRDIV32), (24 bytes).
    Removing mcg.o(.ARM.exidx.text.MCG_Set_FCRDIV32), (8 bytes).
    Removing mcg.o(.text.MCG_Set_FCRDIV64), (24 bytes).
    Removing mcg.o(.ARM.exidx.text.MCG_Set_FCRDIV64), (8 bytes).
    Removing mcg.o(.text.MCG_Set_FCRDIV128), (24 bytes).
    Removing mcg.o(.ARM.exidx.text.MCG_Set_FCRDIV128), (8 bytes).
    Removing mcg.o(.text.MCG_Is_PLL_Locked), (16 bytes).
    Removing mcg.o(.ARM.exidx.text.MCG_Is_PLL_Locked), (8 bytes).
    Removing nvic.o(.text), (0 bytes).
    Removing nvic.o(.text.NVIC_SetEnable), (32 bytes).
    Removing nvic.o(.ARM.exidx.text.NVIC_SetEnable), (8 bytes).
    Removing nvic.o(.text.NVIC_ClearEnable), (32 bytes).
    Removing nvic.o(.ARM.exidx.text.NVIC_ClearEnable), (8 bytes).
    Removing nvic.o(.text.NVIC_SetPending), (32 bytes).
    Removing nvic.o(.ARM.exidx.text.NVIC_SetPending), (8 bytes).
    Removing nvic.o(.text.NVIC_ClearPending), (32 bytes).
    Removing nvic.o(.ARM.exidx.text.NVIC_ClearPending), (8 bytes).
    Removing nvic.o(.text.NVIC_IsActive), (28 bytes).
    Removing nvic.o(.ARM.exidx.text.NVIC_IsActive), (8 bytes).
    Removing nvic.o(.text.NVIC_SetPriority), (36 bytes).
    Removing nvic.o(.ARM.exidx.text.NVIC_SetPriority), (8 bytes).
    Removing nvic.o(.text.NVIC_GetPriority), (32 bytes).
    Removing nvic.o(.ARM.exidx.text.NVIC_GetPriority), (8 bytes).
    Removing sim.o(.text), (0 bytes).
    Removing sim.o(.text.SIM_Select_OSC32KSEL_OSC32KCLK), (24 bytes).
    Removing sim.o(.ARM.exidx.text.SIM_Select_OSC32KSEL_OSC32KCLK), (8 bytes).
    Removing sim.o(.text.SIM_Select_OSC32KSEL_RTC_CLKIN), (28 bytes).
    Removing sim.o(.ARM.exidx.text.SIM_Select_OSC32KSEL_RTC_CLKIN), (8 bytes).
    Removing sim.o(.text.SIM_Select_OSC32KSEL_RTC_LPO), (24 bytes).
    Removing sim.o(.ARM.exidx.text.SIM_Select_OSC32KSEL_RTC_LPO), (8 bytes).
    Removing sim.o(.text.SIM_Select_UART0SRC_OFF), (24 bytes).
    Removing sim.o(.ARM.exidx.text.SIM_Select_UART0SRC_OFF), (8 bytes).
    Removing sim.o(.text.SIM_Select_UART0SRC_MCGFLLCLK), (28 bytes).
    Removing sim.o(.ARM.exidx.text.SIM_Select_UART0SRC_MCGFLLCLK), (8 bytes).
    Removing sim.o(.text.SIM_Select_UART0SRC_OSCERCLK), (28 bytes).
    Removing sim.o(.ARM.exidx.text.SIM_Select_UART0SRC_OSCERCLK), (8 bytes).
    Removing sim.o(.ARM.exidx.text.SIM_Select_UART0SRC_MCGIRCLK), (8 bytes).
    Removing sim.o(.text.SIM_Select_TPMSRC_OFF), (24 bytes).
    Removing sim.o(.ARM.exidx.text.SIM_Select_TPMSRC_OFF), (8 bytes).
    Removing sim.o(.text.SIM_Select_TPMSRC_MCGFLLCLK), (28 bytes).
    Removing sim.o(.ARM.exidx.text.SIM_Select_TPMSRC_MCGFLLCLK), (8 bytes).
    Removing sim.o(.text.SIM_Select_TPMSRC_OSCERCLK), (28 bytes).
    Removing sim.o(.ARM.exidx.text.SIM_Select_TPMSRC_OSCERCLK), (8 bytes).
    Removing sim.o(.text.SIM_Select_TPMSRC_MCGIRCLK), (24 bytes).
    Removing sim.o(.ARM.exidx.text.SIM_Select_TPMSRC_MCGIRCLK), (8 bytes).
    Removing sim.o(.text.SIM_Select_FLL), (20 bytes).
    Removing sim.o(.ARM.exidx.text.SIM_Select_FLL), (8 bytes).
    Removing sim.o(.text.SIM_Select_PLL), (20 bytes).
    Removing sim.o(.ARM.exidx.text.SIM_Select_PLL), (8 bytes).
    Removing sim.o(.text.SIM_SelectCLKOUT_BUS), (24 bytes).
    Removing sim.o(.ARM.exidx.text.SIM_SelectCLKOUT_BUS), (8 bytes).
    Removing sim.o(.text.SIM_SelectCLKOUT_LPO), (24 bytes).
    Removing sim.o(.ARM.exidx.text.SIM_SelectCLKOUT_LPO), (8 bytes).
    Removing sim.o(.text.SIM_SelectCLKOUT_MCGIRCLK), (24 bytes).
    Removing sim.o(.ARM.exidx.text.SIM_SelectCLKOUT_MCGIRCLK), (8 bytes).
    Removing sim.o(.text.SIM_SelectCLKOUT_OSCERCLK), (24 bytes).
    Removing sim.o(.ARM.exidx.text.SIM_SelectCLKOUT_OSCERCLK), (8 bytes).
    Removing sim.o(.text.SIM_SelectRTC_CLOCKOUT_RTC), (16 bytes).
    Removing sim.o(.ARM.exidx.text.SIM_SelectRTC_CLOCKOUT_RTC), (8 bytes).
    Removing sim.o(.text.SIM_SelectRTC_CLOCKOUT_OSCERCLK), (16 bytes).
    Removing sim.o(.ARM.exidx.text.SIM_SelectRTC_CLOCKOUT_OSCERCLK), (8 bytes).
    Removing sim.o(.ARM.exidx.text.SIM_Get_SDID), (8 bytes).
    Removing sim.o(.text.SIM_Enable_SPI1), (28 bytes).
    Removing sim.o(.ARM.exidx.text.SIM_Enable_SPI1), (8 bytes).
    Removing sim.o(.text.SIM_Enable_SPI0), (28 bytes).
    Removing sim.o(.ARM.exidx.text.SIM_Enable_SPI0), (8 bytes).
    Removing sim.o(.text.SIM_Enable_CMP), (28 bytes).
    Removing sim.o(.ARM.exidx.text.SIM_Enable_CMP), (8 bytes).
    Removing sim.o(.text.SIM_Enable_UART2), (28 bytes).
    Removing sim.o(.ARM.exidx.text.SIM_Enable_UART2), (8 bytes).
    Removing sim.o(.text.SIM_Enable_UART1), (28 bytes).
    Removing sim.o(.ARM.exidx.text.SIM_Enable_UART1), (8 bytes).
    Removing sim.o(.text.SIM_Enable_UART0), (28 bytes).
    Removing sim.o(.ARM.exidx.text.SIM_Enable_UART0), (8 bytes).
    Removing sim.o(.text.SIM_Enable_I2C1), (24 bytes).
    Removing sim.o(.ARM.exidx.text.SIM_Enable_I2C1), (8 bytes).
    Removing sim.o(.text.SIM_Enable_I2C0), (24 bytes).
    Removing sim.o(.ARM.exidx.text.SIM_Enable_I2C0), (8 bytes).
    Removing sim.o(.text.SIM_Enable_SLCD), (28 bytes).
    Removing sim.o(.ARM.exidx.text.SIM_Enable_SLCD), (8 bytes).
    Removing sim.o(.text.SIM_Enable_PORTE), (28 bytes).
    Removing sim.o(.ARM.exidx.text.SIM_Enable_PORTE), (8 bytes).
    Removing sim.o(.text.SIM_Enable_PORTD), (28 bytes).
    Removing sim.o(.ARM.exidx.text.SIM_Enable_PORTD), (8 bytes).
    Removing sim.o(.text.SIM_Enable_PORTC), (28 bytes).
    Removing sim.o(.ARM.exidx.text.SIM_Enable_PORTC), (8 bytes).
    Removing sim.o(.text.SIM_Enable_PORTB), (28 bytes).
    Removing sim.o(.ARM.exidx.text.SIM_Enable_PORTB), (8 bytes).
    Removing sim.o(.ARM.exidx.text.SIM_Enable_PORTA), (8 bytes).
    Removing sim.o(.text.SIM_Enable_TSI), (24 bytes).
    Removing sim.o(.ARM.exidx.text.SIM_Enable_TSI), (8 bytes).
    Removing sim.o(.text.SIM_Enable_LPTMR), (24 bytes).
    Removing sim.o(.ARM.exidx.text.SIM_Enable_LPTMR), (8 bytes).
    Removing sim.o(.text.SIM_Enable_DAC0), (28 bytes).
    Removing sim.o(.ARM.exidx.text.SIM_Enable_DAC0), (8 bytes).
    Removing sim.o(.text.SIM_Enable_RTC), (28 bytes).
    Removing sim.o(.ARM.exidx.text.SIM_Enable_RTC), (8 bytes).
    Removing sim.o(.text.SIM_Enable_ADC0), (28 bytes).
    Removing sim.o(.ARM.exidx.text.SIM_Enable_ADC0), (8 bytes).
    Removing sim.o(.text.SIM_Enable_TPM2), (28 bytes).
    Removing sim.o(.ARM.exidx.text.SIM_Enable_TPM2), (8 bytes).
    Removing sim.o(.text.SIM_Enable_TPM1), (28 bytes).
    Removing sim.o(.ARM.exidx.text.SIM_Enable_TPM1), (8 bytes).
    Removing sim.o(.text.SIM_Enable_TPM0), (28 bytes).
    Removing sim.o(.ARM.exidx.text.SIM_Enable_TPM0), (8 bytes).
    Removing sim.o(.text.SIM_Enable_PIT), (28 bytes).
    Removing sim.o(.ARM.exidx.text.SIM_Enable_PIT), (8 bytes).
    Removing sim.o(.text.SIM_Enable_DMAMUX), (24 bytes).
    Removing sim.o(.ARM.exidx.text.SIM_Enable_DMAMUX), (8 bytes).
    Removing sim.o(.text.SIM_Enable_FTF), (24 bytes).
    Removing sim.o(.ARM.exidx.text.SIM_Enable_FTF), (8 bytes).
    Removing sim.o(.text.SIM_Enable_DMA), (28 bytes).
    Removing sim.o(.ARM.exidx.text.SIM_Enable_DMA), (8 bytes).
    Removing sim.o(.text.SIM_SetOUTDIV1), (36 bytes).
    Removing sim.o(.ARM.exidx.text.SIM_SetOUTDIV1), (8 bytes).
    Removing sim.o(.text.SIM_SetOUTDIV4), (44 bytes).
    Removing sim.o(.ARM.exidx.text.SIM_SetOUTDIV4), (8 bytes).
    Removing sim.o(.ARM.exidx.text.SIM_GetUID), (8 bytes).
    Removing sim.o(.ARM.exidx.text.SIM_DisableWatchDog), (8 bytes).
    Removing system_control.o(.text), (0 bytes).
    Removing system_control.o(.ARM.exidx.text.SCB_ReadCPUID), (8 bytes).
    Removing system_control.o(.text.SCB_GetPendingIRQNo), (16 bytes).
    Removing system_control.o(.ARM.exidx.text.SCB_GetPendingIRQNo), (8 bytes).
    Removing system_control.o(.text.SCB_SystemReset), (28 bytes).
    Removing system_control.o(.ARM.exidx.text.SCB_SystemReset), (8 bytes).
    Removing system_control.o(.text.SCB_SetSleepOnExit), (24 bytes).
    Removing system_control.o(.ARM.exidx.text.SCB_SetSleepOnExit), (8 bytes).
    Removing system_control.o(.text.SCB_SetSleepDeep), (24 bytes).
    Removing system_control.o(.ARM.exidx.text.SCB_SetSleepDeep), (8 bytes).
    Removing system_control.o(.text.SCB_SetSEVONPEND), (24 bytes).
    Removing system_control.o(.ARM.exidx.text.SCB_SetSEVONPEND), (8 bytes).
    Removing system_control.o(.text.SCB_EnableDivByZeroTrap), (2 bytes).
    Removing system_control.o(.ARM.exidx.text.SCB_EnableDivByZeroTrap), (8 bytes).
    Removing system_control.o(.text.SCB_EnableUnalignedTrap), (2 bytes).
    Removing system_control.o(.ARM.exidx.text.SCB_EnableUnalignedTrap), (8 bytes).
    Removing system_control.o(.text.SCB_EnableMemoryFault), (20 bytes).
    Removing system_control.o(.ARM.exidx.text.SCB_EnableMemoryFault), (8 bytes).
    Removing system_control.o(.text.SCB_EnableUsageFault), (20 bytes).
    Removing system_control.o(.ARM.exidx.text.SCB_EnableUsageFault), (8 bytes).
    Removing system_control.o(.text.SCB_EnableBusFault), (20 bytes).
    Removing system_control.o(.ARM.exidx.text.SCB_EnableBusFault), (8 bytes).
    Removing system_control.o(.text.SCB_GetFaulStatus), (212 bytes).
    Removing system_control.o(.ARM.exidx.text.SCB_GetFaulStatus), (8 bytes).
    Removing system_control.o(.text.SCB_EnableDWT), (28 bytes).
    Removing system_control.o(.ARM.exidx.text.SCB_EnableDWT), (8 bytes).
    Removing system_time.o(.text), (0 bytes).
    Removing system_time.o(.text.systick_timer_start), (36 bytes).
    Removing system_time.o(.ARM.exidx.text.systick_timer_start), (8 bytes).
    Removing system_time.o(.text.systick_timer_stop), (40 bytes).
    Removing system_time.o(.ARM.exidx.text.systick_timer_stop), (8 bytes).
    Removing system_time.o(.text.systick_timediff_us), (64 bytes).
    Removing system_time.o(.ARM.exidx.text.systick_timediff_us), (8 bytes).
    Removing system_time.o(.text.micros), (44 bytes).
    Removing system_time.o(.ARM.exidx.text.micros), (8 bytes).
    Removing system_time.o(.text.systick_enable), (48 bytes).
    Removing system_time.o(.ARM.exidx.text.systick_enable), (8 bytes).
    Removing system_time.o(.text.systick_handler), (32 bytes).
    Removing system_time.o(.ARM.exidx.text.systick_handler), (8 bytes).
    Removing system_time.o(.bss.ts1), (4 bytes).
    Removing system_time.o(.bss.sec), (4 bytes).
    Removing system_time.o(.bss.sec1), (4 bytes).
    Removing system_time.o(.bss.ts2), (4 bytes).
    Removing system_time.o(.bss.sec2), (4 bytes).
    Removing system_time.o(.data.us_per_tick), (4 bytes).
    Removing system_time.o(.bss.us), (4 bytes).
    Removing systick.o(.text), (0 bytes).
    Removing systick.o(.ARM.exidx.text.SysTick_Handler), (8 bytes).
    Removing systick.o(.ARM.exidx.text.SystickEnable), (8 bytes).
    Removing systick.o(.text.SystickSetReloadValue), (16 bytes).
    Removing systick.o(.ARM.exidx.text.SystickSetReloadValue), (8 bytes).
    Removing systick.o(.text.SystickDisable), (16 bytes).
    Removing systick.o(.ARM.exidx.text.SystickDisable), (8 bytes).
    Removing systick.o(.text.SystickGetValue), (12 bytes).
    Removing systick.o(.ARM.exidx.text.SystickGetValue), (8 bytes).

295 unused section(s) (total 4548 bytes) removed from the image.

==============================================================================

Image Symbol Table

    Local Symbols

    Symbol Name                              Value     Ov Type        Size  Object(Section)

    ../clib/angel/boardlib.s                 0x00000000   Number         0  boardinit1.o ABSOLUTE
    ../clib/angel/boardlib.s                 0x00000000   Number         0  boardinit2.o ABSOLUTE
    ../clib/angel/boardlib.s                 0x00000000   Number         0  boardinit3.o ABSOLUTE
    ../clib/angel/boardlib.s                 0x00000000   Number         0  boardshut.o ABSOLUTE
    ../clib/angel/handlers.s                 0x00000000   Number         0  __scatter_copy.o ABSOLUTE
    ../clib/angel/handlers.s                 0x00000000   Number         0  __scatter_zi.o ABSOLUTE
    ../clib/angel/kernel.s                   0x00000000   Number         0  __rtentry.o ABSOLUTE
    ../clib/angel/kernel.s                   0x00000000   Number         0  __rtentry2.o ABSOLUTE
    ../clib/angel/kernel.s                   0x00000000   Number         0  __rtentry4.o ABSOLUTE
    ../clib/angel/kernel.s                   0x00000000   Number         0  __rtentry7.o ABSOLUTE
    ../clib/angel/kernel.s                   0x00000000   Number         0  rtexit.o ABSOLUTE
    ../clib/angel/kernel.s                   0x00000000   Number         0  rtexit2.o ABSOLUTE
    ../clib/angel/rt.s                       0x00000000   Number         0  aeabi_idiv0.o ABSOLUTE
    ../clib/angel/rt.s                       0x00000000   Number         0  aeabi_idiv0_sigfpe.o ABSOLUTE
    ../clib/angel/rt.s                       0x00000000   Number         0  rt_div0.o ABSOLUTE
    ../clib/angel/rt.s                       0x00000000   Number         0  rt_raise.o ABSOLUTE
    ../clib/angel/scatterp.s                 0x00000000   Number         0  __scatter.o ABSOLUTE
    ../clib/angel/startup.s                  0x00000000   Number         0  __main.o ABSOLUTE
    ../clib/angel/sys.s                      0x00000000   Number         0  sys_stackheap_outer.o ABSOLUTE
    ../clib/angel/sys.s                      0x00000000   Number         0  libspace.o ABSOLUTE
    ../clib/angel/sys.s                      0x00000000   Number         0  sys_stackheap.o ABSOLUTE
    ../clib/angel/sys.s                      0x00000000   Number         0  tempstk.o ABSOLUTE
    ../clib/angel/sys.s                      0x00000000   Number         0  sys_stackheap_hlt.o ABSOLUTE
    ../clib/angel/sys.s                      0x00000000   Number         0  use_no_semi.o ABSOLUTE
    ../clib/angel/sys.s                      0x00000000   Number         0  indicate_semi.o ABSOLUTE
    ../clib/angel/sysapp.c                   0x00000000   Number         0  sys_exit.o ABSOLUTE
    ../clib/angel/sysapp.c                   0x00000000   Number         0  sys_exit_hlt.o ABSOLUTE
    ../clib/angel/sysapp.c                   0x00000000   Number         0  sys_wrch.o ABSOLUTE
    ../clib/angel/sysapp.c                   0x00000000   Number         0  sys_wrch_hlt.o ABSOLUTE
    ../clib/angel/sysapp.c                   0x00000000   Number         0  sys_command.o ABSOLUTE
    ../clib/angel/sysapp.c                   0x00000000   Number         0  sys_command_hlt.o ABSOLUTE
    ../clib/armsys.c                         0x00000000   Number         0  argv_veneer.o ABSOLUTE
    ../clib/armsys.c                         0x00000000   Number         0  _get_argv_nomalloc.o ABSOLUTE
    ../clib/armsys.c                         0x00000000   Number         0  no_argv.o ABSOLUTE
    ../clib/division.s                       0x00000000   Number         0  aeabi_sdivfast.o ABSOLUTE
    ../clib/division.s                       0x00000000   Number         0  aeabi_sdivfast_div0.o ABSOLUTE
    ../clib/heapalloc.c                      0x00000000   Number         0  hrguard.o ABSOLUTE
    ../clib/libinit.s                        0x00000000   Number         0  libinit.o ABSOLUTE
    ../clib/libinit.s                        0x00000000   Number         0  libinit2.o ABSOLUTE
    ../clib/libinit.s                        0x00000000   Number         0  libinit5.o ABSOLUTE
    ../clib/libinit.s                        0x00000000   Number         0  libshutdown.o ABSOLUTE
    ../clib/libinit.s                        0x00000000   Number         0  libshutdown2.o ABSOLUTE
    ../clib/signal.c                         0x00000000   Number         0  defsig_fpe_outer.o ABSOLUTE
    ../clib/signal.c                         0x00000000   Number         0  defsig_fpe_formal.o ABSOLUTE
    ../clib/signal.c                         0x00000000   Number         0  defsig_exit.o ABSOLUTE
    ../clib/signal.c                         0x00000000   Number         0  defsig_fpe_inner.o ABSOLUTE
    ../clib/signal.c                         0x00000000   Number         0  __raise.o ABSOLUTE
    ../clib/signal.c                         0x00000000   Number         0  defsig_general.o ABSOLUTE
    ../clib/signal.c                         0x00000000   Number         0  defsig_abrt_inner.o ABSOLUTE
    ../clib/signal.c                         0x00000000   Number         0  defsig_rtred_inner.o ABSOLUTE
    ../clib/signal.c                         0x00000000   Number         0  defsig_rtmem_inner.o ABSOLUTE
    ../clib/signal.c                         0x00000000   Number         0  defsig_rtmem_outer.o ABSOLUTE
    ../clib/signal.c                         0x00000000   Number         0  defsig_rtmem_formal.o ABSOLUTE
    ../clib/signal.c                         0x00000000   Number         0  defsig_stak_inner.o ABSOLUTE
    ../clib/signal.c                         0x00000000   Number         0  defsig_pvfn_inner.o ABSOLUTE
    ../clib/signal.c                         0x00000000   Number         0  defsig_cppl_inner.o ABSOLUTE
    ../clib/signal.c                         0x00000000   Number         0  defsig_segv_inner.o ABSOLUTE
    ../clib/signal.c                         0x00000000   Number         0  defsig_other.o ABSOLUTE
    ../clib/signal.s                         0x00000000   Number         0  defsig.o ABSOLUTE
    ../clib/stdlib.c                         0x00000000   Number         0  exit.o ABSOLUTE
    ../fplib/cfplib/fpinit.c                 0x00000000   Number         0  fpinit.o ABSOLUTE
    dc.s                                     0x00000000   Number         0  dc.o ABSOLUTE
    debug.c                                  0x00000000   Number         0  debug.o ABSOLUTE
    gpio.c                                   0x00000000   Number         0  gpio.o ABSOLUTE
    main.c                                   0x00000000   Number         0  main.o ABSOLUTE
    mcg.c                                    0x00000000   Number         0  mcg.o ABSOLUTE
    nvic.c                                   0x00000000   Number         0  nvic.o ABSOLUTE
    sim.c                                    0x00000000   Number         0  sim.o ABSOLUTE
    startup_MKL34Z4.s                        0x00000000   Number         0  startup_mkl34z4.o ABSOLUTE
    system_control.c                         0x00000000   Number         0  system_control.o ABSOLUTE
    system_time.c                            0x00000000   Number         0  system_time.o ABSOLUTE
    systick.c                                0x00000000   Number         0  systick.o ABSOLUTE
    RESET                                    0x00000000   Section      192  startup_mkl34z4.o(RESET)
    FlashConfig                              0x00000400   Section       16  startup_mkl34z4.o(FlashConfig)
    !!!main                                  0x00000410   Section        8  __main.o(!!!main)
    !!!scatter                               0x00000418   Section       60  __scatter.o(!!!scatter)
    !!handler_copy                           0x00000454   Section       26  __scatter_copy.o(!!handler_copy)
    !!handler_zi                             0x00000470   Section       28  __scatter_zi.o(!!handler_zi)
    .ARM.Collect$$libinit$$00000000          0x0000048c   Section        2  libinit.o(.ARM.Collect$$libinit$$00000000)
    .ARM.Collect$$libinit$$00000002          0x0000048e   Section        0  libinit2.o(.ARM.Collect$$libinit$$00000002)
    .ARM.Collect$$libinit$$00000004          0x0000048e   Section        0  libinit2.o(.ARM.Collect$$libinit$$00000004)
    .ARM.Collect$$libinit$$0000000A          0x0000048e   Section        0  libinit2.o(.ARM.Collect$$libinit$$0000000A)
    .ARM.Collect$$libinit$$0000000C          0x0000048e   Section        0  libinit2.o(.ARM.Collect$$libinit$$0000000C)
    .ARM.Collect$$libinit$$0000000E          0x0000048e   Section        0  libinit2.o(.ARM.Collect$$libinit$$0000000E)
    .ARM.Collect$$libinit$$00000011          0x0000048e   Section        0  libinit2.o(.ARM.Collect$$libinit$$00000011)
    .ARM.Collect$$libinit$$00000013          0x0000048e   Section        0  libinit2.o(.ARM.Collect$$libinit$$00000013)
    .ARM.Collect$$libinit$$00000015          0x0000048e   Section        0  libinit2.o(.ARM.Collect$$libinit$$00000015)
    .ARM.Collect$$libinit$$00000017          0x0000048e   Section        0  libinit2.o(.ARM.Collect$$libinit$$00000017)
    .ARM.Collect$$libinit$$00000019          0x0000048e   Section        0  libinit2.o(.ARM.Collect$$libinit$$00000019)
    .ARM.Collect$$libinit$$0000001B          0x0000048e   Section        0  libinit2.o(.ARM.Collect$$libinit$$0000001B)
    .ARM.Collect$$libinit$$0000001D          0x0000048e   Section        0  libinit2.o(.ARM.Collect$$libinit$$0000001D)
    .ARM.Collect$$libinit$$0000001F          0x0000048e   Section        0  libinit2.o(.ARM.Collect$$libinit$$0000001F)
    .ARM.Collect$$libinit$$00000021          0x0000048e   Section        0  libinit2.o(.ARM.Collect$$libinit$$00000021)
    .ARM.Collect$$libinit$$00000023          0x0000048e   Section        0  libinit2.o(.ARM.Collect$$libinit$$00000023)
    .ARM.Collect$$libinit$$00000025          0x0000048e   Section        0  libinit2.o(.ARM.Collect$$libinit$$00000025)
    .ARM.Collect$$libinit$$0000002C          0x0000048e   Section        0  libinit2.o(.ARM.Collect$$libinit$$0000002C)
    .ARM.Collect$$libinit$$0000002E          0x0000048e   Section        0  libinit2.o(.ARM.Collect$$libinit$$0000002E)
    .ARM.Collect$$libinit$$00000030          0x0000048e   Section        0  libinit2.o(.ARM.Collect$$libinit$$00000030)
    .ARM.Collect$$libinit$$00000032          0x0000048e   Section        0  libinit2.o(.ARM.Collect$$libinit$$00000032)
    .ARM.Collect$$libinit$$00000033          0x0000048e   Section        2  libinit2.o(.ARM.Collect$$libinit$$00000033)
    .ARM.Collect$$libshutdown$$00000000      0x00000490   Section        2  libshutdown.o(.ARM.Collect$$libshutdown$$00000000)
    .ARM.Collect$$libshutdown$$00000002      0x00000492   Section        0  libshutdown2.o(.ARM.Collect$$libshutdown$$00000002)
    .ARM.Collect$$libshutdown$$00000004      0x00000492   Section        0  libshutdown2.o(.ARM.Collect$$libshutdown$$00000004)
    .ARM.Collect$$libshutdown$$00000007      0x00000492   Section        0  libshutdown2.o(.ARM.Collect$$libshutdown$$00000007)
    .ARM.Collect$$libshutdown$$0000000A      0x00000492   Section        0  libshutdown2.o(.ARM.Collect$$libshutdown$$0000000A)
    .ARM.Collect$$libshutdown$$0000000C      0x00000492   Section        0  libshutdown2.o(.ARM.Collect$$libshutdown$$0000000C)
    .ARM.Collect$$libshutdown$$0000000F      0x00000492   Section        0  libshutdown2.o(.ARM.Collect$$libshutdown$$0000000F)
    .ARM.Collect$$libshutdown$$00000010      0x00000492   Section        2  libshutdown2.o(.ARM.Collect$$libshutdown$$00000010)
    .ARM.Collect$$rtentry$$00000000          0x00000494   Section        0  __rtentry.o(.ARM.Collect$$rtentry$$00000000)
    .ARM.Collect$$rtentry$$00000002          0x00000494   Section        0  __rtentry2.o(.ARM.Collect$$rtentry$$00000002)
    .ARM.Collect$$rtentry$$00000007          0x00000494   Section        4  __rtentry7.o(.ARM.Collect$$rtentry$$00000007)
    .ARM.Collect$$rtentry$$00000009          0x00000498   Section        0  __rtentry2.o(.ARM.Collect$$rtentry$$00000009)
    .ARM.Collect$$rtentry$$0000000A          0x00000498   Section        4  __rtentry2.o(.ARM.Collect$$rtentry$$0000000A)
    .ARM.Collect$$rtentry$$0000000C          0x0000049c   Section        0  __rtentry2.o(.ARM.Collect$$rtentry$$0000000C)
    .ARM.Collect$$rtentry$$0000000D          0x0000049c   Section        8  __rtentry2.o(.ARM.Collect$$rtentry$$0000000D)
    __lit__00000000                          0x000004a4   Data           4  __rtentry7.o(.ARM.Collect$$rtentry$$00002718)
    .ARM.Collect$$rtentry$$00002718          0x000004a4   Section        4  __rtentry7.o(.ARM.Collect$$rtentry$$00002718)
    .ARM.Collect$$rtexit$$00000000           0x000004a8   Section        2  rtexit.o(.ARM.Collect$$rtexit$$00000000)
    .ARM.Collect$$rtexit$$00000002           0x000004aa   Section        0  rtexit2.o(.ARM.Collect$$rtexit$$00000002)
    .ARM.Collect$$rtexit$$00000003           0x000004aa   Section        4  rtexit2.o(.ARM.Collect$$rtexit$$00000003)
    .ARM.Collect$$rtexit$$00000004           0x000004ae   Section        6  rtexit2.o(.ARM.Collect$$rtexit$$00000004)
    .text                                    0x000004b4   Section      148  startup_mkl34z4.o(.text)
    .text                                    0x00000548   Section        0  exit.o(.text)
    .text                                    0x00000558   Section        0  sys_exit.o(.text)
    .text                                    0x00000564   Section        2  use_no_semi.o(.text)
    [Anonymous Symbol]                       0x00000566   Section        0  gpio.o(.text.GPIO_EnablePin)
    .text                                    0x00000566   Section        0  indicate_semi.o(.text)
    [Anonymous Symbol]                       0x00000580   Section        0  gpio.o(.text.GPIO_GetInstance)
    __arm_cp.0_0                             0x0000058c   Number         4  gpio.o(.text.GPIO_GetInstance)
    [Anonymous Symbol]                       0x00000590   Section        0  gpio.o(.text.GPIO_IsSet)
    [Anonymous Symbol]                       0x0000059c   Section        0  gpio.o(.text.GPIO_PullDown)
    [Anonymous Symbol]                       0x000005b2   Section        0  gpio.o(.text.GPIO_PullUp)
    [Anonymous Symbol]                       0x000005c8   Section        0  gpio.o(.text.GPIO_ResetPin)
    [Anonymous Symbol]                       0x000005d6   Section        0  gpio.o(.text.GPIO_SetDirectionIn)
    [Anonymous Symbol]                       0x000005e4   Section        0  gpio.o(.text.GPIO_SetDirectionOut)
    [Anonymous Symbol]                       0x000005f2   Section        0  gpio.o(.text.GPIO_SetPin)
    [Anonymous Symbol]                       0x00000600   Section        0  gpio.o(.text.GPIO_SetSlewRateFast)
    [Anonymous Symbol]                       0x0000060e   Section        0  gpio.o(.text.GPIO_TogglePin)
    [Anonymous Symbol]                       0x0000061c   Section        0  mcg.o(.text.MCG_Select_MCGOUTCLK_IRC)
    __arm_cp.1_0                             0x00000630   Number         4  mcg.o(.text.MCG_Select_MCGOUTCLK_IRC)
    [Anonymous Symbol]                       0x00000634   Section        0  mcg.o(.text.MCG_Set_IRC_Fast)
    [Anonymous Symbol]                       0x00000640   Section        0  mcg.o(.text.MCG_Set_IRC_Slow)
    __arm_cp.16_0                            0x0000064c   Number         4  mcg.o(.text.MCG_Set_IRC_Slow)
    [Anonymous Symbol]                       0x00000650   Section        0  mcg.o(.text.MCG_Set_PLLS_FLL)
    __arm_cp.26_0                            0x0000065c   Number         4  mcg.o(.text.MCG_Set_PLLS_FLL)
    [Anonymous Symbol]                       0x00000660   Section        0  system_control.o(.text.SCB_ReadCPUID)
    __arm_cp.0_0                             0x0000069c   Number         4  system_control.o(.text.SCB_ReadCPUID)
    [Anonymous Symbol]                       0x000006a0   Section        0  sim.o(.text.SIM_DisableWatchDog)
    __arm_cp.49_0                            0x000006a8   Number         4  sim.o(.text.SIM_DisableWatchDog)
    [Anonymous Symbol]                       0x000006ac   Section        0  sim.o(.text.SIM_Enable_PORTA)
    __arm_cp.33_0                            0x000006c4   Number         4  sim.o(.text.SIM_Enable_PORTA)
    [Anonymous Symbol]                       0x000006c8   Section        0  sim.o(.text.SIM_GetUID)
    __arm_cp.48_0                            0x000006dc   Number         4  sim.o(.text.SIM_GetUID)
    [Anonymous Symbol]                       0x000006e0   Section        0  sim.o(.text.SIM_Get_SDID)
    __arm_cp.19_0                            0x00000724   Number         4  sim.o(.text.SIM_Get_SDID)
    [Anonymous Symbol]                       0x00000728   Section        0  sim.o(.text.SIM_Select_UART0SRC_MCGIRCLK)
    __arm_cp.6_0                             0x0000073c   Number         4  sim.o(.text.SIM_Select_UART0SRC_MCGIRCLK)
    [Anonymous Symbol]                       0x00000740   Section        0  systick.o(.text.SysTick_Handler)
    [Anonymous Symbol]                       0x00000750   Section        0  main.o(.text.SystemInit)
    [Anonymous Symbol]                       0x00000754   Section        0  systick.o(.text.SystickEnable)
    __arm_cp.1_0                             0x0000078c   Number         4  systick.o(.text.SystickEnable)
    __arm_cp.1_1                             0x00000790   Number         4  systick.o(.text.SystickEnable)
    delay_ms                                 0x00000795   Thumb Code    36  main.o(.text.delay_ms)
    [Anonymous Symbol]                       0x00000794   Section        0  main.o(.text.delay_ms)
    [Anonymous Symbol]                       0x000007b8   Section        0  main.o(.text.main)
    __arm_cp.1_0                             0x000008b0   Number         4  main.o(.text.main)
    .text_divfast                            0x000008b4   Section      502  aeabi_sdivfast.o(.text_divfast)
    GPIO_PORT_list                           0x1ffff804   Data         160  gpio.o(.data.GPIO_PORT_list)
    [Anonymous Symbol]                       0x1ffff804   Section        0  gpio.o(.data.GPIO_PORT_list)
    g_handler                                0x1ffff8a4   Data           4  systick.o(.bss.g_handler)
    [Anonymous Symbol]                       0x1ffff8a4   Section        0  systick.o(.bss.g_handler)

    Global Symbols

    Symbol Name                              Value     Ov Type        Size  Object(Section)

    BuildAttributes$$THM_ISAv3M$S$PE$A:L22$X:L11$S22$IEEE1$IW$~IW$USESV6$~STKCKD$USESV7$~SHL$OTIME$ROPI$EBA8$UX$STANDARDLIB$REQ8$PRES8$EABIv2 0x00000000   Number         0  anon$$obj.o ABSOLUTE
    __Vectors                                0x00000000   Data           4  startup_mkl34z4.o(RESET)
    Image$$ZI$$Limit                          - Undefined Weak Reference
    __ARM_exceptions_init                     - Undefined Weak Reference
    __alloca_initialize                       - Undefined Weak Reference
    __arm_preinit_                            - Undefined Weak Reference
    __cpp_initialize__aeabi_                  - Undefined Weak Reference
    __cxa_finalize                            - Undefined Weak Reference
    __rt_locale                               - Undefined Weak Reference
    __sigvec_lookup                           - Undefined Weak Reference
    _atexit_init                              - Undefined Weak Reference
    _call_atexit_fns                          - Undefined Weak Reference
    _clock_init                               - Undefined Weak Reference
    _fp_trap_init                             - Undefined Weak Reference
    _fp_trap_shutdown                         - Undefined Weak Reference
    _get_lc_collate                           - Undefined Weak Reference
    _get_lc_ctype                             - Undefined Weak Reference
    _get_lc_monetary                          - Undefined Weak Reference
    _get_lc_numeric                           - Undefined Weak Reference
    _get_lc_time                              - Undefined Weak Reference
    _getenv_init                              - Undefined Weak Reference
    _handle_redirection                       - Undefined Weak Reference
    _init_alloc                               - Undefined Weak Reference
    _init_user_alloc                          - Undefined Weak Reference
    _initio                                   - Undefined Weak Reference
    _rand_init                                - Undefined Weak Reference
    _signal_finish                            - Undefined Weak Reference
    _signal_init                              - Undefined Weak Reference
    _terminate_alloc                          - Undefined Weak Reference
    _terminate_user_alloc                     - Undefined Weak Reference
    _terminateio                              - Undefined Weak Reference
    __Vectors_End                            0x000000c0   Data           0  startup_mkl34z4.o(RESET)
    __Vectors_Size                           0x000000c0   Number         0  startup_mkl34z4.o ABSOLUTE
    __main                                   0x00000411   Thumb Code     8  __main.o(!!!main)
    __scatterload                            0x00000419   Thumb Code     0  __scatter.o(!!!scatter)
    __scatterload_rt2                        0x00000419   Thumb Code    52  __scatter.o(!!!scatter)
    __scatterload_rt2_thumb_only             0x00000419   Thumb Code     0  __scatter.o(!!!scatter)
    __scatterload_null                       0x00000429   Thumb Code     0  __scatter.o(!!!scatter)
    __scatterload_copy                       0x00000455   Thumb Code    26  __scatter_copy.o(!!handler_copy)
    __scatterload_zeroinit                   0x00000471   Thumb Code    28  __scatter_zi.o(!!handler_zi)
    __rt_lib_init                            0x0000048d   Thumb Code     0  libinit.o(.ARM.Collect$$libinit$$00000000)
    __rt_lib_init_alloca_1                   0x0000048f   Thumb Code     0  libinit2.o(.ARM.Collect$$libinit$$0000002E)
    __rt_lib_init_argv_1                     0x0000048f   Thumb Code     0  libinit2.o(.ARM.Collect$$libinit$$0000002C)
    __rt_lib_init_atexit_1                   0x0000048f   Thumb Code     0  libinit2.o(.ARM.Collect$$libinit$$0000001B)
    __rt_lib_init_clock_1                    0x0000048f   Thumb Code     0  libinit2.o(.ARM.Collect$$libinit$$00000021)
    __rt_lib_init_cpp_1                      0x0000048f   Thumb Code     0  libinit2.o(.ARM.Collect$$libinit$$00000032)
    __rt_lib_init_exceptions_1               0x0000048f   Thumb Code     0  libinit2.o(.ARM.Collect$$libinit$$00000030)
    __rt_lib_init_fp_1                       0x0000048f   Thumb Code     0  libinit2.o(.ARM.Collect$$libinit$$00000002)
    __rt_lib_init_fp_trap_1                  0x0000048f   Thumb Code     0  libinit2.o(.ARM.Collect$$libinit$$0000001F)
    __rt_lib_init_getenv_1                   0x0000048f   Thumb Code     0  libinit2.o(.ARM.Collect$$libinit$$00000023)
    __rt_lib_init_heap_1                     0x0000048f   Thumb Code     0  libinit2.o(.ARM.Collect$$libinit$$0000000A)
    __rt_lib_init_lc_collate_1               0x0000048f   Thumb Code     0  libinit2.o(.ARM.Collect$$libinit$$00000011)
    __rt_lib_init_lc_ctype_1                 0x0000048f   Thumb Code     0  libinit2.o(.ARM.Collect$$libinit$$00000013)
    __rt_lib_init_lc_monetary_1              0x0000048f   Thumb Code     0  libinit2.o(.ARM.Collect$$libinit$$00000015)
    __rt_lib_init_lc_numeric_1               0x0000048f   Thumb Code     0  libinit2.o(.ARM.Collect$$libinit$$00000017)
    __rt_lib_init_lc_time_1                  0x0000048f   Thumb Code     0  libinit2.o(.ARM.Collect$$libinit$$00000019)
    __rt_lib_init_preinit_1                  0x0000048f   Thumb Code     0  libinit2.o(.ARM.Collect$$libinit$$00000004)
    __rt_lib_init_rand_1                     0x0000048f   Thumb Code     0  libinit2.o(.ARM.Collect$$libinit$$0000000E)
    __rt_lib_init_return                     0x0000048f   Thumb Code     0  libinit2.o(.ARM.Collect$$libinit$$00000033)
    __rt_lib_init_signal_1                   0x0000048f   Thumb Code     0  libinit2.o(.ARM.Collect$$libinit$$0000001D)
    __rt_lib_init_stdio_1                    0x0000048f   Thumb Code     0  libinit2.o(.ARM.Collect$$libinit$$00000025)
    __rt_lib_init_user_alloc_1               0x0000048f   Thumb Code     0  libinit2.o(.ARM.Collect$$libinit$$0000000C)
    __rt_lib_shutdown                        0x00000491   Thumb Code     0  libshutdown.o(.ARM.Collect$$libshutdown$$00000000)
    __rt_lib_shutdown_cpp_1                  0x00000493   Thumb Code     0  libshutdown2.o(.ARM.Collect$$libshutdown$$00000002)
    __rt_lib_shutdown_fp_trap_1              0x00000493   Thumb Code     0  libshutdown2.o(.ARM.Collect$$libshutdown$$00000007)
    __rt_lib_shutdown_heap_1                 0x00000493   Thumb Code     0  libshutdown2.o(.ARM.Collect$$libshutdown$$0000000F)
    __rt_lib_shutdown_return                 0x00000493   Thumb Code     0  libshutdown2.o(.ARM.Collect$$libshutdown$$00000010)
    __rt_lib_shutdown_signal_1               0x00000493   Thumb Code     0  libshutdown2.o(.ARM.Collect$$libshutdown$$0000000A)
    __rt_lib_shutdown_stdio_1                0x00000493   Thumb Code     0  libshutdown2.o(.ARM.Collect$$libshutdown$$00000004)
    __rt_lib_shutdown_user_alloc_1           0x00000493   Thumb Code     0  libshutdown2.o(.ARM.Collect$$libshutdown$$0000000C)
    __rt_entry                               0x00000495   Thumb Code     0  __rtentry.o(.ARM.Collect$$rtentry$$00000000)
    __rt_entry_presh_1                       0x00000495   Thumb Code     0  __rtentry2.o(.ARM.Collect$$rtentry$$00000002)
    __rt_entry_sh                            0x00000495   Thumb Code     0  __rtentry7.o(.ARM.Collect$$rtentry$$00000007)
    __rt_entry_li                            0x00000499   Thumb Code     0  __rtentry2.o(.ARM.Collect$$rtentry$$0000000A)
    __rt_entry_postsh_1                      0x00000499   Thumb Code     0  __rtentry2.o(.ARM.Collect$$rtentry$$00000009)
    __rt_entry_main                          0x0000049d   Thumb Code     0  __rtentry2.o(.ARM.Collect$$rtentry$$0000000D)
    __rt_entry_postli_1                      0x0000049d   Thumb Code     0  __rtentry2.o(.ARM.Collect$$rtentry$$0000000C)
    __rt_exit                                0x000004a9   Thumb Code     0  rtexit.o(.ARM.Collect$$rtexit$$00000000)
    __rt_exit_ls                             0x000004ab   Thumb Code     0  rtexit2.o(.ARM.Collect$$rtexit$$00000003)
    __rt_exit_prels_1                        0x000004ab   Thumb Code     0  rtexit2.o(.ARM.Collect$$rtexit$$00000002)
    __rt_exit_exit                           0x000004af   Thumb Code     0  rtexit2.o(.ARM.Collect$$rtexit$$00000004)
    Reset_Handler                            0x000004b5   Thumb Code    24  startup_mkl34z4.o(.text)
    NMI_Handler                              0x000004cd   Thumb Code     2  startup_mkl34z4.o(.text)
    HardFault_Handler                        0x000004cf   Thumb Code     2  startup_mkl34z4.o(.text)
    SVC_Handler                              0x000004d1   Thumb Code     2  startup_mkl34z4.o(.text)
    PendSV_Handler                           0x000004d3   Thumb Code     2  startup_mkl34z4.o(.text)
    DMA0_IRQHandler                          0x000004d7   Thumb Code     4  startup_mkl34z4.o(.text)
    DMA1_IRQHandler                          0x000004db   Thumb Code     4  startup_mkl34z4.o(.text)
    DMA2_IRQHandler                          0x000004df   Thumb Code     4  startup_mkl34z4.o(.text)
    DMA3_IRQHandler                          0x000004e3   Thumb Code     4  startup_mkl34z4.o(.text)
    I2C0_IRQHandler                          0x000004e7   Thumb Code     4  startup_mkl34z4.o(.text)
    I2C1_IRQHandler                          0x000004eb   Thumb Code     4  startup_mkl34z4.o(.text)
    SPI0_IRQHandler                          0x000004ef   Thumb Code     4  startup_mkl34z4.o(.text)
    SPI1_IRQHandler                          0x000004f3   Thumb Code     4  startup_mkl34z4.o(.text)
    UART0_IRQHandler                         0x000004f7   Thumb Code     4  startup_mkl34z4.o(.text)
    UART1_IRQHandler                         0x000004fb   Thumb Code     4  startup_mkl34z4.o(.text)
    UART2_IRQHandler                         0x000004ff   Thumb Code     4  startup_mkl34z4.o(.text)
    ADC0_IRQHandler                          0x00000503   Thumb Code     0  startup_mkl34z4.o(.text)
    CMP0_IRQHandler                          0x00000503   Thumb Code     0  startup_mkl34z4.o(.text)
    DMA0_DriverIRQHandler                    0x00000503   Thumb Code     0  startup_mkl34z4.o(.text)
    DMA1_DriverIRQHandler                    0x00000503   Thumb Code     0  startup_mkl34z4.o(.text)
    DMA2_DriverIRQHandler                    0x00000503   Thumb Code     0  startup_mkl34z4.o(.text)
    DMA3_DriverIRQHandler                    0x00000503   Thumb Code     0  startup_mkl34z4.o(.text)
    DefaultISR                               0x00000503   Thumb Code     0  startup_mkl34z4.o(.text)
    FTFA_IRQHandler                          0x00000503   Thumb Code     0  startup_mkl34z4.o(.text)
    I2C0_DriverIRQHandler                    0x00000503   Thumb Code     0  startup_mkl34z4.o(.text)
    I2C1_DriverIRQHandler                    0x00000503   Thumb Code     0  startup_mkl34z4.o(.text)
    LCD_IRQHandler                           0x00000503   Thumb Code     0  startup_mkl34z4.o(.text)
    LLWU_IRQHandler                          0x00000503   Thumb Code     0  startup_mkl34z4.o(.text)
    LPTMR0_IRQHandler                        0x00000503   Thumb Code     0  startup_mkl34z4.o(.text)
    LVD_LVW_IRQHandler                       0x00000503   Thumb Code     0  startup_mkl34z4.o(.text)
    MCG_IRQHandler                           0x00000503   Thumb Code     0  startup_mkl34z4.o(.text)
    PIT_IRQHandler                           0x00000503   Thumb Code     0  startup_mkl34z4.o(.text)
    PORTA_IRQHandler                         0x00000503   Thumb Code     0  startup_mkl34z4.o(.text)
    PORTC_PORTD_IRQHandler                   0x00000503   Thumb Code     0  startup_mkl34z4.o(.text)
    RTC_IRQHandler                           0x00000503   Thumb Code     0  startup_mkl34z4.o(.text)
    RTC_Seconds_IRQHandler                   0x00000503   Thumb Code     0  startup_mkl34z4.o(.text)
    Reserved20_IRQHandler                    0x00000503   Thumb Code     0  startup_mkl34z4.o(.text)
    Reserved39_IRQHandler                    0x00000503   Thumb Code     0  startup_mkl34z4.o(.text)
    Reserved40_IRQHandler                    0x00000503   Thumb Code     0  startup_mkl34z4.o(.text)
    Reserved41_IRQHandler                    0x00000503   Thumb Code     0  startup_mkl34z4.o(.text)
    Reserved42_IRQHandler                    0x00000503   Thumb Code     0  startup_mkl34z4.o(.text)
    SPI0_DriverIRQHandler                    0x00000503   Thumb Code     0  startup_mkl34z4.o(.text)
    SPI1_DriverIRQHandler                    0x00000503   Thumb Code     0  startup_mkl34z4.o(.text)
    TPM0_IRQHandler                          0x00000503   Thumb Code     0  startup_mkl34z4.o(.text)
    TPM1_IRQHandler                          0x00000503   Thumb Code     0  startup_mkl34z4.o(.text)
    TPM2_IRQHandler                          0x00000503   Thumb Code     0  startup_mkl34z4.o(.text)
    UART0_DriverIRQHandler                   0x00000503   Thumb Code     0  startup_mkl34z4.o(.text)
    UART1_DriverIRQHandler                   0x00000503   Thumb Code     0  startup_mkl34z4.o(.text)
    UART2_DriverIRQHandler                   0x00000503   Thumb Code     0  startup_mkl34z4.o(.text)
    exit                                     0x00000549   Thumb Code    16  exit.o(.text)
    _sys_exit                                0x00000559   Thumb Code     8  sys_exit.o(.text)
    __I$use$semihosting                      0x00000565   Thumb Code     0  use_no_semi.o(.text)
    __use_no_semihosting_swi                 0x00000565   Thumb Code     2  use_no_semi.o(.text)
    GPIO_EnablePin                           0x00000567   Thumb Code    26  gpio.o(.text.GPIO_EnablePin)
    __semihosting_library_function           0x00000567   Thumb Code     0  indicate_semi.o(.text)
    GPIO_GetInstance                         0x00000581   Thumb Code    12  gpio.o(.text.GPIO_GetInstance)
    GPIO_IsSet                               0x00000591   Thumb Code    12  gpio.o(.text.GPIO_IsSet)
    GPIO_PullDown                            0x0000059d   Thumb Code    22  gpio.o(.text.GPIO_PullDown)
    GPIO_PullUp                              0x000005b3   Thumb Code    22  gpio.o(.text.GPIO_PullUp)
    GPIO_ResetPin                            0x000005c9   Thumb Code    14  gpio.o(.text.GPIO_ResetPin)
    GPIO_SetDirectionIn                      0x000005d7   Thumb Code    14  gpio.o(.text.GPIO_SetDirectionIn)
    GPIO_SetDirectionOut                     0x000005e5   Thumb Code    14  gpio.o(.text.GPIO_SetDirectionOut)
    GPIO_SetPin                              0x000005f3   Thumb Code    14  gpio.o(.text.GPIO_SetPin)
    GPIO_SetSlewRateFast                     0x00000601   Thumb Code    14  gpio.o(.text.GPIO_SetSlewRateFast)
    GPIO_TogglePin                           0x0000060f   Thumb Code    14  gpio.o(.text.GPIO_TogglePin)
    MCG_Select_MCGOUTCLK_IRC                 0x0000061d   Thumb Code    20  mcg.o(.text.MCG_Select_MCGOUTCLK_IRC)
    MCG_Set_IRC_Fast                         0x00000635   Thumb Code    12  mcg.o(.text.MCG_Set_IRC_Fast)
    MCG_Set_IRC_Slow                         0x00000641   Thumb Code    12  mcg.o(.text.MCG_Set_IRC_Slow)
    MCG_Set_PLLS_FLL                         0x00000651   Thumb Code    12  mcg.o(.text.MCG_Set_PLLS_FLL)
    SCB_ReadCPUID                            0x00000661   Thumb Code    60  system_control.o(.text.SCB_ReadCPUID)
    SIM_DisableWatchDog                      0x000006a1   Thumb Code     8  sim.o(.text.SIM_DisableWatchDog)
    SIM_Enable_PORTA                         0x000006ad   Thumb Code    24  sim.o(.text.SIM_Enable_PORTA)
    SIM_GetUID                               0x000006c9   Thumb Code    20  sim.o(.text.SIM_GetUID)
    SIM_Get_SDID                             0x000006e1   Thumb Code    68  sim.o(.text.SIM_Get_SDID)
    SIM_Select_UART0SRC_MCGIRCLK             0x00000729   Thumb Code    20  sim.o(.text.SIM_Select_UART0SRC_MCGIRCLK)
    SysTick_Handler                          0x00000741   Thumb Code    16  systick.o(.text.SysTick_Handler)
    SystemInit                               0x00000751   Thumb Code     2  main.o(.text.SystemInit)
    SystickEnable                            0x00000755   Thumb Code    56  systick.o(.text.SystickEnable)
    main                                     0x000007b9   Thumb Code   248  main.o(.text.main)
    __aeabi_uidiv                            0x000008b5   Thumb Code    68  aeabi_sdivfast.o(.text_divfast)
    __aeabi_idiv                             0x000008f9   Thumb Code   434  aeabi_sdivfast.o(.text_divfast)
    Region$$Table$$Base                      0x00000aac   Number         0  anon$$obj.o(Region$$Table)
    Region$$Table$$Limit                     0x00000acc   Number         0  anon$$obj.o(Region$$Table)
    CORE_FREQ                                0x1ffff800   Data           4  main.o(.data.CORE_FREQ)
    Image$$ARM_LIB_HEAP$$ZI$$Base            0x1ffff8a8   Number         0  anon$$obj.o ABSOLUTE
    Image$$ARM_LIB_HEAP$$ZI$$Limit           0x1ffff9a8   Number         0  anon$$obj.o ABSOLUTE
    Image$$ARM_LIB_STACK$$ZI$$Limit          0x20001800   Number         0  anon$$obj.o ABSOLUTE



==============================================================================

Memory Map of the image

  Image Entry point : 0x00000411

  Load Region LR_m_text (Base: 0x00000000, Size: 0x00000b70, Max: 0x00010000, ABSOLUTE)

    Execution Region VECTOR_ROM (Exec base: 0x00000000, Load base: 0x00000000, Size: 0x000000c0, Max: 0x00000200, ABSOLUTE)

    Exec Addr    Load Addr    Size         Type   Attr      Idx    E Section Name        Object

    0x00000000   0x00000000   0x000000c0   Data   RO            3    RESET               startup_mkl34z4.o


    Execution Region ER_m_flash_config (Exec base: 0x00000400, Load base: 0x00000400, Size: 0x00000010, Max: 0x00000010, ABSOLUTE, FIXED)

    Exec Addr    Load Addr    Size         Type   Attr      Idx    E Section Name        Object

    0x00000400   0x00000400   0x00000010   Data   RO            4    FlashConfig         startup_mkl34z4.o


    Execution Region ER_m_text (Exec base: 0x00000410, Load base: 0x00000410, Size: 0x000006bc, Max: 0x0000fbf0, ABSOLUTE)

    Exec Addr    Load Addr    Size         Type   Attr      Idx    E Section Name        Object

    0x00000410   0x00000410   0x00000008   Code   RO          408  * !!!main             c_p.l(__main.o)
    0x00000418   0x00000418   0x0000003c   Code   RO          596    !!!scatter          c_p.l(__scatter.o)
    0x00000454   0x00000454   0x0000001a   Code   RO          598    !!handler_copy      c_p.l(__scatter_copy.o)
    0x0000046e   0x0000046e   0x00000002   PAD
    0x00000470   0x00000470   0x0000001c   Code   RO          600    !!handler_zi        c_p.l(__scatter_zi.o)
    0x0000048c   0x0000048c   0x00000002   Code   RO          451    .ARM.Collect$$libinit$$00000000  c_p.l(libinit.o)
    0x0000048e   0x0000048e   0x00000000   Code   RO          469    .ARM.Collect$$libinit$$00000002  c_p.l(libinit2.o)
    0x0000048e   0x0000048e   0x00000000   Code   RO          471    .ARM.Collect$$libinit$$00000004  c_p.l(libinit2.o)
    0x0000048e   0x0000048e   0x00000000   Code   RO          474    .ARM.Collect$$libinit$$0000000A  c_p.l(libinit2.o)
    0x0000048e   0x0000048e   0x00000000   Code   RO          476    .ARM.Collect$$libinit$$0000000C  c_p.l(libinit2.o)
    0x0000048e   0x0000048e   0x00000000   Code   RO          478    .ARM.Collect$$libinit$$0000000E  c_p.l(libinit2.o)
    0x0000048e   0x0000048e   0x00000000   Code   RO          481    .ARM.Collect$$libinit$$00000011  c_p.l(libinit2.o)
    0x0000048e   0x0000048e   0x00000000   Code   RO          483    .ARM.Collect$$libinit$$00000013  c_p.l(libinit2.o)
    0x0000048e   0x0000048e   0x00000000   Code   RO          485    .ARM.Collect$$libinit$$00000015  c_p.l(libinit2.o)
    0x0000048e   0x0000048e   0x00000000   Code   RO          487    .ARM.Collect$$libinit$$00000017  c_p.l(libinit2.o)
    0x0000048e   0x0000048e   0x00000000   Code   RO          489    .ARM.Collect$$libinit$$00000019  c_p.l(libinit2.o)
    0x0000048e   0x0000048e   0x00000000   Code   RO          491    .ARM.Collect$$libinit$$0000001B  c_p.l(libinit2.o)
    0x0000048e   0x0000048e   0x00000000   Code   RO          493    .ARM.Collect$$libinit$$0000001D  c_p.l(libinit2.o)
    0x0000048e   0x0000048e   0x00000000   Code   RO          495    .ARM.Collect$$libinit$$0000001F  c_p.l(libinit2.o)
    0x0000048e   0x0000048e   0x00000000   Code   RO          497    .ARM.Collect$$libinit$$00000021  c_p.l(libinit2.o)
    0x0000048e   0x0000048e   0x00000000   Code   RO          499    .ARM.Collect$$libinit$$00000023  c_p.l(libinit2.o)
    0x0000048e   0x0000048e   0x00000000   Code   RO          501    .ARM.Collect$$libinit$$00000025  c_p.l(libinit2.o)
    0x0000048e   0x0000048e   0x00000000   Code   RO          505    .ARM.Collect$$libinit$$0000002C  c_p.l(libinit2.o)
    0x0000048e   0x0000048e   0x00000000   Code   RO          507    .ARM.Collect$$libinit$$0000002E  c_p.l(libinit2.o)
    0x0000048e   0x0000048e   0x00000000   Code   RO          509    .ARM.Collect$$libinit$$00000030  c_p.l(libinit2.o)
    0x0000048e   0x0000048e   0x00000000   Code   RO          511    .ARM.Collect$$libinit$$00000032  c_p.l(libinit2.o)
    0x0000048e   0x0000048e   0x00000002   Code   RO          512    .ARM.Collect$$libinit$$00000033  c_p.l(libinit2.o)
    0x00000490   0x00000490   0x00000002   Code   RO          551    .ARM.Collect$$libshutdown$$00000000  c_p.l(libshutdown.o)
    0x00000492   0x00000492   0x00000000   Code   RO          579    .ARM.Collect$$libshutdown$$00000002  c_p.l(libshutdown2.o)
    0x00000492   0x00000492   0x00000000   Code   RO          581    .ARM.Collect$$libshutdown$$00000004  c_p.l(libshutdown2.o)
    0x00000492   0x00000492   0x00000000   Code   RO          584    .ARM.Collect$$libshutdown$$00000007  c_p.l(libshutdown2.o)
    0x00000492   0x00000492   0x00000000   Code   RO          587    .ARM.Collect$$libshutdown$$0000000A  c_p.l(libshutdown2.o)
    0x00000492   0x00000492   0x00000000   Code   RO          589    .ARM.Collect$$libshutdown$$0000000C  c_p.l(libshutdown2.o)
    0x00000492   0x00000492   0x00000000   Code   RO          592    .ARM.Collect$$libshutdown$$0000000F  c_p.l(libshutdown2.o)
    0x00000492   0x00000492   0x00000002   Code   RO          593    .ARM.Collect$$libshutdown$$00000010  c_p.l(libshutdown2.o)
    0x00000494   0x00000494   0x00000000   Code   RO          410    .ARM.Collect$$rtentry$$00000000  c_p.l(__rtentry.o)
    0x00000494   0x00000494   0x00000000   Code   RO          416    .ARM.Collect$$rtentry$$00000002  c_p.l(__rtentry2.o)
    0x00000494   0x00000494   0x00000004   Code   RO          430    .ARM.Collect$$rtentry$$00000007  c_p.l(__rtentry7.o)
    0x00000498   0x00000498   0x00000000   Code   RO          418    .ARM.Collect$$rtentry$$00000009  c_p.l(__rtentry2.o)
    0x00000498   0x00000498   0x00000004   Code   RO          419    .ARM.Collect$$rtentry$$0000000A  c_p.l(__rtentry2.o)
    0x0000049c   0x0000049c   0x00000000   Code   RO          421    .ARM.Collect$$rtentry$$0000000C  c_p.l(__rtentry2.o)
    0x0000049c   0x0000049c   0x00000008   Code   RO          422    .ARM.Collect$$rtentry$$0000000D  c_p.l(__rtentry2.o)
    0x000004a4   0x000004a4   0x00000004   Code   RO          431    .ARM.Collect$$rtentry$$00002718  c_p.l(__rtentry7.o)
    0x000004a8   0x000004a8   0x00000002   Code   RO          460    .ARM.Collect$$rtexit$$00000000  c_p.l(rtexit.o)
    0x000004aa   0x000004aa   0x00000000   Code   RO          525    .ARM.Collect$$rtexit$$00000002  c_p.l(rtexit2.o)
    0x000004aa   0x000004aa   0x00000004   Code   RO          526    .ARM.Collect$$rtexit$$00000003  c_p.l(rtexit2.o)
    0x000004ae   0x000004ae   0x00000006   Code   RO          527    .ARM.Collect$$rtexit$$00000004  c_p.l(rtexit2.o)
    0x000004b4   0x000004b4   0x00000094   Code   RO            5    .text               startup_mkl34z4.o
    0x00000548   0x00000548   0x00000010   Code   RO          440    .text               c_p.l(exit.o)
    0x00000558   0x00000558   0x0000000c   Code   RO          517    .text               c_p.l(sys_exit.o)
    0x00000564   0x00000564   0x00000002   Code   RO          521    .text               c_p.l(use_no_semi.o)
    0x00000566   0x00000566   0x00000000   Code   RO          523    .text               c_p.l(indicate_semi.o)
    0x00000566   0x00000566   0x0000001a   Code   RO           36    .text.GPIO_EnablePin  gpio.o
    0x00000580   0x00000580   0x00000010   Code   RO           30    .text.GPIO_GetInstance  gpio.o
    0x00000590   0x00000590   0x0000000c   Code   RO           52    .text.GPIO_IsSet    gpio.o
    0x0000059c   0x0000059c   0x00000016   Code   RO           58    .text.GPIO_PullDown  gpio.o
    0x000005b2   0x000005b2   0x00000016   Code   RO           60    .text.GPIO_PullUp   gpio.o
    0x000005c8   0x000005c8   0x0000000e   Code   RO           48    .text.GPIO_ResetPin  gpio.o
    0x000005d6   0x000005d6   0x0000000e   Code   RO           44    .text.GPIO_SetDirectionIn  gpio.o
    0x000005e4   0x000005e4   0x0000000e   Code   RO           42    .text.GPIO_SetDirectionOut  gpio.o
    0x000005f2   0x000005f2   0x0000000e   Code   RO           46    .text.GPIO_SetPin   gpio.o
    0x00000600   0x00000600   0x0000000e   Code   RO           38    .text.GPIO_SetSlewRateFast  gpio.o
    0x0000060e   0x0000060e   0x0000000e   Code   RO           50    .text.GPIO_TogglePin  gpio.o
    0x0000061c   0x0000061c   0x00000018   Code   RO           89    .text.MCG_Select_MCGOUTCLK_IRC  mcg.o
    0x00000634   0x00000634   0x0000000c   Code   RO          121    .text.MCG_Set_IRC_Fast  mcg.o
    0x00000640   0x00000640   0x00000010   Code   RO          119    .text.MCG_Set_IRC_Slow  mcg.o
    0x00000650   0x00000650   0x00000010   Code   RO          139    .text.MCG_Set_PLLS_FLL  mcg.o
    0x00000660   0x00000660   0x00000040   Code   RO          319    .text.SCB_ReadCPUID  system_control.o
    0x000006a0   0x000006a0   0x0000000c   Code   RO          309    .text.SIM_DisableWatchDog  sim.o
    0x000006ac   0x000006ac   0x0000001c   Code   RO          277    .text.SIM_Enable_PORTA  sim.o
    0x000006c8   0x000006c8   0x00000018   Code   RO          307    .text.SIM_GetUID    sim.o
    0x000006e0   0x000006e0   0x00000048   Code   RO          249    .text.SIM_Get_SDID  sim.o
    0x00000728   0x00000728   0x00000018   Code   RO          223    .text.SIM_Select_UART0SRC_MCGIRCLK  sim.o
    0x00000740   0x00000740   0x00000010   Code   RO          380    .text.SysTick_Handler  systick.o
    0x00000750   0x00000750   0x00000002   Code   RO           71    .text.SystemInit    main.o
    0x00000752   0x00000752   0x00000002   PAD
    0x00000754   0x00000754   0x00000040   Code   RO          382    .text.SystickEnable  systick.o
    0x00000794   0x00000794   0x00000024   Code   RO           75    .text.delay_ms      main.o
    0x000007b8   0x000007b8   0x000000fc   Code   RO           73    .text.main          main.o
    0x000008b4   0x000008b4   0x000001f6   Code   RO          401    .text_divfast       c_p.l(aeabi_sdivfast.o)
    0x00000aaa   0x00000aaa   0x00000002   PAD
    0x00000aac   0x00000aac   0x00000020   Data   RO          595    Region$$Table       anon$$obj.o


    Execution Region RW_m_data (Exec base: 0x1ffff800, Load base: 0x00000acc, Size: 0x000000a8, Max: 0x00001e00, ABSOLUTE)

    Exec Addr    Load Addr    Size         Type   Attr      Idx    E Section Name        Object

    0x1ffff800   0x00000acc   0x00000004   Data   RW           77    .data.CORE_FREQ     main.o
    0x1ffff804   0x00000ad0   0x000000a0   Data   RW           62    .data.GPIO_PORT_list  gpio.o
    0x1ffff8a4        -       0x00000004   Zero   RW          390    .bss.g_handler      systick.o


    Execution Region ARM_LIB_HEAP (Exec base: 0x1ffff8a8, Load base: 0x00000b70, Size: 0x00000100, Max: 0x00000100, ABSOLUTE)

    Exec Addr    Load Addr    Size         Type   Attr      Idx    E Section Name        Object

    0x1ffff8a8        -       0x00000100   Zero   RW            1    ARM_LIB_HEAP.bss    anon$$obj.o


    Execution Region ARM_LIB_STACK (Exec base: 0x20001700, Load base: 0x00000b70, Size: 0x00000100, Max: 0x00000100, ABSOLUTE)

    Exec Addr    Load Addr    Size         Type   Attr      Idx    E Section Name        Object

    0x20001700        -       0x00000100   Zero   RW            2    ARM_LIB_STACK.bss   anon$$obj.o


==============================================================================

Image component sizes


      Code (inc. data)   RO Data    RW Data    ZI Data      Debug   Object Name

       182          4          0        160          0       4844   gpio.o
       290          4          0          4          0       3294   main.o
        68         12          0          0          0       6037   mcg.o
       160         20          0          0          0       7871   sim.o
       148         66        208          0          0       1088   startup_mkl34z4.o
        64          4          0          0          0       3551   system_control.o
        80          8          0          0          4       1364   systick.o

    ----------------------------------------------------------------------
       994        118        240        164        516      28049   Object Totals
         0          0         32          0        512          0   (incl. Generated)
         2          0          0          0          0          0   (incl. Padding)

    ----------------------------------------------------------------------

      Code (inc. data)   RO Data    RW Data    ZI Data      Debug   Library Member Name

         8          0          0          0          0         68   __main.o
         0          0          0          0          0          0   __rtentry.o
        12          0          0          0          0          0   __rtentry2.o
         8          4          0          0          0          0   __rtentry7.o
        60          8          0          0          0          0   __scatter.o
        26          0          0          0          0          0   __scatter_copy.o
        28          0          0          0          0          0   __scatter_zi.o
       502          0          0          0          0         92   aeabi_sdivfast.o
        16          0          0          0          0         68   exit.o
         0          0          0          0          0          0   indicate_semi.o
         2          0          0          0          0          0   libinit.o
         2          0          0          0          0          0   libinit2.o
         2          0          0          0          0          0   libshutdown.o
         2          0          0          0          0          0   libshutdown2.o
         2          0          0          0          0          0   rtexit.o
        10          0          0          0          0          0   rtexit2.o
        12          4          0          0          0         60   sys_exit.o
         2          0          0          0          0         68   use_no_semi.o

    ----------------------------------------------------------------------
       698         16          0          0          0        356   Library Totals
         4          0          0          0          0          0   (incl. Padding)

    ----------------------------------------------------------------------

      Code (inc. data)   RO Data    RW Data    ZI Data      Debug   Library Name

       694         16          0          0          0        356   c_p.l

    ----------------------------------------------------------------------
       698         16          0          0          0        356   Library Totals

    ----------------------------------------------------------------------

==============================================================================


      Code (inc. data)   RO Data    RW Data    ZI Data      Debug   

      1692        134        240        164        516      28329   Grand Totals
      1692        134        240        164        516      28329   ELF Image Totals
      1692        134        240        164          0          0   ROM Totals

==============================================================================

    Total RO  Size (Code + RO Data)                 1932 (   1.89kB)
    Total RW  Size (RW Data + ZI Data)               680 (   0.66kB)
    Total ROM Size (Code + RO Data + RW Data)       2096 (   2.05kB)

==============================================================================

