Archive member included because of file (symbol)

c:/program files (x86)/gnu tools arm embedded/4.8 2014q2/bin/../lib/gcc/arm-none-eabi/4.8.4/../../../../arm-none-eabi/lib/armv7e-m\libstdc++.a(del_op.o)
                              ./lib/stm32f4xx/lib/GPIO_Helper.o (symbol from plugin) (operator delete(void*))
c:/program files (x86)/gnu tools arm embedded/4.8 2014q2/bin/../lib/gcc/arm-none-eabi/4.8.4/../../../../arm-none-eabi/lib/armv7e-m\libg.a(lib_a-abs.o)
                              ./src/Adafruit_GFX.o (symbol from plugin) (abs)
c:/program files (x86)/gnu tools arm embedded/4.8 2014q2/bin/../lib/gcc/arm-none-eabi/4.8.4/../../../../arm-none-eabi/lib/armv7e-m\libg.a(lib_a-atexit.o)
                              ./lib/stm32f4xx/lib/GPIO_Helper.o (symbol from plugin) (atexit)
c:/program files (x86)/gnu tools arm embedded/4.8 2014q2/bin/../lib/gcc/arm-none-eabi/4.8.4/../../../../arm-none-eabi/lib/armv7e-m\libg.a(lib_a-atoi.o)
                              ./lib/stm32f4xx/lib/GPIO_Helper.o (symbol from plugin) (atoi)
c:/program files (x86)/gnu tools arm embedded/4.8 2014q2/bin/../lib/gcc/arm-none-eabi/4.8.4/../../../../arm-none-eabi/lib/armv7e-m\libg.a(lib_a-ecvtbuf.o)
                              ./lib/ee_printf.o (symbol from plugin) (fcvtbuf)
c:/program files (x86)/gnu tools arm embedded/4.8 2014q2/bin/../lib/gcc/arm-none-eabi/4.8.4/../../../../arm-none-eabi/lib/armv7e-m\libg.a(lib_a-exit.o)
                              c:/program files (x86)/gnu tools arm embedded/4.8 2014q2/bin/../lib/gcc/arm-none-eabi/4.8.4/../../../../arm-none-eabi/lib/armv7e-m/rdimon-crt0.o (exit)
c:/program files (x86)/gnu tools arm embedded/4.8 2014q2/bin/../lib/gcc/arm-none-eabi/4.8.4/../../../../arm-none-eabi/lib/armv7e-m\libg.a(lib_a-impure.o)
                              c:/program files (x86)/gnu tools arm embedded/4.8 2014q2/bin/../lib/gcc/arm-none-eabi/4.8.4/../../../../arm-none-eabi/lib/armv7e-m\libg.a(lib_a-exit.o) (_global_impure_ptr)
c:/program files (x86)/gnu tools arm embedded/4.8 2014q2/bin/../lib/gcc/arm-none-eabi/4.8.4/../../../../arm-none-eabi/lib/armv7e-m\libg.a(lib_a-init.o)
                              c:/program files (x86)/gnu tools arm embedded/4.8 2014q2/bin/../lib/gcc/arm-none-eabi/4.8.4/../../../../arm-none-eabi/lib/armv7e-m/rdimon-crt0.o (__libc_init_array)
c:/program files (x86)/gnu tools arm embedded/4.8 2014q2/bin/../lib/gcc/arm-none-eabi/4.8.4/../../../../arm-none-eabi/lib/armv7e-m\libg.a(lib_a-malloc.o)
                              c:/program files (x86)/gnu tools arm embedded/4.8 2014q2/bin/../lib/gcc/arm-none-eabi/4.8.4/../../../../arm-none-eabi/lib/armv7e-m\libstdc++.a(del_op.o) (free)
c:/program files (x86)/gnu tools arm embedded/4.8 2014q2/bin/../lib/gcc/arm-none-eabi/4.8.4/../../../../arm-none-eabi/lib/armv7e-m\libg.a(lib_a-mallocr.o)
                              c:/program files (x86)/gnu tools arm embedded/4.8 2014q2/bin/../lib/gcc/arm-none-eabi/4.8.4/../../../../arm-none-eabi/lib/armv7e-m\libg.a(lib_a-malloc.o) (_malloc_r)
c:/program files (x86)/gnu tools arm embedded/4.8 2014q2/bin/../lib/gcc/arm-none-eabi/4.8.4/../../../../arm-none-eabi/lib/armv7e-m\libg.a(lib_a-memset.o)
                              c:/program files (x86)/gnu tools arm embedded/4.8 2014q2/bin/../lib/gcc/arm-none-eabi/4.8.4/../../../../arm-none-eabi/lib/armv7e-m/rdimon-crt0.o (memset)
c:/program files (x86)/gnu tools arm embedded/4.8 2014q2/bin/../lib/gcc/arm-none-eabi/4.8.4/../../../../arm-none-eabi/lib/armv7e-m\libg.a(lib_a-mlock.o)
                              c:/program files (x86)/gnu tools arm embedded/4.8 2014q2/bin/../lib/gcc/arm-none-eabi/4.8.4/../../../../arm-none-eabi/lib/armv7e-m\libg.a(lib_a-mallocr.o) (__malloc_lock)
c:/program files (x86)/gnu tools arm embedded/4.8 2014q2/bin/../lib/gcc/arm-none-eabi/4.8.4/../../../../arm-none-eabi/lib/armv7e-m\libg.a(lib_a-mprec.o)
                              c:/program files (x86)/gnu tools arm embedded/4.8 2014q2/bin/../lib/gcc/arm-none-eabi/4.8.4/../../../../arm-none-eabi/lib/armv7e-m\libg.a(lib_a-ecvtbuf.o) (_mprec_log10)
c:/program files (x86)/gnu tools arm embedded/4.8 2014q2/bin/../lib/gcc/arm-none-eabi/4.8.4/../../../../arm-none-eabi/lib/armv7e-m\libg.a(lib_a-reallocr.o)
                              c:/program files (x86)/gnu tools arm embedded/4.8 2014q2/bin/../lib/gcc/arm-none-eabi/4.8.4/../../../../arm-none-eabi/lib/armv7e-m\libg.a(lib_a-ecvtbuf.o) (_realloc_r)
c:/program files (x86)/gnu tools arm embedded/4.8 2014q2/bin/../lib/gcc/arm-none-eabi/4.8.4/../../../../arm-none-eabi/lib/armv7e-m\libg.a(lib_a-sbrkr.o)
                              c:/program files (x86)/gnu tools arm embedded/4.8 2014q2/bin/../lib/gcc/arm-none-eabi/4.8.4/../../../../arm-none-eabi/lib/armv7e-m\libg.a(lib_a-mallocr.o) (_sbrk_r)
c:/program files (x86)/gnu tools arm embedded/4.8 2014q2/bin/../lib/gcc/arm-none-eabi/4.8.4/../../../../arm-none-eabi/lib/armv7e-m\libg.a(lib_a-strcpy.o)
[...]
Memory Configuration

Name             Origin             Length             Attributes
FLASH            0x08000000         0x00080000         xr
RAM              0x20000000         0x00020000         xrw
*default*        0x00000000         0xffffffff

Linker script and memory map

LOAD c:/program files (x86)/gnu tools arm embedded/4.8 2014q2/bin/../lib/gcc/arm-none-eabi/4.8.4/armv7e-m/crti.o
LOAD c:/program files (x86)/gnu tools arm embedded/4.8 2014q2/bin/../lib/gcc/arm-none-eabi/4.8.4/armv7e-m/crtbegin.o
LOAD c:/program files (x86)/gnu tools arm embedded/4.8 2014q2/bin/../lib/gcc/arm-none-eabi/4.8.4/../../../../arm-none-eabi/lib/armv7e-m/rdimon-crt0.o
LOAD ./system/startup_stm32f407xx.o
LOAD ./src/Adafruit_GFX.o
LOAD C:\Users\shvyrkoi\AppData\Local\Temp\ccinJp5v.ltrans0.ltrans.o
LOAD C:\Users\shvyrkoi\AppData\Local\Temp\ccinJp5v.ltrans1.ltrans.o
LOAD C:\Users\shvyrkoi\AppData\Local\Temp\ccinJp5v.ltrans2.ltrans.o
LOAD C:\Users\shvyrkoi\AppData\Local\Temp\ccinJp5v.ltrans3.ltrans.o
LOAD C:\Users\shvyrkoi\AppData\Local\Temp\ccinJp5v.ltrans4.ltrans.o
LOAD C:\Users\shvyrkoi\AppData\Local\Temp\ccinJp5v.ltrans5.ltrans.o
LOAD C:\Users\shvyrkoi\AppData\Local\Temp\ccinJp5v.ltrans6.ltrans.o
LOAD C:\Users\shvyrkoi\AppData\Local\Temp\ccinJp5v.ltrans7.ltrans.o
LOAD C:\Users\shvyrkoi\AppData\Local\Temp\ccinJp5v.ltrans8.ltrans.o
LOAD C:\Users\shvyrkoi\AppData\Local\Temp\ccinJp5v.ltrans9.ltrans.o
LOAD C:\Users\shvyrkoi\AppData\Local\Temp\ccinJp5v.ltrans10.ltrans.o
LOAD C:\Users\shvyrkoi\AppData\Local\Temp\ccinJp5v.ltrans11.ltrans.o
LOAD C:\Users\shvyrkoi\AppData\Local\Temp\ccinJp5v.ltrans12.ltrans.o
LOAD C:\Users\shvyrkoi\AppData\Local\Temp\ccinJp5v.ltrans13.ltrans.o
LOAD C:\Users\shvyrkoi\AppData\Local\Temp\ccinJp5v.ltrans14.ltrans.o
LOAD c:/program files (x86)/gnu tools arm embedded/4.8 2014q2/bin/../lib/gcc/arm-none-eabi/4.8.4/armv7e-m\libgcc.a
LOAD c:/program files (x86)/gnu tools arm embedded/4.8 2014q2/bin/../lib/gcc/arm-none-eabi/4.8.4/../../../../arm-none-eabi/lib/armv7e-m\libg.a
LOAD c:/program files (x86)/gnu tools arm embedded/4.8 2014q2/bin/../lib/gcc/arm-none-eabi/4.8.4/../../../../arm-none-eabi/lib/armv7e-m\libc.a
LOAD c:/program files (x86)/gnu tools arm embedded/4.8 2014q2/bin/../lib/gcc/arm-none-eabi/4.8.4/armv7e-m\libgcc.a
LOAD c:/program files (x86)/gnu tools arm embedded/4.8 2014q2/bin/../lib/gcc/arm-none-eabi/4.8.4/../../../../arm-none-eabi/lib/armv7e-m\libc.a
LOAD c:/program files (x86)/gnu tools arm embedded/4.8 2014q2/bin/../lib/gcc/arm-none-eabi/4.8.4/../../../../arm-none-eabi/lib/armv7e-m\librdimon.a
LOAD ./src/Adafruit_ILI9341.o
LOAD ./src/glcdfont.o
LOAD ./src/main.o
LOAD ./lib/stm32f4xx/lib/GPIO_Helper.o
LOAD ./lib/stm32f4xx/lib/RCC_Helper.o
LOAD ./lib/stm32f4xx/lib/adc.o
LOAD ./lib/stm32f4xx/lib/dma.o
LOAD ./lib/stm32f4xx/lib/dma_c.o
LOAD ./lib/stm32f4xx/lib/flash.o
LOAD ./lib/stm32f4xx/lib/gpio.o
LOAD ./lib/stm32f4xx/lib/i2c.o
LOAD ./lib/stm32f4xx/lib/i2c_c.o
LOAD ./lib/stm32f4xx/lib/pwr.o
LOAD ./lib/stm32f4xx/lib/rcc.o
LOAD ./lib/stm32f4xx/lib/rtc.o
LOAD ./lib/stm32f4xx/lib/syscfg.o
LOAD ./lib/stm32f4xx/lib/system_init.o
LOAD ./lib/stm32f4xx/lib/usart.o
LOAD ./lib/stm32_common/dac.o
LOAD ./lib/stm32_common/exti.o
LOAD ./lib/stm32_common/peripheral.o
LOAD ./lib/stm32_common/spi.o
LOAD ./lib/stm32_common/system_time.o
LOAD ./lib/stm32_common/timer.o
LOAD ./lib/mcortex_core/armv7m/debug.o
LOAD ./lib/mcortex_core/armv7m/nvic.o
LOAD ./lib/mcortex_core/armv7m/system_control.o
LOAD ./lib/mcortex_core/systick.o
LOAD ./lib/__gnu_stubs.o
LOAD ./lib/ee_printf.o
LOAD ./lib/fp2.o
LOAD c:/program files (x86)/gnu tools arm embedded/4.8 2014q2/bin/../lib/gcc/arm-none-eabi/4.8.4/../../../../arm-none-eabi/lib/armv7e-m\libstdc++.a
LOAD c:/program files (x86)/gnu tools arm embedded/4.8 2014q2/bin/../lib/gcc/arm-none-eabi/4.8.4/../../../../arm-none-eabi/lib/armv7e-m\libm.a
START GROUP
LOAD c:/program files (x86)/gnu tools arm embedded/4.8 2014q2/bin/../lib/gcc/arm-none-eabi/4.8.4/armv7e-m\libgcc.a
LOAD c:/program files (x86)/gnu tools arm embedded/4.8 2014q2/bin/../lib/gcc/arm-none-eabi/4.8.4/../../../../arm-none-eabi/lib/armv7e-m\libg.a
LOAD c:/program files (x86)/gnu tools arm embedded/4.8 2014q2/bin/../lib/gcc/arm-none-eabi/4.8.4/../../../../arm-none-eabi/lib/armv7e-m\libc.a
END GROUP
START GROUP
LOAD c:/program files (x86)/gnu tools arm embedded/4.8 2014q2/bin/../lib/gcc/arm-none-eabi/4.8.4/armv7e-m\libgcc.a
LOAD c:/program files (x86)/gnu tools arm embedded/4.8 2014q2/bin/../lib/gcc/arm-none-eabi/4.8.4/../../../../arm-none-eabi/lib/armv7e-m\libc.a
LOAD c:/program files (x86)/gnu tools arm embedded/4.8 2014q2/bin/../lib/gcc/arm-none-eabi/4.8.4/../../../../arm-none-eabi/lib/armv7e-m\librdimon.a
END GROUP
LOAD c:/program files (x86)/gnu tools arm embedded/4.8 2014q2/bin/../lib/gcc/arm-none-eabi/4.8.4/armv7e-m/crtend.o
LOAD c:/program files (x86)/gnu tools arm embedded/4.8 2014q2/bin/../lib/gcc/arm-none-eabi/4.8.4/armv7e-m/crtn.o
                0x2001ffff                _estack = 0x2001ffff
                0x00000200                _Min_Heap_Size = 0x200
                0x00000900                _Min_Stack_Size = 0x900

.isr_vector     0x08000000      0x188
                0x08000000                . = ALIGN (0x4)
 *(.isr_vector)
 .isr_vector    0x08000000      0x188 ./system/startup_stm32f407xx.o
                0x08000000                g_pfnVectors
                0x08000188                . = ALIGN (0x4)

.text           0x08000188     0x7d08
                0x08000188                . = ALIGN (0x4)
 *(.text)
 .text          0x08000188       0x54 c:/program files (x86)/gnu tools arm embedded/4.8 2014q2/bin/../lib/gcc/arm-none-eabi/4.8.4/armv7e-m/crtbegin.o
 .text          0x080001dc       0x2c c:/program files (x86)/gnu tools arm embedded/4.8 2014q2/bin/../lib/gcc/arm-none-eabi/4.8.4/armv7e-m\libgcc.a(_aeabi_uldivmod.o)
                0x080001dc                __aeabi_uldivmod
 .text          0x08000208       0x60 c:/program files (x86)/gnu tools arm embedded/4.8 2014q2/bin/../lib/gcc/arm-none-eabi/4.8.4/armv7e-m\libgcc.a(bpabi.o)
                0x08000208                __gnu_ldivmod_helper
                0x08000238                __gnu_uldivmod_helper
 .text          0x08000268        0x4 c:/program files (x86)/gnu tools arm embedded/4.8 2014q2/bin/../lib/gcc/arm-none-eabi/4.8.4/armv7e-m\libgcc.a(_dvmd_tls.o)
                0x08000268                __aeabi_idiv0
                0x08000268                __aeabi_ldiv0
 .text          0x0800026c      0x298 c:/program files (x86)/gnu tools arm embedded/4.8 2014q2/bin/../lib/gcc/arm-none-eabi/4.8.4/armv7e-m\libgcc.a(_divdi3.o)
                0x0800026c                __divdi3
 .text          0x08000504      0x284 c:/program files (x86)/gnu tools arm embedded/4.8 2014q2/bin/../lib/gcc/arm-none-eabi/4.8.4/armv7e-m\libgcc.a(_udivdi3.o)
                0x08000504                __udivdi3
 *(.text*)
 .text.Reset_Handler
                0x08000788       0x58 ./system/startup_stm32f407xx.o
                0x08000788                Reset_Handler
 .text.Default_Handler
                0x080007e0        0x4 ./system/startup_stm32f407xx.o
                0x080007e0                RTC_Alarm_IRQHandler
                0x080007e0                HASH_RNG_IRQHandler
                0x080007e0                EXTI2_IRQHandler
                0x080007e0                DebugMon_Handler
                0x080007e0                PVD_IRQHandler
                0x080007e0                SDIO_IRQHandler
                0x080007e0                TAMP_STAMP_IRQHandler
                0x080007e0                PendSV_Handler
                0x080007e0                NMI_Handler
                0x080007e0                CAN2_RX1_IRQHandler
                0x080007e0                EXTI3_IRQHandler
                0x080007e0                I2C3_ER_IRQHandler
                0x080007e0                EXTI0_IRQHandler
                0x080007e0                CAN1_RX0_IRQHandler
                0x080007e0                FPU_IRQHandler
                0x080007e0                OTG_HS_WKUP_IRQHandler
                0x080007e0                CAN2_SCE_IRQHandler
                0x080007e0                DCMI_IRQHandler
                0x080007e0                CAN2_RX0_IRQHandler
                0x080007e0                CAN1_RX1_IRQHandler
                0x080007e0                UART5_IRQHandler
                0x080007e0                UART4_IRQHandler
                0x080007e0                RCC_IRQHandler
                0x080007e0                Default_Handler
                0x080007e0                EXTI15_10_IRQHandler
                0x080007e0                TIM7_IRQHandler
                0x080007e0                CAN2_TX_IRQHandler
                0x080007e0                I2C3_EV_IRQHandler
                0x080007e0                EXTI9_5_IRQHandler
                0x080007e0                RTC_WKUP_IRQHandler
                0x080007e0                ETH_WKUP_IRQHandler
                0x080007e0                OTG_HS_EP1_IN_IRQHandler
                0x080007e0                CAN1_TX_IRQHandler
                0x080007e0                SVC_Handler
                0x080007e0                EXTI4_IRQHandler
                0x080007e0                FSMC_IRQHandler
                0x080007e0                ETH_IRQHandler
                0x080007e0                OTG_HS_EP1_OUT_IRQHandler
                0x080007e0                WWDG_IRQHandler
                0x080007e0                OTG_FS_WKUP_IRQHandler
                0x080007e0                OTG_HS_IRQHandler
                0x080007e0                EXTI1_IRQHandler
                0x080007e0                CAN1_SCE_IRQHandler
                0x080007e0                FLASH_IRQHandler
                0x080007e0                OTG_FS_IRQHandler
 .text._ZN5TIM14D2Ev.local.35.4499
                0x080007e4       0x30 C:\Users\shvyrkoi\AppData\Local\Temp\ccinJp5v.ltrans1.ltrans.o
                0x080007e4                TIM14::~TIM14() [clone .local.34]
 .text._ZN5TIM14D0Ev.local.33
                0x08000814       0x20 C:\Users\shvyrkoi\AppData\Local\Temp\ccinJp5v.ltrans1.ltrans.o
                0x08000814                TIM14::~TIM14() [clone .local.33]
 .text._ZN5TIM13D2Ev.local.38.4486
                0x08000834       0x30 C:\Users\shvyrkoi\AppData\Local\Temp\ccinJp5v.ltrans1.ltrans.o
                0x08000834                TIM13::~TIM13() [clone .local.37]
 .text._ZN5TIM13D0Ev.local.36
                0x08000864       0x20 C:\Users\shvyrkoi\AppData\Local\Temp\ccinJp5v.ltrans1.ltrans.o
                0x08000864                TIM13::~TIM13() [clone .local.36]
 .text._ZN5TIM12D2Ev.local.41.4473
                0x08000884       0x30 C:\Users\shvyrkoi\AppData\Local\Temp\ccinJp5v.ltrans1.ltrans.o
                0x08000884                TIM12::~TIM12() [clone .local.40]
 .text._ZN5TIM12D0Ev.local.39
                0x080008b4       0x20 C:\Users\shvyrkoi\AppData\Local\Temp\ccinJp5v.ltrans1.ltrans.o
                0x080008b4                TIM12::~TIM12() [clone .local.39]
 .text._ZN5TIM11D2Ev.local.47.4458
                0x080008d4       0x30 C:\Users\shvyrkoi\AppData\Local\Temp\ccinJp5v.ltrans1.ltrans.o
                0x080008d4                TIM11::~TIM11() [clone .local.46]
 .text._ZN5TIM11D0Ev.local.45
                0x08000904       0x20 C:\Users\shvyrkoi\AppData\Local\Temp\ccinJp5v.ltrans1.ltrans.o
                0x08000904                TIM11::~TIM11() [clone .local.45]
 .text._ZN5TIM10D2Ev.local.50.4445
                0x08000924       0x30 C:\Users\shvyrkoi\AppData\Local\Temp\ccinJp5v.ltrans1.ltrans.o
                0x08000924                TIM10::~TIM10() [clone .local.49]
 .text._ZN5TIM10D0Ev.local.48
                0x08000954       0x20 C:\Users\shvyrkoi\AppData\Local\Temp\ccinJp5v.ltrans1.ltrans.o
                0x08000954                TIM10::~TIM10() [clone .local.48]
 .text._ZN4TIM9D2Ev.local.53.4429
                0x08000974       0x30 C:\Users\shvyrkoi\AppData\Local\Temp\ccinJp5v.ltrans1.ltrans.o
                0x08000974                TIM9::~TIM9() [clone .local.52]
 .text._ZN4TIM9D0Ev.local.51
                0x080009a4       0x20 C:\Users\shvyrkoi\AppData\Local\Temp\ccinJp5v.ltrans1.ltrans.o
                0x080009a4                TIM9::~TIM9() [clone .local.51]
 .text._ZN4TIM6D2Ev.local.44.4348
                0x080009c4       0x30 C:\Users\shvyrkoi\AppData\Local\Temp\ccinJp5v.ltrans1.ltrans.o
                0x080009c4                TIM6::~TIM6() [clone .local.43]
 .text._ZN4TIM6D0Ev.local.42
                0x080009f4       0x20 C:\Users\shvyrkoi\AppData\Local\Temp\ccinJp5v.ltrans1.ltrans.o
                0x080009f4                TIM6::~TIM6() [clone .local.42]
 .text.Debug_EnableCYCCNT
                0x08000a14       0x80 C:\Users\shvyrkoi\AppData\Local\Temp\ccinJp5v.ltrans1.ltrans.o
                0x08000a14                Debug_EnableCYCCNT
 .text.delay_us.4185
                0x08000a94       0x30 C:\Users\shvyrkoi\AppData\Local\Temp\ccinJp5v.ltrans1.ltrans.o
 .text.delay    0x08000ac4        0xc C:\Users\shvyrkoi\AppData\Local\Temp\ccinJp5v.ltrans1.ltrans.o
                0x08000ac4                delay
 .text.SCB_EnableDivByZeroTrap
                0x08000ad0        0xc C:\Users\shvyrkoi\AppData\Local\Temp\ccinJp5v.ltrans1.ltrans.o
                0x08000ad0                SCB_EnableDivByZeroTrap
 .text.SCB_EnableUnalignedTrap
                0x08000adc        0xc C:\Users\shvyrkoi\AppData\Local\Temp\ccinJp5v.ltrans1.ltrans.o
                0x08000adc                SCB_EnableUnalignedTrap
 .text.SCB_EnableMemoryFault
                0x08000ae8       0x1c C:\Users\shvyrkoi\AppData\Local\Temp\ccinJp5v.ltrans1.ltrans.o
                0x08000ae8                SCB_EnableMemoryFault
 .text.SCB_EnableUsageFault
                0x08000b04       0x1c C:\Users\shvyrkoi\AppData\Local\Temp\ccinJp5v.ltrans1.ltrans.o
                0x08000b04                SCB_EnableUsageFault
 .text.SCB_EnableBusFault
                0x08000b20       0x1c C:\Users\shvyrkoi\AppData\Local\Temp\ccinJp5v.ltrans1.ltrans.o
                0x08000b20                SCB_EnableBusFault
 .text.SCB_GetFaulStatus
                0x08000b3c      0x148 C:\Users\shvyrkoi\AppData\Local\Temp\ccinJp5v.ltrans1.ltrans.o
                0x08000b3c                SCB_GetFaulStatus
 .text.FPU_Enable
                0x08000c84       0x4c C:\Users\shvyrkoi\AppData\Local\Temp\ccinJp5v.ltrans1.ltrans.o
                0x08000c84                FPU_Enable
 .text.SCB_EnableDWT.4080
                0x08000cd0       0x38 C:\Users\shvyrkoi\AppData\Local\Temp\ccinJp5v.ltrans1.ltrans.o
 .text.SysTick_Handler
                0x08000d08       0x18 C:\Users\shvyrkoi\AppData\Local\Temp\ccinJp5v.ltrans1.ltrans.o
                0x08000d08                SysTick_Handler
 .text.__cxa_pure_virtual
                0x08000d20        0x8 C:\Users\shvyrkoi\AppData\Local\Temp\ccinJp5v.ltrans1.ltrans.o
                0x08000d20                __cxa_pure_virtual
 .text._ZN13TIMER_Channel6GetCCREv
                0x08000d28       0x1c C:\Users\shvyrkoi\AppData\Local\Temp\ccinJp5v.ltrans2.ltrans.o
                0x08000d28                TIMER_Channel::GetCCR()
 .text._ZN5TIMERC2Em9IRQn_TypePVmS2_mb
                0x08000d44       0x98 C:\Users\shvyrkoi\AppData\Local\Temp\ccinJp5v.ltrans2.ltrans.o
                0x08000d44                TIMER::TIMER(unsigned long, IRQn_Type, unsigned long volatile*, unsigned long volatile*, unsigned long, bool)
 .text._ZN19TIMER_With_ChannelsC2Emh9IRQn_TypePVmS2_mb
                0x08000ddc      0x424 C:\Users\shvyrkoi\AppData\Local\Temp\ccinJp5v.ltrans2.ltrans.o
                0x08000ddc                TIMER_With_Channels::TIMER_With_Channels(unsigned long, unsigned char, IRQn_Type, unsigned long volatile*, unsigned long volatile*, unsigned long, bool)
 .text._ZN32TIMER_With_Complementary_OutputsC2Ev.local.1.4397
                0x08001200       0x18 C:\Users\shvyrkoi\AppData\Local\Temp\ccinJp5v.ltrans2.ltrans.o
 .text._ZN13AdvancedTimerC2Em9IRQn_TypeS0_PVmS2_m
                0x08001218       0xc0 C:\Users\shvyrkoi\AppData\Local\Temp\ccinJp5v.ltrans2.ltrans.o
                0x08001218                AdvancedTimer::AdvancedTimer(unsigned long, IRQn_Type, IRQn_Type, unsigned long volatile*, unsigned long volatile*, unsigned long)
 .text._ZN5TIMER5IsUIFEv
                0x080012d8       0x28 C:\Users\shvyrkoi\AppData\Local\Temp\ccinJp5v.ltrans2.ltrans.o
                0x080012d8                TIMER::IsUIF()
 .text._ZN5TIMER8ClearUIFEv
                0x08001300       0x24 C:\Users\shvyrkoi\AppData\Local\Temp\ccinJp5v.ltrans2.ltrans.o
                0x08001300                TIMER::ClearUIF()
 .text._ZN19TIMER_With_Channels5IsTIFEv
                0x08001324       0x28 C:\Users\shvyrkoi\AppData\Local\Temp\ccinJp5v.ltrans2.ltrans.o
                0x08001324                TIMER_With_Channels::IsTIF()
 .text._ZN19TIMER_With_Channels8ClearTIFEv
                0x0800134c       0x24 C:\Users\shvyrkoi\AppData\Local\Temp\ccinJp5v.ltrans2.ltrans.o
                0x0800134c                TIMER_With_Channels::ClearTIF()
 .text.TIM1_BRK_TIM9_IRQHandler
                0x08001370       0x18 C:\Users\shvyrkoi\AppData\Local\Temp\ccinJp5v.ltrans3.ltrans.o
                0x08001370                TIM1_BRK_TIM9_IRQHandler
 .text.TIM1_UP_TIM10_IRQHandler
                0x08001388       0x3c C:\Users\shvyrkoi\AppData\Local\Temp\ccinJp5v.ltrans3.ltrans.o
                0x08001388                TIM1_UP_TIM10_IRQHandler
 .text.TIM1_TRG_COM_TIM11_IRQHandler
                0x080013c4       0x18 C:\Users\shvyrkoi\AppData\Local\Temp\ccinJp5v.ltrans3.ltrans.o
                0x080013c4                TIM1_TRG_COM_TIM11_IRQHandler
 .text.TIM1_CC_IRQHandler
                0x080013dc        0xc C:\Users\shvyrkoi\AppData\Local\Temp\ccinJp5v.ltrans3.ltrans.o
                0x080013dc                TIM1_CC_IRQHandler
 .text.TIM2_IRQHandler
                0x080013e8       0x18 C:\Users\shvyrkoi\AppData\Local\Temp\ccinJp5v.ltrans3.ltrans.o
                0x080013e8                TIM2_IRQHandler
 .text.TIM3_IRQHandler
                0x08001400       0x18 C:\Users\shvyrkoi\AppData\Local\Temp\ccinJp5v.ltrans3.ltrans.o
                0x08001400                TIM3_IRQHandler
 .text.TIM4_IRQHandler
                0x08001418       0x18 C:\Users\shvyrkoi\AppData\Local\Temp\ccinJp5v.ltrans3.ltrans.o
                0x08001418                TIM4_IRQHandler
 .text.TIM5_IRQHandler
                0x08001430       0x18 C:\Users\shvyrkoi\AppData\Local\Temp\ccinJp5v.ltrans3.ltrans.o
                0x08001430                TIM5_IRQHandler
 .text.TIM6_DAC_IRQHandler
                0x08001448       0x28 C:\Users\shvyrkoi\AppData\Local\Temp\ccinJp5v.ltrans3.ltrans.o
                0x08001448                TIM6_DAC_IRQHandler
 .text.TIM8_BRK_TIM12_IRQHandler
                0x08001470       0x18 C:\Users\shvyrkoi\AppData\Local\Temp\ccinJp5v.ltrans3.ltrans.o
                0x08001470                TIM8_BRK_TIM12_IRQHandler
 .text.TIM8_UP_TIM13_IRQHandler
                0x08001488       0x3c C:\Users\shvyrkoi\AppData\Local\Temp\ccinJp5v.ltrans3.ltrans.o
                0x08001488                TIM8_UP_TIM13_IRQHandler
 .text.TIM8_TRG_COM_TIM14_IRQHandler
                0x080014c4       0x18 C:\Users\shvyrkoi\AppData\Local\Temp\ccinJp5v.ltrans3.ltrans.o
                0x080014c4                TIM8_TRG_COM_TIM14_IRQHandler
 .text.TIM8_CC_IRQHandler
                0x080014dc        0xc C:\Users\shvyrkoi\AppData\Local\Temp\ccinJp5v.ltrans3.ltrans.o
                0x080014dc                TIM8_CC_IRQHandler
 .text._ZN5TIMER15HandleInterruptEv
                0x080014e8       0x5c C:\Users\shvyrkoi\AppData\Local\Temp\ccinJp5v.ltrans3.ltrans.o
                0x080014e8                TIMER::HandleInterrupt()
 .text._ZN19TIMER_With_Channels15HandleInterruptEv
                0x08001544      0x134 C:\Users\shvyrkoi\AppData\Local\Temp\ccinJp5v.ltrans3.ltrans.o
                0x08001544                TIMER_With_Channels::HandleInterrupt()
 .text._ZN20TIMER_With_SlaveMode15HandleInterruptEv
                0x08001678      0x308 C:\Users\shvyrkoi\AppData\Local\Temp\ccinJp5v.ltrans3.ltrans.o
                0x08001678                TIMER_With_SlaveMode::HandleInterrupt()
 .text._ZN23TIMER_With_OnePulseModeC2Em
                0x08001980       0x20 C:\Users\shvyrkoi\AppData\Local\Temp\ccinJp5v.ltrans3.ltrans.o
                0x08001980                TIMER_With_OnePulseMode::TIMER_With_OnePulseMode(unsigned long)
 .text._ZN24TIMER_With_UpDownCounterC2Em
                0x080019a0       0x20 C:\Users\shvyrkoi\AppData\Local\Temp\ccinJp5v.ltrans3.ltrans.o
                0x080019a0                TIMER_With_UpDownCounter::TIMER_With_UpDownCounter(unsigned long)
 .text._ZN21TIMER_With_DMAControlC2Em
                0x080019c0       0x40 C:\Users\shvyrkoi\AppData\Local\Temp\ccinJp5v.ltrans3.ltrans.o
                0x080019c0                TIMER_With_DMAControl::TIMER_With_DMAControl(unsigned long)
 .text._ZN14TIMER_With_MMSC2Em
                0x08001a00       0x24 C:\Users\shvyrkoi\AppData\Local\Temp\ccinJp5v.ltrans3.ltrans.o
                0x08001a00                TIMER_With_MMS::TIMER_With_MMS(unsigned long)
 .text._ZN20TIMER_With_SlaveModeC2Emh9IRQn_TypePVmS2_mb
                0x08001a24       0x58 C:\Users\shvyrkoi\AppData\Local\Temp\ccinJp5v.ltrans3.ltrans.o
                0x08001a24                TIMER_With_SlaveMode::TIMER_With_SlaveMode(unsigned long, unsigned char, IRQn_Type, unsigned long volatile*, unsigned long volatile*, unsigned long, bool)
 .text._ZN13TIMER_Channel8IsCCFlagEv.4248
                0x08001a7c       0x2c C:\Users\shvyrkoi\AppData\Local\Temp\ccinJp5v.ltrans3.ltrans.o
 .text._ZN13TIMER_Channel11ClearCCFlagEv.4245
                0x08001aa8       0x28 C:\Users\shvyrkoi\AppData\Local\Temp\ccinJp5v.ltrans3.ltrans.o
 .text._ZN3SPI11SetMSBFirstEv.4617
                0x08001ad0       0x24 C:\Users\shvyrkoi\AppData\Local\Temp\ccinJp5v.ltrans4.ltrans.o
 .text._ZN3SPI11SetLSBFirstEv.4614
                0x08001af4       0x24 C:\Users\shvyrkoi\AppData\Local\Temp\ccinJp5v.ltrans4.ltrans.o
 .text._ZN3SPI6SetSSMEb.4610
                0x08001b18       0x40 C:\Users\shvyrkoi\AppData\Local\Temp\ccinJp5v.ltrans4.ltrans.o
 .text._ZN3SPI6SetSSIEb.4606
                0x08001b58       0x40 C:\Users\shvyrkoi\AppData\Local\Temp\ccinJp5v.ltrans4.ltrans.o
 .text._ZN3SPI13SetFullDuplexEb.4602
                0x08001b98       0x40 C:\Users\shvyrkoi\AppData\Local\Temp\ccinJp5v.ltrans4.ltrans.o
 .text._ZN3SPI12SetDFF_16bitEv.4592
                0x08001bd8       0x24 C:\Users\shvyrkoi\AppData\Local\Temp\ccinJp5v.ltrans4.ltrans.o
 .text._ZN3SPI9IsOverrunEv
                0x08001bfc       0x28 C:\Users\shvyrkoi\AppData\Local\Temp\ccinJp5v.ltrans4.ltrans.o
                0x08001bfc                SPI::IsOverrun()
 .text._ZN3SPI11IsModeFaultEv
                0x08001c24       0x28 C:\Users\shvyrkoi\AppData\Local\Temp\ccinJp5v.ltrans4.ltrans.o
                0x08001c24                SPI::IsModeFault()
 .text._ZN3SPI10IsCRCErrorEv
                0x08001c4c       0x28 C:\Users\shvyrkoi\AppData\Local\Temp\ccinJp5v.ltrans4.ltrans.o
                0x08001c4c                SPI::IsCRCError()
 .text._ZN3SPI5IsTXEEv
                0x08001c74       0x28 C:\Users\shvyrkoi\AppData\Local\Temp\ccinJp5v.ltrans4.ltrans.o
                0x08001c74                SPI::IsTXE()
 .text._ZN3SPI6IsRXNEEv
                0x08001c9c       0x28 C:\Users\shvyrkoi\AppData\Local\Temp\ccinJp5v.ltrans4.ltrans.o
                0x08001c9c                SPI::IsRXNE()
 .text._ZN3SPI12ClearOverrunEv
                0x08001cc4       0x24 C:\Users\shvyrkoi\AppData\Local\Temp\ccinJp5v.ltrans4.ltrans.o
                0x08001cc4                SPI::ClearOverrun()
 .text._ZN3SPI14ClearModeFaultEv
                0x08001ce8       0x24 C:\Users\shvyrkoi\AppData\Local\Temp\ccinJp5v.ltrans4.ltrans.o
                0x08001ce8                SPI::ClearModeFault()
 .text._ZN3SPI13ClearCRCErrorEv
                0x08001d0c       0x24 C:\Users\shvyrkoi\AppData\Local\Temp\ccinJp5v.ltrans4.ltrans.o
                0x08001d0c                SPI::ClearCRCError()
 .text._ZN3SPI8ClearTXEEv
                0x08001d30       0x24 C:\Users\shvyrkoi\AppData\Local\Temp\ccinJp5v.ltrans4.ltrans.o
                0x08001d30                SPI::ClearTXE()
 .text._ZN3SPI9ClearRXNEEv
                0x08001d54       0x24 C:\Users\shvyrkoi\AppData\Local\Temp\ccinJp5v.ltrans4.ltrans.o
                0x08001d54                SPI::ClearRXNE()
 .text._ZN3SPI10InitializeEbb13SPI_BAUD_RATEbbbbb
                0x08001d78       0xac C:\Users\shvyrkoi\AppData\Local\Temp\ccinJp5v.ltrans4.ltrans.o
                0x08001d78                SPI::Initialize(bool, bool, SPI_BAUD_RATE, bool, bool, bool, bool, bool)
 .text._ZN3SPI12TransmitByteEh
                0x08001e24       0x58 C:\Users\shvyrkoi\AppData\Local\Temp\ccinJp5v.ltrans4.ltrans.o
                0x08001e24                SPI::TransmitByte(unsigned char)
 .text._ZN19TIMER_With_BDTR_RCRC2Em.local.29
                0x08001e7c       0x2c C:\Users\shvyrkoi\AppData\Local\Temp\ccinJp5v.ltrans4.ltrans.o
                0x08001e7c                TIMER_With_BDTR_RCR::TIMER_With_BDTR_RCR(unsigned long) [clone .local.29]
 .text._ZN13TIMER_ChannelC2Ev.local.27.4387
                0x08001ea8       0x28 C:\Users\shvyrkoi\AppData\Local\Temp\ccinJp5v.ltrans4.ltrans.o
                0x08001ea8                TIMER_Channel::TIMER_Channel() [clone .local.26]
 .text._ZN4TIM6C2Ev.local.25.4381
                0x08001ed0       0x50 C:\Users\shvyrkoi\AppData\Local\Temp\ccinJp5v.ltrans4.ltrans.o
 .text.__tcf_6.11542.4379
                0x08001f20       0x10 C:\Users\shvyrkoi\AppData\Local\Temp\ccinJp5v.ltrans4.ltrans.o
 .text._ZN4TIM611GetInstanceEv.local.23
                0x08001f30       0x34 C:\Users\shvyrkoi\AppData\Local\Temp\ccinJp5v.ltrans4.ltrans.o
                0x08001f30                TIM6::GetInstance() [clone .local.23]
 .text._ZN4TIM9C2Ev.local.7.4336
                0x08001f64       0x60 C:\Users\shvyrkoi\AppData\Local\Temp\ccinJp5v.ltrans4.ltrans.o
 .text.__tcf_8.11368.4334
                0x08001fc4       0x10 C:\Users\shvyrkoi\AppData\Local\Temp\ccinJp5v.ltrans4.ltrans.o
 .text._ZN4TIM911GetInstanceEv.local.5
                0x08001fd4       0x34 C:\Users\shvyrkoi\AppData\Local\Temp\ccinJp5v.ltrans4.ltrans.o
                0x08001fd4                TIM9::GetInstance() [clone .local.5]
 .text._ZN5TIM10C2Ev.local.19.4315
                0x08002008       0x50 C:\Users\shvyrkoi\AppData\Local\Temp\ccinJp5v.ltrans4.ltrans.o
 .text.__tcf_9.11435.4313
                0x08002058       0x10 C:\Users\shvyrkoi\AppData\Local\Temp\ccinJp5v.ltrans4.ltrans.o
 .text._ZN5TIM1011GetInstanceEv.local.17
                0x08002068       0x34 C:\Users\shvyrkoi\AppData\Local\Temp\ccinJp5v.ltrans4.ltrans.o
                0x08002068                TIM10::GetInstance() [clone .local.17]
 .text._ZN5TIM11C2Ev.local.16.4295
                0x0800209c       0x50 C:\Users\shvyrkoi\AppData\Local\Temp\ccinJp5v.ltrans4.ltrans.o
 .text.__tcf_10.11450.4293
                0x080020ec       0x10 C:\Users\shvyrkoi\AppData\Local\Temp\ccinJp5v.ltrans4.ltrans.o
 .text._ZN5TIM1111GetInstanceEv.local.14
                0x080020fc       0x34 C:\Users\shvyrkoi\AppData\Local\Temp\ccinJp5v.ltrans4.ltrans.o
                0x080020fc                TIM11::GetInstance() [clone .local.14]
 .text._ZN5TIM12C2Ev.local.4.4275
                0x08002130       0x6c C:\Users\shvyrkoi\AppData\Local\Temp\ccinJp5v.ltrans4.ltrans.o
 .text.__tcf_11.11559.4273
                0x0800219c       0x10 C:\Users\shvyrkoi\AppData\Local\Temp\ccinJp5v.ltrans4.ltrans.o
 .text._ZN5TIM1211GetInstanceEv.local.2
                0x080021ac       0x34 C:\Users\shvyrkoi\AppData\Local\Temp\ccinJp5v.ltrans4.ltrans.o
                0x080021ac                TIM12::GetInstance() [clone .local.2]
 .text._ZN5TIM13C2Ev.local.13.4238
                0x080021e0       0x50 C:\Users\shvyrkoi\AppData\Local\Temp\ccinJp5v.ltrans4.ltrans.o
 .text.__tcf_12.11589.4236
                0x08002230       0x10 C:\Users\shvyrkoi\AppData\Local\Temp\ccinJp5v.ltrans4.ltrans.o
 .text._ZN5TIM1311GetInstanceEv.local.11
                0x08002240       0x34 C:\Users\shvyrkoi\AppData\Local\Temp\ccinJp5v.ltrans4.ltrans.o
                0x08002240                TIM13::GetInstance() [clone .local.11]
 .text._ZN5TIM14C2Ev.local.10.4218
                0x08002274       0x50 C:\Users\shvyrkoi\AppData\Local\Temp\ccinJp5v.ltrans4.ltrans.o
 .text.__tcf_13.11604.4216
                0x080022c4       0x10 C:\Users\shvyrkoi\AppData\Local\Temp\ccinJp5v.ltrans4.ltrans.o
 .text._ZN5TIM1411GetInstanceEv.local.8
                0x080022d4       0x34 C:\Users\shvyrkoi\AppData\Local\Temp\ccinJp5v.ltrans4.ltrans.o
                0x080022d4                TIM14::GetInstance() [clone .local.8]
 .text._ZN10Peripheral21EnablePeripheralClockEb
                0x08002308       0x6c C:\Users\shvyrkoi\AppData\Local\Temp\ccinJp5v.ltrans5.ltrans.o
                0x08002308                Peripheral::EnablePeripheralClock(bool)
 .text._ZN10Peripheral14IsClockEnabledEv
                0x08002374       0x2c C:\Users\shvyrkoi\AppData\Local\Temp\ccinJp5v.ltrans5.ltrans.o
                0x08002374                Peripheral::IsClockEnabled()
 .text.SPI1_IRQHandler
                0x080023a0       0x14 C:\Users\shvyrkoi\AppData\Local\Temp\ccinJp5v.ltrans5.ltrans.o
                0x080023a0                SPI1_IRQHandler
 .text.SPI2_IRQHandler
                0x080023b4       0x14 C:\Users\shvyrkoi\AppData\Local\Temp\ccinJp5v.ltrans5.ltrans.o
                0x080023b4                SPI2_IRQHandler
 .text.SPI3_IRQHandler
                0x080023c8       0x14 C:\Users\shvyrkoi\AppData\Local\Temp\ccinJp5v.ltrans5.ltrans.o
                0x080023c8                SPI3_IRQHandler
 .text._ZN3SPI15HandleInterruptEv.4201
                0x080023dc       0x8c C:\Users\shvyrkoi\AppData\Local\Temp\ccinJp5v.ltrans5.ltrans.o
 .text._ZN3SPIC2EPVmS1_S1_S1_S1_S1_S1_9IRQn_TypeS1_S1_m
                0x08002468       0x68 C:\Users\shvyrkoi\AppData\Local\Temp\ccinJp5v.ltrans5.ltrans.o
                0x08002468                SPI::SPI(unsigned long volatile*, unsigned long volatile*, unsigned long volatile*, unsigned long volatile*, unsigned long volatile*, unsigned long volatile*, unsigned long volatile*, IRQn_Type, unsigned long volatile*, unsigned long volatile*, unsigned long)
 .text._ZN3SPI6EnableEb
                0x080024d0       0x58 C:\Users\shvyrkoi\AppData\Local\Temp\ccinJp5v.ltrans5.ltrans.o
                0x080024d0                SPI::Enable(bool)
 .text._ZN3SPI18SetClockPhaseFirstEv
                0x08002528       0x20 C:\Users\shvyrkoi\AppData\Local\Temp\ccinJp5v.ltrans5.ltrans.o
                0x08002528                SPI::SetClockPhaseFirst()
 .text._ZN3SPI19SetClockPhaseSecondEv
                0x08002548       0x24 C:\Users\shvyrkoi\AppData\Local\Temp\ccinJp5v.ltrans5.ltrans.o
                0x08002548                SPI::SetClockPhaseSecond()
 .text._ZN3SPI17SetClockPolarity0Ev
                0x0800256c       0x20 C:\Users\shvyrkoi\AppData\Local\Temp\ccinJp5v.ltrans5.ltrans.o
                0x0800256c                SPI::SetClockPolarity0()
 .text._ZN3SPI17SetClockPolarity1Ev
                0x0800258c       0x24 C:\Users\shvyrkoi\AppData\Local\Temp\ccinJp5v.ltrans5.ltrans.o
                0x0800258c                SPI::SetClockPolarity1()
 .text._ZN3SPI9SetMasterEb
                0x080025b0       0x40 C:\Users\shvyrkoi\AppData\Local\Temp\ccinJp5v.ltrans5.ltrans.o
                0x080025b0                SPI::SetMaster(bool)
 .text._ZN3SPI11SetBaudRateE13SPI_BAUD_RATE
                0x080025f0       0x38 C:\Users\shvyrkoi\AppData\Local\Temp\ccinJp5v.ltrans5.ltrans.o
                0x080025f0                SPI::SetBaudRate(SPI_BAUD_RATE)
 .text.RCC_GetSystemClock
                0x08002628       0xa8 C:\Users\shvyrkoi\AppData\Local\Temp\ccinJp5v.ltrans6.ltrans.o
                0x08002628                RCC_GetSystemClock
 .text.RCC_GetAHB_CLK
                0x080026d0       0x50 C:\Users\shvyrkoi\AppData\Local\Temp\ccinJp5v.ltrans6.ltrans.o
                0x080026d0                RCC_GetAHB_CLK
 .text.RCC_GetAPBx_div.8974.4513
                0x08002720       0x50 C:\Users\shvyrkoi\AppData\Local\Temp\ccinJp5v.ltrans6.ltrans.o
 .text.RCC_GetTIMx_CLK
                0x08002770       0x4c C:\Users\shvyrkoi\AppData\Local\Temp\ccinJp5v.ltrans6.ltrans.o
                0x08002770                RCC_GetTIMx_CLK
 .text.SystemInit
                0x080027bc       0x28 C:\Users\shvyrkoi\AppData\Local\Temp\ccinJp5v.ltrans6.ltrans.o
                0x080027bc                SystemInit
 .text.HardFault_Handler
                0x080027e4       0x18 C:\Users\shvyrkoi\AppData\Local\Temp\ccinJp5v.ltrans6.ltrans.o
                0x080027e4                HardFault_Handler
 .text.UsageFault_Handler
                0x080027fc       0x18 C:\Users\shvyrkoi\AppData\Local\Temp\ccinJp5v.ltrans6.ltrans.o
                0x080027fc                UsageFault_Handler
 .text.BusFault_Handler
                0x08002814       0x18 C:\Users\shvyrkoi\AppData\Local\Temp\ccinJp5v.ltrans6.ltrans.o
                0x08002814                BusFault_Handler
 .text.MemManage_Handler
                0x0800282c       0x18 C:\Users\shvyrkoi\AppData\Local\Temp\ccinJp5v.ltrans6.ltrans.o
                0x0800282c                MemManage_Handler
 .text.USART1_IRQHandler
                0x08002844       0x14 C:\Users\shvyrkoi\AppData\Local\Temp\ccinJp5v.ltrans6.ltrans.o
                0x08002844                USART1_IRQHandler
 .text.USART2_IRQHandler
                0x08002858       0x14 C:\Users\shvyrkoi\AppData\Local\Temp\ccinJp5v.ltrans6.ltrans.o
                0x08002858                USART2_IRQHandler
 .text.USART3_IRQHandler
                0x0800286c       0x14 C:\Users\shvyrkoi\AppData\Local\Temp\ccinJp5v.ltrans6.ltrans.o
                0x0800286c                USART3_IRQHandler
 .text.USART6_IRQHandler
                0x08002880       0x14 C:\Users\shvyrkoi\AppData\Local\Temp\ccinJp5v.ltrans6.ltrans.o
                0x08002880                USART6_IRQHandler
 .text._ZN5USARTC2EPVmS1_S1_S1_S1_S1_9IRQn_TypebS1_S1_m
                0x08002894       0x60 C:\Users\shvyrkoi\AppData\Local\Temp\ccinJp5v.ltrans6.ltrans.o
                0x08002894                USART::USART(unsigned long volatile*, unsigned long volatile*, unsigned long volatile*, unsigned long volatile*, unsigned long volatile*, unsigned long volatile*, IRQn_Type, bool, unsigned long volatile*, unsigned long volatile*, unsigned long)
 .text._ZN5USART15HandleInterruptEv.4345
                0x080028f4       0xa0 C:\Users\shvyrkoi\AppData\Local\Temp\ccinJp5v.ltrans6.ltrans.o
 .text._ZN5USART10ClearErrorEv.4342
                0x08002994       0x14 C:\Users\shvyrkoi\AppData\Local\Temp\ccinJp5v.ltrans6.ltrans.o
 .text._ZN5USART5IsCTSEv.4315
                0x080029a8       0x28 C:\Users\shvyrkoi\AppData\Local\Temp\ccinJp5v.ltrans6.ltrans.o
 .text._ZN5USART5IsLBDEv.4312
                0x080029d0       0x28 C:\Users\shvyrkoi\AppData\Local\Temp\ccinJp5v.ltrans6.ltrans.o
 .text._ZN5USART5IsTXEEv.4309
                0x080029f8       0x28 C:\Users\shvyrkoi\AppData\Local\Temp\ccinJp5v.ltrans6.ltrans.o
 .text._ZN5USART4IsTCEv.4303
                0x08002a20       0x28 C:\Users\shvyrkoi\AppData\Local\Temp\ccinJp5v.ltrans6.ltrans.o
 .text._ZN5USART6IsRXNEEv.4300
                0x08002a48       0x28 C:\Users\shvyrkoi\AppData\Local\Temp\ccinJp5v.ltrans6.ltrans.o
 .text._ZN5USART6IsIDLEEv.4294
                0x08002a70       0x28 C:\Users\shvyrkoi\AppData\Local\Temp\ccinJp5v.ltrans6.ltrans.o
 .text._ZN5USART9IsOverrunEv.4291
                0x08002a98       0x28 C:\Users\shvyrkoi\AppData\Local\Temp\ccinJp5v.ltrans6.ltrans.o
 .text._ZN5USART12IsNoiseErrorEv.4288
                0x08002ac0       0x28 C:\Users\shvyrkoi\AppData\Local\Temp\ccinJp5v.ltrans6.ltrans.o
 .text._ZN5USART14IsFramingErrorEv.4285
                0x08002ae8       0x28 C:\Users\shvyrkoi\AppData\Local\Temp\ccinJp5v.ltrans6.ltrans.o
 .text._ZN5USART13IsParityErrorEv.4282
                0x08002b10       0x28 C:\Users\shvyrkoi\AppData\Local\Temp\ccinJp5v.ltrans6.ltrans.o
 .text._ZN3I2C10IsSMBAlertEv
                0x08002b38       0x28 C:\Users\shvyrkoi\AppData\Local\Temp\ccinJp5v.ltrans7.ltrans.o
                0x08002b38                I2C::IsSMBAlert()
 .text._ZN3I2C9IsTimeoutEv
                0x08002b60       0x28 C:\Users\shvyrkoi\AppData\Local\Temp\ccinJp5v.ltrans7.ltrans.o
                0x08002b60                I2C::IsTimeout()
 .text._ZN3I2C10IsPECErrorEv
                0x08002b88       0x28 C:\Users\shvyrkoi\AppData\Local\Temp\ccinJp5v.ltrans7.ltrans.o
                0x08002b88                I2C::IsPECError()
 .text._ZN3I2C5IsOVREv
                0x08002bb0       0x28 C:\Users\shvyrkoi\AppData\Local\Temp\ccinJp5v.ltrans7.ltrans.o
                0x08002bb0                I2C::IsOVR()
 .text._ZN3I2C4IsAFEv
                0x08002bd8       0x28 C:\Users\shvyrkoi\AppData\Local\Temp\ccinJp5v.ltrans7.ltrans.o
                0x08002bd8                I2C::IsAF()
 .text._ZN3I2C6IsARLOEv
                0x08002c00       0x28 C:\Users\shvyrkoi\AppData\Local\Temp\ccinJp5v.ltrans7.ltrans.o
                0x08002c00                I2C::IsARLO()
 .text._ZN3I2C10IsBusErrorEv
                0x08002c28       0x28 C:\Users\shvyrkoi\AppData\Local\Temp\ccinJp5v.ltrans7.ltrans.o
                0x08002c28                I2C::IsBusError()
 .text._ZN3I2C13ClearSMBAlertEv
                0x08002c50       0x24 C:\Users\shvyrkoi\AppData\Local\Temp\ccinJp5v.ltrans7.ltrans.o
                0x08002c50                I2C::ClearSMBAlert()
 .text._ZN3I2C12ClearTimeoutEv
                0x08002c74       0x24 C:\Users\shvyrkoi\AppData\Local\Temp\ccinJp5v.ltrans7.ltrans.o
                0x08002c74                I2C::ClearTimeout()
 .text._ZN3I2C11ClearPECERREv
                0x08002c98       0x24 C:\Users\shvyrkoi\AppData\Local\Temp\ccinJp5v.ltrans7.ltrans.o
                0x08002c98                I2C::ClearPECERR()
 .text._ZN3I2C8ClearOVREv
                0x08002cbc       0x24 C:\Users\shvyrkoi\AppData\Local\Temp\ccinJp5v.ltrans7.ltrans.o
                0x08002cbc                I2C::ClearOVR()
 .text._ZN3I2C7ClearAFEv
                0x08002ce0       0x24 C:\Users\shvyrkoi\AppData\Local\Temp\ccinJp5v.ltrans7.ltrans.o
                0x08002ce0                I2C::ClearAF()
 .text._ZN3I2C9ClearARLOEv
                0x08002d04       0x24 C:\Users\shvyrkoi\AppData\Local\Temp\ccinJp5v.ltrans7.ltrans.o
                0x08002d04                I2C::ClearARLO()
 .text._ZN3I2C13ClearBusErrorEv
                0x08002d28       0x24 C:\Users\shvyrkoi\AppData\Local\Temp\ccinJp5v.ltrans7.ltrans.o
                0x08002d28                I2C::ClearBusError()
 .text._ZN3I2C5IsTxEEv
                0x08002d4c       0x28 C:\Users\shvyrkoi\AppData\Local\Temp\ccinJp5v.ltrans7.ltrans.o
                0x08002d4c                I2C::IsTxE()
 .text._ZN3I2C6IsRxNEEv
                0x08002d74       0x28 C:\Users\shvyrkoi\AppData\Local\Temp\ccinJp5v.ltrans7.ltrans.o
                0x08002d74                I2C::IsRxNE()
 .text._ZN3I2C7IsStOPFEv
                0x08002d9c       0x28 C:\Users\shvyrkoi\AppData\Local\Temp\ccinJp5v.ltrans7.ltrans.o
                0x08002d9c                I2C::IsStOPF()
 .text._ZN3I2C7IsADD10Ev
                0x08002dc4       0x28 C:\Users\shvyrkoi\AppData\Local\Temp\ccinJp5v.ltrans7.ltrans.o
                0x08002dc4                I2C::IsADD10()
 .text._ZN3I2C5IsBTFEv
                0x08002dec       0x28 C:\Users\shvyrkoi\AppData\Local\Temp\ccinJp5v.ltrans7.ltrans.o
                0x08002dec                I2C::IsBTF()
 .text._ZN3I2C6IsADDREv
                0x08002e14       0x28 C:\Users\shvyrkoi\AppData\Local\Temp\ccinJp5v.ltrans7.ltrans.o
                0x08002e14                I2C::IsADDR()
 .text._ZN3I2C4IsSBEv
                0x08002e3c       0x28 C:\Users\shvyrkoi\AppData\Local\Temp\ccinJp5v.ltrans7.ltrans.o
                0x08002e3c                I2C::IsSB()
 .text.RCC_ResetHSI.8884.4062
                0x08002e64       0x28 C:\Users\shvyrkoi\AppData\Local\Temp\ccinJp5v.ltrans7.ltrans.o
 .text.RCC_StartHSI.8887.4060
                0x08002e8c       0x28 C:\Users\shvyrkoi\AppData\Local\Temp\ccinJp5v.ltrans7.ltrans.o
 .text.RCC_IsHSIActive.8889.4058
                0x08002eb4       0x2c C:\Users\shvyrkoi\AppData\Local\Temp\ccinJp5v.ltrans7.ltrans.o
 .text.RCC_EnableHSI
                0x08002ee0       0x34 C:\Users\shvyrkoi\AppData\Local\Temp\ccinJp5v.ltrans7.ltrans.o
                0x08002ee0                RCC_EnableHSI
 .text.RCC_IsHSEActive.8899.4049
                0x08002f14       0x34 C:\Users\shvyrkoi\AppData\Local\Temp\ccinJp5v.ltrans7.ltrans.o
 .text.RCC_IsPLLActive.8907.4039
                0x08002f48       0x1c C:\Users\shvyrkoi\AppData\Local\Temp\ccinJp5v.ltrans7.ltrans.o
 .text.RCC_ResetPLL.8909.4037
                0x08002f64       0x28 C:\Users\shvyrkoi\AppData\Local\Temp\ccinJp5v.ltrans7.ltrans.o
 .text.RCC_StartPLL.8911.4035
                0x08002f8c       0x28 C:\Users\shvyrkoi\AppData\Local\Temp\ccinJp5v.ltrans7.ltrans.o
 .text.RCC_EnablePLL
                0x08002fb4       0xa4 C:\Users\shvyrkoi\AppData\Local\Temp\ccinJp5v.ltrans7.ltrans.o
                0x08002fb4                RCC_EnablePLL
 .text.RCC_SetPLLM.4025
                0x08003058       0x3c C:\Users\shvyrkoi\AppData\Local\Temp\ccinJp5v.ltrans7.ltrans.o
 .text.RCC_SetPLLN.4021
                0x08003094       0x38 C:\Users\shvyrkoi\AppData\Local\Temp\ccinJp5v.ltrans7.ltrans.o
 .text.RCC_SetPLLP.4016
                0x080030cc       0x70 C:\Users\shvyrkoi\AppData\Local\Temp\ccinJp5v.ltrans7.ltrans.o
 .text._ZN8GPIO_PINC2Ev.local.119.4525
                0x0800313c       0x24 C:\Users\shvyrkoi\AppData\Local\Temp\ccinJp5v.ltrans8.ltrans.o
 .text._ZN8GPIO_PIN5_initEP9GPIO_PORT10GPIO_PIN_N.local.117.4520
                0x08003160       0x24 C:\Users\shvyrkoi\AppData\Local\Temp\ccinJp5v.ltrans8.ltrans.o
 .text._ZN9GPIO_PORTC2EPVmS1_S1_S1_S1_S1_S1_S1_S1_S1_S1_S1_m
                0x08003184       0xbc C:\Users\shvyrkoi\AppData\Local\Temp\ccinJp5v.ltrans8.ltrans.o
                0x08003184                GPIO_PORT::GPIO_PORT(unsigned long volatile*, unsigned long volatile*, unsigned long volatile*, unsigned long volatile*, unsigned long volatile*, unsigned long volatile*, unsigned long volatile*, unsigned long volatile*, unsigned long volatile*, unsigned long volatile*, unsigned long volatile*, unsigned long volatile*, unsigned long)
 .text._ZN9GPIO_PORT15SetupGPIO_OutPPE10GPIO_PIN_N.4467
                0x08003240       0x80 C:\Users\shvyrkoi\AppData\Local\Temp\ccinJp5v.ltrans8.ltrans.o
 .text._ZN9GPIO_PORT18SetupGPIO_OutAltPPE10GPIO_PIN_N
                0x080032c0       0x80 C:\Users\shvyrkoi\AppData\Local\Temp\ccinJp5v.ltrans8.ltrans.o
                0x080032c0                GPIO_PORT::SetupGPIO_OutAltPP(GPIO_PIN_N)
 .text._ZN9GPIO_PORT8PullDownE10GPIO_PIN_N.4447
                0x08003340       0x50 C:\Users\shvyrkoi\AppData\Local\Temp\ccinJp5v.ltrans8.ltrans.o
 .text._ZN9GPIO_PORT12SetSpeedHighE10GPIO_PIN_N.4435
                0x08003390       0x50 C:\Users\shvyrkoi\AppData\Local\Temp\ccinJp5v.ltrans8.ltrans.o
 .text._ZN9GPIO_PORT6SetPinE10GPIO_PIN_N.4426
                0x080033e0       0x28 C:\Users\shvyrkoi\AppData\Local\Temp\ccinJp5v.ltrans8.ltrans.o
 .text._ZN9GPIO_PORT8ResetPinE10GPIO_PIN_N.4418
                0x08003408       0x28 C:\Users\shvyrkoi\AppData\Local\Temp\ccinJp5v.ltrans8.ltrans.o
 .text._ZN9GPIO_PORT6GetPinE10GPIO_PIN_N
                0x08003430       0x24 C:\Users\shvyrkoi\AppData\Local\Temp\ccinJp5v.ltrans8.ltrans.o
                0x08003430                GPIO_PORT::GetPin(GPIO_PIN_N)
 .text._ZN9GPIO_PORT5SetAFE7GPIO_AF10GPIO_PIN_N
                0x08003454       0x64 C:\Users\shvyrkoi\AppData\Local\Temp\ccinJp5v.ltrans8.ltrans.o
                0x08003454                GPIO_PORT::SetAF(GPIO_AF, GPIO_PIN_N)
 .text._ZN8GPIO_PIN15SetupGPIO_OutPPEv
                0x080034b8       0x20 C:\Users\shvyrkoi\AppData\Local\Temp\ccinJp5v.ltrans8.ltrans.o
                0x080034b8                GPIO_PIN::SetupGPIO_OutPP()
 .text._ZN8GPIO_PIN18SetupGPIO_OutAltPPEv
                0x080034d8       0x20 C:\Users\shvyrkoi\AppData\Local\Temp\ccinJp5v.ltrans8.ltrans.o
                0x080034d8                GPIO_PIN::SetupGPIO_OutAltPP()
 .text._ZN8GPIO_PIN8PullDownEv
                0x080034f8       0x20 C:\Users\shvyrkoi\AppData\Local\Temp\ccinJp5v.ltrans8.ltrans.o
                0x080034f8                GPIO_PIN::PullDown()
 .text._ZN8GPIO_PIN12SetSpeedHighEv
                0x08003518       0x20 C:\Users\shvyrkoi\AppData\Local\Temp\ccinJp5v.ltrans8.ltrans.o
                0x08003518                GPIO_PIN::SetSpeedHigh()
 .text._ZN8GPIO_PIN3SetEv
                0x08003538       0x20 C:\Users\shvyrkoi\AppData\Local\Temp\ccinJp5v.ltrans8.ltrans.o
                0x08003538                GPIO_PIN::Set()
 .text._ZN8GPIO_PIN5ResetEv
                0x08003558       0x20 C:\Users\shvyrkoi\AppData\Local\Temp\ccinJp5v.ltrans8.ltrans.o
                0x08003558                GPIO_PIN::Reset()
 .text._ZN8GPIO_PIN5SetAFE7GPIO_AF
                0x08003578       0x28 C:\Users\shvyrkoi\AppData\Local\Temp\ccinJp5v.ltrans8.ltrans.o
                0x08003578                GPIO_PIN::SetAF(GPIO_AF)
 .text.I2C1_EV_IRQHandler
                0x080035a0       0x14 C:\Users\shvyrkoi\AppData\Local\Temp\ccinJp5v.ltrans8.ltrans.o
                0x080035a0                I2C1_EV_IRQHandler
 .text.I2C1_ER_IRQHandler
                0x080035b4       0x14 C:\Users\shvyrkoi\AppData\Local\Temp\ccinJp5v.ltrans8.ltrans.o
                0x080035b4                I2C1_ER_IRQHandler
 .text.I2C2_EV_IRQHandler
                0x080035c8       0x14 C:\Users\shvyrkoi\AppData\Local\Temp\ccinJp5v.ltrans8.ltrans.o
                0x080035c8                I2C2_EV_IRQHandler
 .text.I2C2_ER_IRQHandler
                0x080035dc       0x14 C:\Users\shvyrkoi\AppData\Local\Temp\ccinJp5v.ltrans8.ltrans.o
                0x080035dc                I2C2_ER_IRQHandler
 .text._ZN3I2C20HandleErrorInterruptEv.4282
                0x080035f0       0xc8 C:\Users\shvyrkoi\AppData\Local\Temp\ccinJp5v.ltrans8.ltrans.o
 .text._ZN3I2C20HandleEventInterruptEv.4279
                0x080036b8       0x74 C:\Users\shvyrkoi\AppData\Local\Temp\ccinJp5v.ltrans8.ltrans.o
 .text._ZN3I2CC2EPVmS1_S1_S1_S1_S1_S1_S1_S1_9IRQn_TypeS2_S1_S1_m
                0x0800372c       0xd4 C:\Users\shvyrkoi\AppData\Local\Temp\ccinJp5v.ltrans8.ltrans.o
                0x0800372c                I2C::I2C(unsigned long volatile*, unsigned long volatile*, unsigned long volatile*, unsigned long volatile*, unsigned long volatile*, unsigned long volatile*, unsigned long volatile*, unsigned long volatile*, unsigned long volatile*, IRQn_Type, IRQn_Type, unsigned long volatile*, unsigned long volatile*, unsigned long)
 .text._ZN10DMA_Stream15IsTransferErrorEv
                0x08003800       0x2c C:\Users\shvyrkoi\AppData\Local\Temp\ccinJp5v.ltrans9.ltrans.o
                0x08003800                DMA_Stream::IsTransferError()
 .text._ZN10DMA_Stream18ClearTransferErrorEv
                0x0800382c       0x24 C:\Users\shvyrkoi\AppData\Local\Temp\ccinJp5v.ltrans9.ltrans.o
                0x0800382c                DMA_Stream::ClearTransferError()
 .text._ZN10DMA_Stream22IsHalfTransferCompleteEv
                0x08003850       0x2c C:\Users\shvyrkoi\AppData\Local\Temp\ccinJp5v.ltrans9.ltrans.o
                0x08003850                DMA_Stream::IsHalfTransferComplete()
 .text._ZN10DMA_Stream25ClearHalfTransferCompleteEv
                0x0800387c       0x24 C:\Users\shvyrkoi\AppData\Local\Temp\ccinJp5v.ltrans9.ltrans.o
                0x0800387c                DMA_Stream::ClearHalfTransferComplete()
 .text._ZN10DMA_Stream18IsTransferCompleteEv
                0x080038a0       0x2c C:\Users\shvyrkoi\AppData\Local\Temp\ccinJp5v.ltrans9.ltrans.o
                0x080038a0                DMA_Stream::IsTransferComplete()
 .text._ZN10DMA_Stream21ClearTransferCompleteEv
                0x080038cc       0x24 C:\Users\shvyrkoi\AppData\Local\Temp\ccinJp5v.ltrans9.ltrans.o
                0x080038cc                DMA_Stream::ClearTransferComplete()
 .text.FLASH_SetWaitState
                0x080038f0       0x24 C:\Users\shvyrkoi\AppData\Local\Temp\ccinJp5v.ltrans9.ltrans.o
                0x080038f0                FLASH_SetWaitState
 .text.FLASH_EnableICache
                0x08003914       0x1c C:\Users\shvyrkoi\AppData\Local\Temp\ccinJp5v.ltrans9.ltrans.o
                0x08003914                FLASH_EnableICache
 .text.FLASH_EnableDCache
                0x08003930       0x1c C:\Users\shvyrkoi\AppData\Local\Temp\ccinJp5v.ltrans9.ltrans.o
                0x08003930                FLASH_EnableDCache
 .text.FLASH_EnablePrefetchBuffer
                0x0800394c       0x1c C:\Users\shvyrkoi\AppData\Local\Temp\ccinJp5v.ltrans9.ltrans.o
                0x0800394c                FLASH_EnablePrefetchBuffer
 .text._ZN3ADC15HandleInterruptEv
                0x08003968       0x48 C:\Users\shvyrkoi\AppData\Local\Temp\ccinJp5v.ltrans10.ltrans.o
                0x08003968                ADC::HandleInterrupt()
 .text._ZN3ADC16HandleJInterruptEv
                0x080039b0       0x48 C:\Users\shvyrkoi\AppData\Local\Temp\ccinJp5v.ltrans10.ltrans.o
                0x080039b0                ADC::HandleJInterrupt()
 .text._ZN3ADC23HandleWatchdogInterruptEv
                0x080039f8       0x58 C:\Users\shvyrkoi\AppData\Local\Temp\ccinJp5v.ltrans10.ltrans.o
                0x080039f8                ADC::HandleWatchdogInterrupt()
 .text._ZN3ADC24HandleJWatchdogInterruptEv
                0x08003a50       0x58 C:\Users\shvyrkoi\AppData\Local\Temp\ccinJp5v.ltrans10.ltrans.o
                0x08003a50                ADC::HandleJWatchdogInterrupt()
 .text._ZN10DMA_StreamC2Ev.local.124.4244
                0x08003aa8       0x18 C:\Users\shvyrkoi\AppData\Local\Temp\ccinJp5v.ltrans10.ltrans.o
 .text._ZN4DMA211GetInstanceEv.local.120.4242
                0x08003ac0       0x2c C:\Users\shvyrkoi\AppData\Local\Temp\ccinJp5v.ltrans10.ltrans.o
 .text._ZN4DMA2C2Ev.local.122.4233
                0x08003aec       0x24 C:\Users\shvyrkoi\AppData\Local\Temp\ccinJp5v.ltrans10.ltrans.o
 .text.DMA1_Stream0_IRQHandler
                0x08003b10       0x14 C:\Users\shvyrkoi\AppData\Local\Temp\ccinJp5v.ltrans10.ltrans.o
                0x08003b10                DMA1_Stream0_IRQHandler
 .text.DMA1_Stream1_IRQHandler
                0x08003b24       0x14 C:\Users\shvyrkoi\AppData\Local\Temp\ccinJp5v.ltrans10.ltrans.o
                0x08003b24                DMA1_Stream1_IRQHandler
 .text.DMA1_Stream2_IRQHandler
                0x08003b38       0x14 C:\Users\shvyrkoi\AppData\Local\Temp\ccinJp5v.ltrans10.ltrans.o
                0x08003b38                DMA1_Stream2_IRQHandler
 .text.DMA1_Stream3_IRQHandler
                0x08003b4c       0x14 C:\Users\shvyrkoi\AppData\Local\Temp\ccinJp5v.ltrans10.ltrans.o
                0x08003b4c                DMA1_Stream3_IRQHandler
 .text.DMA1_Stream4_IRQHandler
                0x08003b60       0x14 C:\Users\shvyrkoi\AppData\Local\Temp\ccinJp5v.ltrans10.ltrans.o
                0x08003b60                DMA1_Stream4_IRQHandler
 .text.DMA1_Stream5_IRQHandler
                0x08003b74       0x14 C:\Users\shvyrkoi\AppData\Local\Temp\ccinJp5v.ltrans10.ltrans.o
                0x08003b74                DMA1_Stream5_IRQHandler
 .text.DMA1_Stream6_IRQHandler
                0x08003b88       0x14 C:\Users\shvyrkoi\AppData\Local\Temp\ccinJp5v.ltrans10.ltrans.o
                0x08003b88                DMA1_Stream6_IRQHandler
 .text.DMA1_Stream7_IRQHandler
                0x08003b9c       0x14 C:\Users\shvyrkoi\AppData\Local\Temp\ccinJp5v.ltrans10.ltrans.o
                0x08003b9c                DMA1_Stream7_IRQHandler
 .text.DMA2_Stream0_IRQHandler
                0x08003bb0        0xc C:\Users\shvyrkoi\AppData\Local\Temp\ccinJp5v.ltrans10.ltrans.o
                0x08003bb0                DMA2_Stream0_IRQHandler
 .text.DMA2_Stream1_IRQHandler
                0x08003bbc       0x14 C:\Users\shvyrkoi\AppData\Local\Temp\ccinJp5v.ltrans10.ltrans.o
                0x08003bbc                DMA2_Stream1_IRQHandler
 .text.DMA2_Stream2_IRQHandler
                0x08003bd0       0x14 C:\Users\shvyrkoi\AppData\Local\Temp\ccinJp5v.ltrans10.ltrans.o
                0x08003bd0                DMA2_Stream2_IRQHandler
 .text.DMA2_Stream3_IRQHandler
                0x08003be4       0x14 C:\Users\shvyrkoi\AppData\Local\Temp\ccinJp5v.ltrans10.ltrans.o
                0x08003be4                DMA2_Stream3_IRQHandler
 .text.DMA2_Stream4_IRQHandler
                0x08003bf8       0x14 C:\Users\shvyrkoi\AppData\Local\Temp\ccinJp5v.ltrans10.ltrans.o
                0x08003bf8                DMA2_Stream4_IRQHandler
 .text.DMA2_Stream5_IRQHandler
                0x08003c0c       0x14 C:\Users\shvyrkoi\AppData\Local\Temp\ccinJp5v.ltrans10.ltrans.o
                0x08003c0c                DMA2_Stream5_IRQHandler
 .text.DMA2_Stream6_IRQHandler
                0x08003c20       0x14 C:\Users\shvyrkoi\AppData\Local\Temp\ccinJp5v.ltrans10.ltrans.o
                0x08003c20                DMA2_Stream6_IRQHandler
 .text.DMA2_Stream7_IRQHandler
                0x08003c34       0x14 C:\Users\shvyrkoi\AppData\Local\Temp\ccinJp5v.ltrans10.ltrans.o
                0x08003c34                DMA2_Stream7_IRQHandler
 .text._ZN3DMAC2EhP9IRQn_Type
                0x08003c48      0x3a0 C:\Users\shvyrkoi\AppData\Local\Temp\ccinJp5v.ltrans10.ltrans.o
                0x08003c48                DMA::DMA(unsigned char, IRQn_Type*)
 .text._ZN3DMA11IRQ_HandlerEi.4162
                0x08003fe8       0x90 C:\Users\shvyrkoi\AppData\Local\Temp\ccinJp5v.ltrans10.ltrans.o
 .text._ZN11GPIO_Helper6GetPinEPKc
                0x08004078      0x160 C:\Users\shvyrkoi\AppData\Local\Temp\ccinJp5v.ltrans11.ltrans.o
                0x08004078                GPIO_Helper::GetPin(char const*)
 .text._ZN4TIM5D2Ev.local.215.4445
                0x080041d8       0x30 C:\Users\shvyrkoi\AppData\Local\Temp\ccinJp5v.ltrans11.ltrans.o
                0x080041d8                TIM5::~TIM5() [clone .local.214]
 .text._ZN4TIM5D0Ev.local.213
                0x08004208       0x20 C:\Users\shvyrkoi\AppData\Local\Temp\ccinJp5v.ltrans11.ltrans.o
                0x08004208                TIM5::~TIM5() [clone .local.213]
 .text._ZN4TIM4D2Ev.local.218.4428
                0x08004228       0x30 C:\Users\shvyrkoi\AppData\Local\Temp\ccinJp5v.ltrans11.ltrans.o
                0x08004228                TIM4::~TIM4() [clone .local.217]
 .text._ZN4TIM4D0Ev.local.216
                0x08004258       0x20 C:\Users\shvyrkoi\AppData\Local\Temp\ccinJp5v.ltrans11.ltrans.o
                0x08004258                TIM4::~TIM4() [clone .local.216]
 .text._ZN4TIM3D2Ev.local.221.4411
                0x08004278       0x30 C:\Users\shvyrkoi\AppData\Local\Temp\ccinJp5v.ltrans11.ltrans.o
                0x08004278                TIM3::~TIM3() [clone .local.220]
 .text._ZN4TIM3D0Ev.local.219
                0x080042a8       0x20 C:\Users\shvyrkoi\AppData\Local\Temp\ccinJp5v.ltrans11.ltrans.o
                0x080042a8                TIM3::~TIM3() [clone .local.219]
 .text._ZN4TIM2D2Ev.local.224.4394
                0x080042c8       0x30 C:\Users\shvyrkoi\AppData\Local\Temp\ccinJp5v.ltrans11.ltrans.o
                0x080042c8                TIM2::~TIM2() [clone .local.223]
 .text._ZN4TIM2D0Ev.local.222
                0x080042f8       0x20 C:\Users\shvyrkoi\AppData\Local\Temp\ccinJp5v.ltrans11.ltrans.o
                0x080042f8                TIM2::~TIM2() [clone .local.222]
 .text._ZN4TIM8D2Ev.local.212.4377
                0x08004318       0x30 C:\Users\shvyrkoi\AppData\Local\Temp\ccinJp5v.ltrans11.ltrans.o
                0x08004318                TIM8::~TIM8() [clone .local.211]
 .text._ZN4TIM8D0Ev.local.210
                0x08004348       0x20 C:\Users\shvyrkoi\AppData\Local\Temp\ccinJp5v.ltrans11.ltrans.o
                0x08004348                TIM8::~TIM8() [clone .local.210]
 .text._ZN4TIM1D2Ev.local.228.4364
                0x08004368       0x30 C:\Users\shvyrkoi\AppData\Local\Temp\ccinJp5v.ltrans11.ltrans.o
                0x08004368                TIM1::~TIM1() [clone .local.227]
 .text._ZN4TIM1D0Ev.local.225
                0x08004398       0x20 C:\Users\shvyrkoi\AppData\Local\Temp\ccinJp5v.ltrans11.ltrans.o
                0x08004398                TIM1::~TIM1() [clone .local.225]
 .text.RCC_EnableHSI_168Mhz
                0x080043b8       0x44 C:\Users\shvyrkoi\AppData\Local\Temp\ccinJp5v.ltrans11.ltrans.o
                0x080043b8                RCC_EnableHSI_168Mhz
 .text._ZN10PeripheralC2EPVmS1_m.local.137
                0x080043fc       0x30 C:\Users\shvyrkoi\AppData\Local\Temp\ccinJp5v.ltrans11.ltrans.o
                0x080043fc                Peripheral::Peripheral(unsigned long volatile*, unsigned long volatile*, unsigned long) [clone .local.137]
 .text._ZN3ADCC2EhPVmS1_S1_S1_S1_S1_S1_S1_S1_S1_S1_S1_S1_S1_S1_S1_.local.135.4090
                0x0800442c       0xc0 C:\Users\shvyrkoi\AppData\Local\Temp\ccinJp5v.ltrans11.ltrans.o
 .text._ZN4ADC111GetInstanceEv.local.131.4088
                0x080044ec       0x2c C:\Users\shvyrkoi\AppData\Local\Temp\ccinJp5v.ltrans11.ltrans.o
 .text._ZN4ADC1C2Ev.local.133.4079
                0x08004518       0x98 C:\Users\shvyrkoi\AppData\Local\Temp\ccinJp5v.ltrans11.ltrans.o
 .text._ZN4ADC211GetInstanceEv.local.128.4077
                0x080045b0       0x2c C:\Users\shvyrkoi\AppData\Local\Temp\ccinJp5v.ltrans11.ltrans.o
 .text._ZN4ADC2C2Ev.local.130.4068
                0x080045dc       0x98 C:\Users\shvyrkoi\AppData\Local\Temp\ccinJp5v.ltrans11.ltrans.o
 .text._ZN4ADC311GetInstanceEv.local.125.4066
                0x08004674       0x2c C:\Users\shvyrkoi\AppData\Local\Temp\ccinJp5v.ltrans11.ltrans.o
 .text._ZN4ADC3C2Ev.local.127.4016
                0x080046a0       0x98 C:\Users\shvyrkoi\AppData\Local\Temp\ccinJp5v.ltrans11.ltrans.o
 .text.ADC_IRQHandler
                0x08004738      0x1bc C:\Users\shvyrkoi\AppData\Local\Temp\ccinJp5v.ltrans11.ltrans.o
                0x08004738                ADC_IRQHandler
 .text._ZN16Adafruit_ILI934113drawFastVLineEssst
                0x080048f4       0xf0 C:\Users\shvyrkoi\AppData\Local\Temp\ccinJp5v.ltrans12.ltrans.o
                0x080048f4                Adafruit_ILI9341::drawFastVLine(short, short, short, unsigned short)
 .text._ZN16Adafruit_ILI934113drawFastHLineEssst
                0x080049e4       0xf0 C:\Users\shvyrkoi\AppData\Local\Temp\ccinJp5v.ltrans12.ltrans.o
                0x080049e4                Adafruit_ILI9341::drawFastHLine(short, short, short, unsigned short)
 .text._ZN16Adafruit_ILI934110fillScreenEt
                0x08004ad4       0x34 C:\Users\shvyrkoi\AppData\Local\Temp\ccinJp5v.ltrans12.ltrans.o
                0x08004ad4                Adafruit_ILI9341::fillScreen(unsigned short)
 .text._ZN16Adafruit_ILI93418fillRectEsssst
                0x08004b08      0x134 C:\Users\shvyrkoi\AppData\Local\Temp\ccinJp5v.ltrans12.ltrans.o
                0x08004b08                Adafruit_ILI9341::fillRect(short, short, short, short, unsigned short)
 .text._ZN16Adafruit_ILI934111setRotationEh
                0x08004c3c       0xa4 C:\Users\shvyrkoi\AppData\Local\Temp\ccinJp5v.ltrans12.ltrans.o
                0x08004c3c                Adafruit_ILI9341::setRotation(unsigned char)
 .text._ZN16Adafruit_ILI934113invertDisplayEb
                0x08004ce0       0x28 C:\Users\shvyrkoi\AppData\Local\Temp\ccinJp5v.ltrans12.ltrans.o
                0x08004ce0                Adafruit_ILI9341::invertDisplay(bool)
 .text._Z4testv.4814
                0x08004d08       0xd0 C:\Users\shvyrkoi\AppData\Local\Temp\ccinJp5v.ltrans12.ltrans.o
 .text.main     0x08004dd8       0x18 C:\Users\shvyrkoi\AppData\Local\Temp\ccinJp5v.ltrans12.ltrans.o
                0x08004dd8                main
 .text._ZN4DMA111GetInstanceEv.local.207
                0x08004df0       0x2c C:\Users\shvyrkoi\AppData\Local\Temp\ccinJp5v.ltrans12.ltrans.o
                0x08004df0                DMA1::GetInstance() [clone .local.207]
 .text._ZN4DMA1C2Ev.local.209.4796
                0x08004e1c       0x24 C:\Users\shvyrkoi\AppData\Local\Temp\ccinJp5v.ltrans12.ltrans.o
 .text._ZN5GPIOA11GetInstanceEv.local.204
                0x08004e40       0x2c C:\Users\shvyrkoi\AppData\Local\Temp\ccinJp5v.ltrans12.ltrans.o
                0x08004e40                GPIOA::GetInstance() [clone .local.204]
 .text._ZN5GPIOAC2Ev.local.206.4785
                0x08004e6c       0x78 C:\Users\shvyrkoi\AppData\Local\Temp\ccinJp5v.ltrans12.ltrans.o
 .text._ZN5GPIOB11GetInstanceEv.local.201
                0x08004ee4       0x2c C:\Users\shvyrkoi\AppData\Local\Temp\ccinJp5v.ltrans12.ltrans.o
                0x08004ee4                GPIOB::GetInstance() [clone .local.201]
 .text._ZN5GPIOBC2Ev.local.203.4774
                0x08004f10       0x78 C:\Users\shvyrkoi\AppData\Local\Temp\ccinJp5v.ltrans12.ltrans.o
 .text._ZN5GPIOC11GetInstanceEv.local.198
                0x08004f88       0x2c C:\Users\shvyrkoi\AppData\Local\Temp\ccinJp5v.ltrans12.ltrans.o
                0x08004f88                GPIOC::GetInstance() [clone .local.198]
 .text._ZN5GPIOCC2Ev.local.200.4763
                0x08004fb4       0x78 C:\Users\shvyrkoi\AppData\Local\Temp\ccinJp5v.ltrans12.ltrans.o
 .text._ZN5GPIOD11GetInstanceEv.local.195
                0x0800502c       0x2c C:\Users\shvyrkoi\AppData\Local\Temp\ccinJp5v.ltrans12.ltrans.o
                0x0800502c                GPIOD::GetInstance() [clone .local.195]
 .text._ZN5GPIODC2Ev.local.197.4752
                0x08005058       0x78 C:\Users\shvyrkoi\AppData\Local\Temp\ccinJp5v.ltrans12.ltrans.o
 .text._ZN5GPIOE11GetInstanceEv.local.192
                0x080050d0       0x2c C:\Users\shvyrkoi\AppData\Local\Temp\ccinJp5v.ltrans12.ltrans.o
                0x080050d0                GPIOE::GetInstance() [clone .local.192]
 .text._ZN5GPIOEC2Ev.local.194.4741
                0x080050fc       0x78 C:\Users\shvyrkoi\AppData\Local\Temp\ccinJp5v.ltrans12.ltrans.o
 .text._ZN5GPIOF11GetInstanceEv.local.189
                0x08005174       0x2c C:\Users\shvyrkoi\AppData\Local\Temp\ccinJp5v.ltrans12.ltrans.o
                0x08005174                GPIOF::GetInstance() [clone .local.189]
 .text._ZN5GPIOFC2Ev.local.191.4730
                0x080051a0       0x78 C:\Users\shvyrkoi\AppData\Local\Temp\ccinJp5v.ltrans12.ltrans.o
 .text._ZN5GPIOG11GetInstanceEv.local.186
                0x08005218       0x2c C:\Users\shvyrkoi\AppData\Local\Temp\ccinJp5v.ltrans12.ltrans.o
                0x08005218                GPIOG::GetInstance() [clone .local.186]
 .text._ZN5GPIOGC2Ev.local.188.4719
                0x08005244       0x78 C:\Users\shvyrkoi\AppData\Local\Temp\ccinJp5v.ltrans12.ltrans.o
 .text._ZN5GPIOH11GetInstanceEv.local.183
                0x080052bc       0x2c C:\Users\shvyrkoi\AppData\Local\Temp\ccinJp5v.ltrans12.ltrans.o
                0x080052bc                GPIOH::GetInstance() [clone .local.183]
 .text._ZN5GPIOHC2Ev.local.185.4708
                0x080052e8       0x78 C:\Users\shvyrkoi\AppData\Local\Temp\ccinJp5v.ltrans12.ltrans.o
 .text._ZN4SPI111GetInstanceEv.local.180
                0x08005360       0x2c C:\Users\shvyrkoi\AppData\Local\Temp\ccinJp5v.ltrans12.ltrans.o
                0x08005360                SPI1::GetInstance() [clone .local.180]
 .text._ZN4SPI1C2Ev.local.182.4697
                0x0800538c       0x68 C:\Users\shvyrkoi\AppData\Local\Temp\ccinJp5v.ltrans12.ltrans.o
 .text._ZN4SPI211GetInstanceEv.local.177
                0x080053f4       0x2c C:\Users\shvyrkoi\AppData\Local\Temp\ccinJp5v.ltrans12.ltrans.o
                0x080053f4                SPI2::GetInstance() [clone .local.177]
 .text._ZN4SPI2C2Ev.local.179.4686
                0x08005420       0x68 C:\Users\shvyrkoi\AppData\Local\Temp\ccinJp5v.ltrans12.ltrans.o
 .text._ZN4SPI311GetInstanceEv.local.174
                0x08005488       0x2c C:\Users\shvyrkoi\AppData\Local\Temp\ccinJp5v.ltrans12.ltrans.o
                0x08005488                SPI3::GetInstance() [clone .local.174]
 .text._ZN4SPI3C2Ev.local.176.4675
                0x080054b4       0x68 C:\Users\shvyrkoi\AppData\Local\Temp\ccinJp5v.ltrans12.ltrans.o
 .text._ZN5TIMERD2Ev.local.239
                0x0800551c       0x28 C:\Users\shvyrkoi\AppData\Local\Temp\ccinJp5v.ltrans12.ltrans.o
                0x0800551c                TIMER::~TIMER() [clone .local.239]
                0x0800551c                TIMER::~TIMER() [clone .local.238]
 .text._ZN5TIMERD0Ev.local.226
                0x08005544       0x20 C:\Users\shvyrkoi\AppData\Local\Temp\ccinJp5v.ltrans12.ltrans.o
                0x08005544                TIMER::~TIMER() [clone .local.226]
 .text._ZN19TIMER_With_ChannelsD2Ev.local.237
                0x08005564       0x30 C:\Users\shvyrkoi\AppData\Local\Temp\ccinJp5v.ltrans12.ltrans.o
                0x08005564                TIMER_With_Channels::~TIMER_With_Channels() [clone .local.236]
                0x08005564                TIMER_With_Channels::~TIMER_With_Channels() [clone .local.237]
 .text._ZN19TIMER_With_ChannelsD0Ev.local.235
                0x08005594       0x20 C:\Users\shvyrkoi\AppData\Local\Temp\ccinJp5v.ltrans12.ltrans.o
                0x08005594                TIMER_With_Channels::~TIMER_With_Channels() [clone .local.235]
 .text._ZN20TIMER_With_SlaveModeD2Ev.local.234
                0x080055b4       0x30 C:\Users\shvyrkoi\AppData\Local\Temp\ccinJp5v.ltrans12.ltrans.o
                0x080055b4                TIMER_With_SlaveMode::~TIMER_With_SlaveMode() [clone .local.234]
                0x080055b4                TIMER_With_SlaveMode::~TIMER_With_SlaveMode() [clone .local.233]
 .text._ZN20TIMER_With_SlaveModeD0Ev.local.232
                0x080055e4       0x20 C:\Users\shvyrkoi\AppData\Local\Temp\ccinJp5v.ltrans12.ltrans.o
                0x080055e4                TIMER_With_SlaveMode::~TIMER_With_SlaveMode() [clone .local.232]
 .text._ZN13AdvancedTimerD2Ev.local.231
                0x08005604       0x30 C:\Users\shvyrkoi\AppData\Local\Temp\ccinJp5v.ltrans12.ltrans.o
                0x08005604                AdvancedTimer::~AdvancedTimer() [clone .local.230]
                0x08005604                AdvancedTimer::~AdvancedTimer() [clone .local.231]
 .text._ZN13AdvancedTimerD0Ev.local.229
                0x08005634       0x20 C:\Users\shvyrkoi\AppData\Local\Temp\ccinJp5v.ltrans12.ltrans.o
                0x08005634                AdvancedTimer::~AdvancedTimer() [clone .local.229]
 .text._ZN4TIM1C2Ev.local.173.4657
                0x08005654       0x4c C:\Users\shvyrkoi\AppData\Local\Temp\ccinJp5v.ltrans12.ltrans.o
 .text.__tcf_0.5431.4655
                0x080056a0       0x10 C:\Users\shvyrkoi\AppData\Local\Temp\ccinJp5v.ltrans12.ltrans.o
 .text._ZN4TIM111GetInstanceEv.local.171
                0x080056b0       0x34 C:\Users\shvyrkoi\AppData\Local\Temp\ccinJp5v.ltrans12.ltrans.o
                0x080056b0                TIM1::GetInstance() [clone .local.171]
 .text._ZN4TIM8C2Ev.local.170.4637
                0x080056e4       0x4c C:\Users\shvyrkoi\AppData\Local\Temp\ccinJp5v.ltrans12.ltrans.o
 .text.__tcf_1.5522.4635
                0x08005730       0x10 C:\Users\shvyrkoi\AppData\Local\Temp\ccinJp5v.ltrans12.ltrans.o
 .text._ZN4TIM811GetInstanceEv.local.168
                0x08005740       0x34 C:\Users\shvyrkoi\AppData\Local\Temp\ccinJp5v.ltrans12.ltrans.o
                0x08005740                TIM8::GetInstance() [clone .local.168]
 .text._ZN4TIM2C2Ev.local.167.4595
                0x08005774       0x8c C:\Users\shvyrkoi\AppData\Local\Temp\ccinJp5v.ltrans12.ltrans.o
 .text.__tcf_2.5450.4593
                0x08005800       0x10 C:\Users\shvyrkoi\AppData\Local\Temp\ccinJp5v.ltrans12.ltrans.o
 .text._ZN4TIM211GetInstanceEv.local.165
                0x08005810       0x34 C:\Users\shvyrkoi\AppData\Local\Temp\ccinJp5v.ltrans12.ltrans.o
                0x08005810                TIM2::GetInstance() [clone .local.165]
 .text._ZN4TIM3C2Ev.local.164.4571
                0x08005844       0x88 C:\Users\shvyrkoi\AppData\Local\Temp\ccinJp5v.ltrans12.ltrans.o
 .text.__tcf_3.5469.4569
                0x080058cc       0x10 C:\Users\shvyrkoi\AppData\Local\Temp\ccinJp5v.ltrans12.ltrans.o
 .text._ZN4TIM311GetInstanceEv.local.162
                0x080058dc       0x34 C:\Users\shvyrkoi\AppData\Local\Temp\ccinJp5v.ltrans12.ltrans.o
                0x080058dc                TIM3::GetInstance() [clone .local.162]
 .text._ZN4TIM4C2Ev.local.161.4547
                0x08005910       0x88 C:\Users\shvyrkoi\AppData\Local\Temp\ccinJp5v.ltrans12.ltrans.o
 .text.__tcf_4.5488.4545
                0x08005998       0x10 C:\Users\shvyrkoi\AppData\Local\Temp\ccinJp5v.ltrans12.ltrans.o
 .text._ZN4TIM411GetInstanceEv.local.159
                0x080059a8       0x34 C:\Users\shvyrkoi\AppData\Local\Temp\ccinJp5v.ltrans12.ltrans.o
                0x080059a8                TIM4::GetInstance() [clone .local.159]
 .text._ZN4TIM5C2Ev.local.158.4523
                0x080059dc       0x88 C:\Users\shvyrkoi\AppData\Local\Temp\ccinJp5v.ltrans12.ltrans.o
 .text.__tcf_5.5507.4521
                0x08005a64       0x10 C:\Users\shvyrkoi\AppData\Local\Temp\ccinJp5v.ltrans12.ltrans.o
 .text._ZN4TIM511GetInstanceEv.local.156
                0x08005a74       0x34 C:\Users\shvyrkoi\AppData\Local\Temp\ccinJp5v.ltrans12.ltrans.o
                0x08005a74                TIM5::GetInstance() [clone .local.156]
 .text._ZN4I2C111GetInstanceEv.local.153
                0x08005aa8       0x2c C:\Users\shvyrkoi\AppData\Local\Temp\ccinJp5v.ltrans12.ltrans.o
                0x08005aa8                I2C1::GetInstance() [clone .local.153]
 .text._ZN4I2C1C2Ev.local.155.4381
                0x08005ad4       0x7c C:\Users\shvyrkoi\AppData\Local\Temp\ccinJp5v.ltrans12.ltrans.o
 .text._ZN4I2C211GetInstanceEv.local.150
                0x08005b50       0x2c C:\Users\shvyrkoi\AppData\Local\Temp\ccinJp5v.ltrans12.ltrans.o
                0x08005b50                I2C2::GetInstance() [clone .local.150]
 .text._ZN4I2C2C2Ev.local.152.4328
                0x08005b7c       0x7c C:\Users\shvyrkoi\AppData\Local\Temp\ccinJp5v.ltrans12.ltrans.o
 .text._ZN6USART111GetInstanceEv.local.147
                0x08005bf8       0x2c C:\Users\shvyrkoi\AppData\Local\Temp\ccinJp5v.ltrans12.ltrans.o
                0x08005bf8                USART1::GetInstance() [clone .local.147]
 .text._ZN6USART1C2Ev.local.149.4317
                0x08005c24       0x60 C:\Users\shvyrkoi\AppData\Local\Temp\ccinJp5v.ltrans12.ltrans.o
 .text._ZN6USART211GetInstanceEv.local.144
                0x08005c84       0x2c C:\Users\shvyrkoi\AppData\Local\Temp\ccinJp5v.ltrans12.ltrans.o
                0x08005c84                USART2::GetInstance() [clone .local.144]
 .text._ZN6USART2C2Ev.local.146.4306
                0x08005cb0       0x64 C:\Users\shvyrkoi\AppData\Local\Temp\ccinJp5v.ltrans12.ltrans.o
 .text._ZN6USART311GetInstanceEv.local.141
                0x08005d14       0x2c C:\Users\shvyrkoi\AppData\Local\Temp\ccinJp5v.ltrans12.ltrans.o
                0x08005d14                USART3::GetInstance() [clone .local.141]
 .text._ZN6USART3C2Ev.local.143.4295
                0x08005d40       0x64 C:\Users\shvyrkoi\AppData\Local\Temp\ccinJp5v.ltrans12.ltrans.o
 .text._ZN6USART611GetInstanceEv.local.138
                0x08005da4       0x2c C:\Users\shvyrkoi\AppData\Local\Temp\ccinJp5v.ltrans12.ltrans.o
                0x08005da4                USART6::GetInstance() [clone .local.138]
 .text._ZN6USART6C2Ev.local.140.4244
                0x08005dd0       0x60 C:\Users\shvyrkoi\AppData\Local\Temp\ccinJp5v.ltrans12.ltrans.o
 .text._ZN11GPIO_Helper9SetupSPIxEbbb13SPI_BAUD_RATEP9GPIO_PORT10GPIO_PIN_NS3_S3_P3SPI7GPIO_AF.4178
                0x08005e30       0xd8 C:\Users\shvyrkoi\AppData\Local\Temp\ccinJp5v.ltrans12.ltrans.o
 .text._ZN11GPIO_Helper8SetupSPIE8SPI_Pinsbbb13SPI_BAUD_RATE.4013
                0x08005f08      0x128 C:\Users\shvyrkoi\AppData\Local\Temp\ccinJp5v.ltrans12.ltrans.o
 .text._ZN12Adafruit_GFX5writeEh
                0x08006030      0x200 C:\Users\shvyrkoi\AppData\Local\Temp\ccinJp5v.ltrans13.ltrans.o
                0x08006030                Adafruit_GFX::write(unsigned char)
 .text._ZN12Adafruit_GFX5writeEPKc
                0x08006230       0x60 C:\Users\shvyrkoi\AppData\Local\Temp\ccinJp5v.ltrans13.ltrans.o
                0x08006230                Adafruit_GFX::write(char const*)
 .text._ZN12Adafruit_GFX9setCursorEss
                0x08006290       0x28 C:\Users\shvyrkoi\AppData\Local\Temp\ccinJp5v.ltrans13.ltrans.o
                0x08006290                Adafruit_GFX::setCursor(short, short)
 .text._ZN12Adafruit_GFX11setTextSizeEh
                0x080062b8       0x28 C:\Users\shvyrkoi\AppData\Local\Temp\ccinJp5v.ltrans13.ltrans.o
                0x080062b8                Adafruit_GFX::setTextSize(unsigned char)
 .text._ZN12Adafruit_GFX12setTextColorEtt
                0x080062e0       0x28 C:\Users\shvyrkoi\AppData\Local\Temp\ccinJp5v.ltrans13.ltrans.o
                0x080062e0                Adafruit_GFX::setTextColor(unsigned short, unsigned short)
 .text._ZN12Adafruit_GFX11setRotationEh
                0x08006308       0x64 C:\Users\shvyrkoi\AppData\Local\Temp\ccinJp5v.ltrans13.ltrans.o
                0x08006308                Adafruit_GFX::setRotation(unsigned char)
 .text._ZN12Adafruit_GFX7setFontEPK7GFXfont
                0x0800636c       0x54 C:\Users\shvyrkoi\AppData\Local\Temp\ccinJp5v.ltrans13.ltrans.o
                0x0800636c                Adafruit_GFX::setFont(GFXfont const*)
 .text._ZN12Adafruit_GFX13invertDisplayEb
                0x080063c0       0x18 C:\Users\shvyrkoi\AppData\Local\Temp\ccinJp5v.ltrans13.ltrans.o
                0x080063c0                Adafruit_GFX::invertDisplay(bool)
 .text._ZN3SPI9GetDRAddrEv.local.241.4384
                0x080063d8       0x18 C:\Users\shvyrkoi\AppData\Local\Temp\ccinJp5v.ltrans13.ltrans.o
 .text._ZN3SPI9GetSRAddrEv.local.240.4381
                0x080063f0       0x18 C:\Users\shvyrkoi\AppData\Local\Temp\ccinJp5v.ltrans13.ltrans.o
 .text._ZN16Adafruit_ILI9341C2EP3SPIP8GPIO_PINS3_S3_.4367
                0x08006408       0x70 C:\Users\shvyrkoi\AppData\Local\Temp\ccinJp5v.ltrans13.ltrans.o
                0x08006408                Adafruit_ILI9341::Adafruit_ILI9341(SPI*, GPIO_PIN*, GPIO_PIN*, GPIO_PIN*)
 .text._ZN16Adafruit_ILI934112writecommandEh
                0x08006478       0x40 C:\Users\shvyrkoi\AppData\Local\Temp\ccinJp5v.ltrans13.ltrans.o
                0x08006478                Adafruit_ILI9341::writecommand(unsigned char)
 .text._ZN16Adafruit_ILI93419writedataEh
                0x080064b8       0x40 C:\Users\shvyrkoi\AppData\Local\Temp\ccinJp5v.ltrans13.ltrans.o
                0x080064b8                Adafruit_ILI9341::writedata(unsigned char)
 .text._ZN16Adafruit_ILI93414initEv.4353
                0x080064f8      0x310 C:\Users\shvyrkoi\AppData\Local\Temp\ccinJp5v.ltrans13.ltrans.o
 .text._ZN16Adafruit_ILI934113setAddrWindowEtttt
                0x08006808       0x94 C:\Users\shvyrkoi\AppData\Local\Temp\ccinJp5v.ltrans13.ltrans.o
                0x08006808                Adafruit_ILI9341::setAddrWindow(unsigned short, unsigned short, unsigned short, unsigned short)
 .text._ZN16Adafruit_ILI93419pushColorEt.4342
                0x0800689c       0x74 C:\Users\shvyrkoi\AppData\Local\Temp\ccinJp5v.ltrans13.ltrans.o
 .text._ZN16Adafruit_ILI93419drawPixelEsst
                0x08006910       0x64 C:\Users\shvyrkoi\AppData\Local\Temp\ccinJp5v.ltrans13.ltrans.o
                0x08006910                Adafruit_ILI9341::drawPixel(short, short, unsigned short)
 .text._ZN12Adafruit_GFXC2Ess
                0x08006974       0x80 C:\Users\shvyrkoi\AppData\Local\Temp\ccinJp5v.ltrans14.ltrans.o
                0x08006974                Adafruit_GFX::Adafruit_GFX(short, short)
 .text._ZN12Adafruit_GFX9writeLineEsssst
                0x080069f4      0x13c C:\Users\shvyrkoi\AppData\Local\Temp\ccinJp5v.ltrans14.ltrans.o
                0x080069f4                Adafruit_GFX::writeLine(short, short, short, short, unsigned short)
 .text._ZN12Adafruit_GFX10startWriteEv
                0x08006b30       0x14 C:\Users\shvyrkoi\AppData\Local\Temp\ccinJp5v.ltrans14.ltrans.o
                0x08006b30                Adafruit_GFX::startWrite()
 .text._ZN12Adafruit_GFX10writePixelEsst
                0x08006b44       0x28 C:\Users\shvyrkoi\AppData\Local\Temp\ccinJp5v.ltrans14.ltrans.o
                0x08006b44                Adafruit_GFX::writePixel(short, short, unsigned short)
 .text._ZN12Adafruit_GFX14writeFastVLineEssst
                0x08006b6c       0x30 C:\Users\shvyrkoi\AppData\Local\Temp\ccinJp5v.ltrans14.ltrans.o
                0x08006b6c                Adafruit_GFX::writeFastVLine(short, short, short, unsigned short)
 .text._ZN12Adafruit_GFX14writeFastHLineEssst
                0x08006b9c       0x30 C:\Users\shvyrkoi\AppData\Local\Temp\ccinJp5v.ltrans14.ltrans.o
                0x08006b9c                Adafruit_GFX::writeFastHLine(short, short, short, unsigned short)
 .text._ZN12Adafruit_GFX13writeFillRectEsssst
                0x08006bcc       0x38 C:\Users\shvyrkoi\AppData\Local\Temp\ccinJp5v.ltrans14.ltrans.o
                0x08006bcc                Adafruit_GFX::writeFillRect(short, short, short, short, unsigned short)
 .text._ZN12Adafruit_GFX8endWriteEv
                0x08006c04       0x14 C:\Users\shvyrkoi\AppData\Local\Temp\ccinJp5v.ltrans14.ltrans.o
                0x08006c04                Adafruit_GFX::endWrite()
 .text._ZN12Adafruit_GFX13drawFastVLineEssst
                0x08006c18       0x5c C:\Users\shvyrkoi\AppData\Local\Temp\ccinJp5v.ltrans14.ltrans.o
                0x08006c18                Adafruit_GFX::drawFastVLine(short, short, short, unsigned short)
 .text._ZN12Adafruit_GFX13drawFastHLineEssst
                0x08006c74       0x5c C:\Users\shvyrkoi\AppData\Local\Temp\ccinJp5v.ltrans14.ltrans.o
                0x08006c74                Adafruit_GFX::drawFastHLine(short, short, short, unsigned short)
 .text._ZN12Adafruit_GFX8fillRectEsssst
                0x08006cd0       0x68 C:\Users\shvyrkoi\AppData\Local\Temp\ccinJp5v.ltrans14.ltrans.o
                0x08006cd0                Adafruit_GFX::fillRect(short, short, short, short, unsigned short)
 .text._ZN12Adafruit_GFX10fillScreenEt
                0x08006d38       0x34 C:\Users\shvyrkoi\AppData\Local\Temp\ccinJp5v.ltrans14.ltrans.o
                0x08006d38                Adafruit_GFX::fillScreen(unsigned short)
 .text._ZN12Adafruit_GFX8drawLineEsssst
                0x08006d6c       0xec C:\Users\shvyrkoi\AppData\Local\Temp\ccinJp5v.ltrans14.ltrans.o
                0x08006d6c                Adafruit_GFX::drawLine(short, short, short, short, unsigned short)
 .text._ZN12Adafruit_GFX8drawRectEsssst
                0x08006e58       0xb4 C:\Users\shvyrkoi\AppData\Local\Temp\ccinJp5v.ltrans14.ltrans.o
                0x08006e58                Adafruit_GFX::drawRect(short, short, short, short, unsigned short)
 .text._ZN12Adafruit_GFX8drawCharEsshtth
                0x08006f0c      0x484 C:\Users\shvyrkoi\AppData\Local\Temp\ccinJp5v.ltrans14.ltrans.o
                0x08006f0c                Adafruit_GFX::drawChar(short, short, unsigned char, unsigned short, unsigned short, unsigned char)
 .text._ZdlPv   0x08007390        0x8 c:/program files (x86)/gnu tools arm embedded/4.8 2014q2/bin/../lib/gcc/arm-none-eabi/4.8.4/../../../../arm-none-eabi/lib/armv7e-m\libstdc++.a(del_op.o)
                0x08007390                operator delete(void*)
 .text.abs      0x08007398        0x8 c:/program files (x86)/gnu tools arm embedded/4.8 2014q2/bin/../lib/gcc/arm-none-eabi/4.8.4/../../../../arm-none-eabi/lib/armv7e-m\libg.a(lib_a-abs.o)
                0x08007398                abs
 .text.atexit   0x080073a0        0xc c:/program files (x86)/gnu tools arm embedded/4.8 2014q2/bin/../lib/gcc/arm-none-eabi/4.8.4/../../../../arm-none-eabi/lib/armv7e-m\libg.a(lib_a-atexit.o)
                0x080073a0                atexit
 .text.atoi     0x080073ac        0x8 c:/program files (x86)/gnu tools arm embedded/4.8 2014q2/bin/../lib/gcc/arm-none-eabi/4.8.4/../../../../arm-none-eabi/lib/armv7e-m\libg.a(lib_a-atoi.o)
                0x080073ac                atoi
 .text.__libc_init_array
                0x080073b4       0x50 c:/program files (x86)/gnu tools arm embedded/4.8 2014q2/bin/../lib/gcc/arm-none-eabi/4.8.4/../../../../arm-none-eabi/lib/armv7e-m\libg.a(lib_a-init.o)
                0x080073b4                __libc_init_array
 .text.malloc   0x08007404       0x10 c:/program files (x86)/gnu tools arm embedded/4.8 2014q2/bin/../lib/gcc/arm-none-eabi/4.8.4/../../../../arm-none-eabi/lib/armv7e-m\libg.a(lib_a-malloc.o)
                0x08007404                malloc
 .text.free     0x08007414       0x10 c:/program files (x86)/gnu tools arm embedded/4.8 2014q2/bin/../lib/gcc/arm-none-eabi/4.8.4/../../../../arm-none-eabi/lib/armv7e-m\libg.a(lib_a-malloc.o)
                0x08007414                free
 .text._malloc_r
                0x08007424      0x538 c:/program files (x86)/gnu tools arm embedded/4.8 2014q2/bin/../lib/gcc/arm-none-eabi/4.8.4/../../../../arm-none-eabi/lib/armv7e-m\libg.a(lib_a-mallocr.o)
                0x08007424                _malloc_r
 .text.__malloc_lock
                0x0800795c        0x4 c:/program files (x86)/gnu tools arm embedded/4.8 2014q2/bin/../lib/gcc/arm-none-eabi/4.8.4/../../../../arm-none-eabi/lib/armv7e-m\libg.a(lib_a-mlock.o)
                0x0800795c                __malloc_lock
 .text.__malloc_unlock
                0x08007960        0x4 c:/program files (x86)/gnu tools arm embedded/4.8 2014q2/bin/../lib/gcc/arm-none-eabi/4.8.4/../../../../arm-none-eabi/lib/armv7e-m\libg.a(lib_a-mlock.o)
                0x08007960                __malloc_unlock
 .text._sbrk_r  0x08007964       0x24 c:/program files (x86)/gnu tools arm embedded/4.8 2014q2/bin/../lib/gcc/arm-none-eabi/4.8.4/../../../../arm-none-eabi/lib/armv7e-m\libg.a(lib_a-sbrkr.o)
                0x08007964                _sbrk_r
 .text.strlen   0x08007988       0x60 c:/program files (x86)/gnu tools arm embedded/4.8 2014q2/bin/../lib/gcc/arm-none-eabi/4.8.4/../../../../arm-none-eabi/lib/armv7e-m\libg.a(lib_a-strlen.o)
                0x08007988                strlen
 .text._strtol_r
                0x080079e8      0x114 c:/program files (x86)/gnu tools arm embedded/4.8 2014q2/bin/../lib/gcc/arm-none-eabi/4.8.4/../../../../arm-none-eabi/lib/armv7e-m\libg.a(lib_a-strtol.o)
                0x080079e8                _strtol_r
 .text.strtol   0x08007afc       0x18 c:/program files (x86)/gnu tools arm embedded/4.8 2014q2/bin/../lib/gcc/arm-none-eabi/4.8.4/../../../../arm-none-eabi/lib/armv7e-m\libg.a(lib_a-strtol.o)
                0x08007afc                strtol
 .text.__register_exitproc
                0x08007b14       0xa8 c:/program files (x86)/gnu tools arm embedded/4.8 2014q2/bin/../lib/gcc/arm-none-eabi/4.8.4/../../../../arm-none-eabi/lib/armv7e-m\libg.a(lib_a-__atexit.o)
                0x08007b14                __register_exitproc
 .text.startup.register_fini
                0x08007bbc       0x14 c:/program files (x86)/gnu tools arm embedded/4.8 2014q2/bin/../lib/gcc/arm-none-eabi/4.8.4/../../../../arm-none-eabi/lib/armv7e-m\libg.a(lib_a-__call_atexit.o)
 .text.__libc_fini_array
                0x08007bd0       0x30 c:/program files (x86)/gnu tools arm embedded/4.8 2014q2/bin/../lib/gcc/arm-none-eabi/4.8.4/../../../../arm-none-eabi/lib/armv7e-m\libg.a(lib_a-fini.o)
                0x08007bd0                __libc_fini_array
 .text._malloc_trim_r
                0x08007c00       0x9c c:/program files (x86)/gnu tools arm embedded/4.8 2014q2/bin/../lib/gcc/arm-none-eabi/4.8.4/../../../../arm-none-eabi/lib/armv7e-m\libg.a(lib_a-freer.o)
                0x08007c00                _malloc_trim_r
 .text._free_r  0x08007c9c      0x19c c:/program files (x86)/gnu tools arm embedded/4.8 2014q2/bin/../lib/gcc/arm-none-eabi/4.8.4/../../../../arm-none-eabi/lib/armv7e-m\libg.a(lib_a-freer.o)
                0x08007c9c                _free_r
 .text._sbrk    0x08007e38       0x34 c:/program files (x86)/gnu tools arm embedded/4.8 2014q2/bin/../lib/gcc/arm-none-eabi/4.8.4/../../../../arm-none-eabi/lib/armv7e-m\librdimon.a(rdimon-syscalls.o)
                0x08007e38                _sbrk
 .text.__errno  0x08007e6c        0xc c:/program files (x86)/gnu tools arm embedded/4.8 2014q2/bin/../lib/gcc/arm-none-eabi/4.8.4/../../../../arm-none-eabi/lib/armv7e-m\libc.a(lib_a-errno.o)
                0x08007e6c                __errno
 *(.glue_7)
 .glue_7        0x00000000        0x0 linker stubs
 *(.glue_7t)
 .glue_7t       0x00000000        0x0 linker stubs
 *(.eh_frame)
 .eh_frame      0x08007e78        0x0 c:/program files (x86)/gnu tools arm embedded/4.8 2014q2/bin/../lib/gcc/arm-none-eabi/4.8.4/armv7e-m/crtbegin.o
 *(.init)
 .init          0x08007e78        0x4 c:/program files (x86)/gnu tools arm embedded/4.8 2014q2/bin/../lib/gcc/arm-none-eabi/4.8.4/armv7e-m/crti.o
                0x08007e78                _init
 .init          0x08007e7c        0x8 c:/program files (x86)/gnu tools arm embedded/4.8 2014q2/bin/../lib/gcc/arm-none-eabi/4.8.4/armv7e-m/crtn.o
 *(.fini)
 .fini          0x08007e84        0x4 c:/program files (x86)/gnu tools arm embedded/4.8 2014q2/bin/../lib/gcc/arm-none-eabi/4.8.4/armv7e-m/crti.o
                0x08007e84                _fini
 .fini          0x08007e88        0x8 c:/program files (x86)/gnu tools arm embedded/4.8 2014q2/bin/../lib/gcc/arm-none-eabi/4.8.4/armv7e-m/crtn.o
                0x08007e90                . = ALIGN (0x4)
                0x08007e90                _etext = .

.vfp11_veneer   0x08007e90        0x0
 .vfp11_veneer  0x00000000        0x0 linker stubs

.v4_bx          0x08007e90        0x0
 .v4_bx         0x00000000        0x0 linker stubs

.iplt           0x08007e90        0x0
 .iplt          0x00000000        0x0 c:/program files (x86)/gnu tools arm embedded/4.8 2014q2/bin/../lib/gcc/arm-none-eabi/4.8.4/armv7e-m/crtbegin.o

.rodata         0x08007e90     0x1a54
                0x08007e90                . = ALIGN (0x4)
 *(.rodata)
 .rodata        0x08007e90       0x1c C:\Users\shvyrkoi\AppData\Local\Temp\ccinJp5v.ltrans12.ltrans.o
 *(.rodata*)
 *fill*         0x08007eac        0x4 
 .rodata._ZTV12Adafruit_GFX
                0x08007eb0       0x50 C:\Users\shvyrkoi\AppData\Local\Temp\ccinJp5v.ltrans0.ltrans.o
                0x08007eb0                vtable for Adafruit_GFX
 .rodata._ZL4font.4429
                0x08007f00      0x500 C:\Users\shvyrkoi\AppData\Local\Temp\ccinJp5v.ltrans0.ltrans.o
                0x08007f00                _ZL4font.4429
 .rodata._ZTV16Adafruit_ILI9341
                0x08008400       0x50 C:\Users\shvyrkoi\AppData\Local\Temp\ccinJp5v.ltrans0.ltrans.o
                0x08008400                vtable for Adafruit_ILI9341
 .rodata._ZL25FreeMonoBold18pt7bBitmaps.5137
                0x08008450      0xee8 C:\Users\shvyrkoi\AppData\Local\Temp\ccinJp5v.ltrans0.ltrans.o
                0x08008450                _ZL25FreeMonoBold18pt7bBitmaps.5137
 .rodata._ZL24FreeMonoBold18pt7bGlyphs.5138
                0x08009338      0x2f8 C:\Users\shvyrkoi\AppData\Local\Temp\ccinJp5v.ltrans0.ltrans.o
                0x08009338                _ZL24FreeMonoBold18pt7bGlyphs.5138
 .rodata._ZL18FreeMonoBold18pt7b.5136
                0x08009630        0xc C:\Users\shvyrkoi\AppData\Local\Temp\ccinJp5v.ltrans0.ltrans.o
                0x08009630                _ZL18FreeMonoBold18pt7b.5136
 *fill*         0x0800963c        0x4 
 .rodata._ZTV4TIM5.local.359
                0x08009640       0x18 C:\Users\shvyrkoi\AppData\Local\Temp\ccinJp5v.ltrans0.ltrans.o
                0x08009640                vtable for TIM5 [clone .local.359]
 .rodata._ZTV4TIM4.local.361
                0x08009658       0x18 C:\Users\shvyrkoi\AppData\Local\Temp\ccinJp5v.ltrans0.ltrans.o
                0x08009658                vtable for TIM4 [clone .local.361]
 .rodata._ZTV4TIM3.local.363
                0x08009670       0x18 C:\Users\shvyrkoi\AppData\Local\Temp\ccinJp5v.ltrans0.ltrans.o
                0x08009670                vtable for TIM3 [clone .local.363]
 .rodata._ZTV4TIM2.local.365
                0x08009688       0x18 C:\Users\shvyrkoi\AppData\Local\Temp\ccinJp5v.ltrans0.ltrans.o
                0x08009688                vtable for TIM2 [clone .local.365]
 .rodata._ZTV4TIM8.local.357
                0x080096a0       0x18 C:\Users\shvyrkoi\AppData\Local\Temp\ccinJp5v.ltrans0.ltrans.o
                0x080096a0                vtable for TIM8 [clone .local.357]
 .rodata._ZTV4TIM1.local.367
                0x080096b8       0x18 C:\Users\shvyrkoi\AppData\Local\Temp\ccinJp5v.ltrans0.ltrans.o
                0x080096b8                vtable for TIM1 [clone .local.367]
 .rodata._ZTV13AdvancedTimer.local.368
                0x080096d0       0x18 C:\Users\shvyrkoi\AppData\Local\Temp\ccinJp5v.ltrans0.ltrans.o
                0x080096d0                vtable for AdvancedTimer [clone .local.368]
 .rodata._ZTV5TIM14.local.253
                0x080096e8       0x18 C:\Users\shvyrkoi\AppData\Local\Temp\ccinJp5v.ltrans0.ltrans.o
                0x080096e8                vtable for TIM14 [clone .local.253]
 .rodata._ZTV5TIM13.local.255
                0x08009700       0x18 C:\Users\shvyrkoi\AppData\Local\Temp\ccinJp5v.ltrans0.ltrans.o
                0x08009700                vtable for TIM13 [clone .local.255]
 .rodata._ZTV5TIM12.local.257
                0x08009718       0x18 C:\Users\shvyrkoi\AppData\Local\Temp\ccinJp5v.ltrans0.ltrans.o
                0x08009718                vtable for TIM12 [clone .local.257]
 .rodata._ZTV5TIM11.local.261
                0x08009730       0x18 C:\Users\shvyrkoi\AppData\Local\Temp\ccinJp5v.ltrans0.ltrans.o
                0x08009730                vtable for TIM11 [clone .local.261]
 .rodata._ZTV5TIM10.local.263
                0x08009748       0x18 C:\Users\shvyrkoi\AppData\Local\Temp\ccinJp5v.ltrans0.ltrans.o
                0x08009748                vtable for TIM10 [clone .local.263]
 .rodata._ZTV4TIM9.local.265
                0x08009760       0x18 C:\Users\shvyrkoi\AppData\Local\Temp\ccinJp5v.ltrans0.ltrans.o
                0x08009760                vtable for TIM9 [clone .local.265]
 .rodata._ZTV4TIM6.local.259
                0x08009778       0x18 C:\Users\shvyrkoi\AppData\Local\Temp\ccinJp5v.ltrans0.ltrans.o
                0x08009778                vtable for TIM6 [clone .local.259]
 .rodata._ZTV20TIMER_With_SlaveMode
                0x08009790       0x18 C:\Users\shvyrkoi\AppData\Local\Temp\ccinJp5v.ltrans0.ltrans.o
                0x08009790                vtable for TIMER_With_SlaveMode
 .rodata._ZTV19TIMER_With_Channels
                0x080097a8       0x18 C:\Users\shvyrkoi\AppData\Local\Temp\ccinJp5v.ltrans0.ltrans.o
                0x080097a8                vtable for TIMER_With_Channels
 .rodata._ZTV5TIMER
                0x080097c0       0x18 C:\Users\shvyrkoi\AppData\Local\Temp\ccinJp5v.ltrans0.ltrans.o
                0x080097c0                vtable for TIMER
 .rodata.str1.4
                0x080097d8        0x4 c:/program files (x86)/gnu tools arm embedded/4.8 2014q2/bin/../lib/gcc/arm-none-eabi/4.8.4/../../../../arm-none-eabi/lib/armv7e-m\libg.a(lib_a-impure.o)
 .rodata._global_impure_ptr
                0x080097dc        0x4 c:/program files (x86)/gnu tools arm embedded/4.8 2014q2/bin/../lib/gcc/arm-none-eabi/4.8.4/../../../../arm-none-eabi/lib/armv7e-m\libg.a(lib_a-impure.o)
                0x080097dc                _global_impure_ptr
 .rodata._ctype_
                0x080097e0      0x104 c:/program files (x86)/gnu tools arm embedded/4.8 2014q2/bin/../lib/gcc/arm-none-eabi/4.8.4/../../../../arm-none-eabi/lib/armv7e-m\libg.a(lib_a-ctype_.o)
                0x080097e0                _ctype_
                0x080098e4                . = ALIGN (0x4)

.ARM.extab
 *(.ARM.extab* .gnu.linkonce.armextab.*)

.ARM            0x080098e4        0x8
                0x080098e4                __exidx_start = .
 *(.ARM.exidx*)
 .ARM.exidx     0x080098e4        0x8 c:/program files (x86)/gnu tools arm embedded/4.8 2014q2/bin/../lib/gcc/arm-none-eabi/4.8.4/armv7e-m\libgcc.a(_divdi3.o)
 .ARM.exidx     0x080098ec        0x0 c:/program files (x86)/gnu tools arm embedded/4.8 2014q2/bin/../lib/gcc/arm-none-eabi/4.8.4/armv7e-m\libgcc.a(_udivdi3.o)
                                  0x8 (size before relaxing)
 .ARM.exidx.text._ZdlPv
                0x080098ec        0x0 c:/program files (x86)/gnu tools arm embedded/4.8 2014q2/bin/../lib/gcc/arm-none-eabi/4.8.4/../../../../arm-none-eabi/lib/armv7e-m\libstdc++.a(del_op.o)
                                  0x8 (size before relaxing)
                0x080098ec                __exidx_end = .

.rel.dyn        0x080098ec        0x0
 .rel.iplt      0x00000000        0x0 c:/program files (x86)/gnu tools arm embedded/4.8 2014q2/bin/../lib/gcc/arm-none-eabi/4.8.4/armv7e-m/crtbegin.o

.preinit_array  0x080098ec        0x0
                0x080098ec                PROVIDE (__preinit_array_start, .)
 *(.preinit_array*)